02-21 16:16:16.391 27232 31591 I MyceliumEvent: id=6730e454 relay=ΓÇªwss://relay.damus.io len=26 e=2 p=2 t=0 imeta=0 emoji=0 urls=0 img=0 vid=0 gif=false md=false
02-21 16:16:16.391 27232 31591 I MyceliumEvent: id=4d0cb23f relay=ΓÇªwss://relay.damus.io len=21 e=2 p=1 t=0 imeta=0 emoji=0 urls=0 img=0 vid=0 gif=false md=false
02-21 16:16:16.392 27232 31591 I MyceliumEvent: id=5b347555 relay=ΓÇªwss://relay.damus.io len=76 e=1 p=1 t=0 imeta=0 emoji=0 urls=0 img=0 vid=0 gif=false md=false
02-21 16:16:16.392 27232 31591 I MyceliumEvent: id=4aa60cbd relay=ΓÇªwss://relay.damus.io len=94 e=0 p=0 t=0 imeta=1 emoji=0 urls=1 img=1 vid=0 gif=false md=false
02-21 16:16:16.393 27232 31591 I MyceliumEvent: id=f05fd163 relay=ΓÇªwss://relay.damus.io len=23 e=3 p=3 t=0 imeta=0 emoji=0 urls=0 img=0 vid=0 gif=false md=false
02-21 16:16:16.393 27232 31591 I MyceliumEvent: id=240beca0 relay=ΓÇªwss://relay.damus.io len=194 e=2 p=2 t=0 imeta=0 emoji=0 urls=0 img=0 vid=0 gif=false md=false
02-21 16:16:16.394 27232 31591 I MyceliumEvent: id=8d61cc17 relay=ΓÇªwss://relay.damus.io len=26 e=5 p=5 t=0 imeta=0 emoji=0 urls=0 img=0 vid=0 gif=false md=false
02-21 16:16:16.394 27232 31591 I MyceliumEvent: id=c1419f72 relay=ΓÇªwss://relay.damus.io len=19 e=3 p=2 t=0 imeta=0 emoji=0 urls=0 img=0 vid=0 gif=false md=false
02-21 16:16:16.394 27232 31591 I MyceliumEvent: id=1810c8af relay=ΓÇªwss://relay.damus.io len=3 e=2 p=2 t=0 imeta=0 emoji=0 urls=0 img=0 vid=0 gif=false md=false
02-21 16:16:16.395 27232 31591 I MyceliumEvent: id=bf06be1a relay=ΓÇªwss://relay.damus.io len=23 e=1 p=1 t=0 imeta=0 emoji=0 urls=0 img=0 vid=0 gif=false md=false
02-21 16:16:16.395 27232 31591 I MyceliumEvent: id=b9f7e930 relay=ΓÇªwss://relay.damus.io len=89 e=0 p=0 t=0 imeta=0 emoji=0 urls=0 img=0 vid=0 gif=false md=false
02-21 16:16:16.395 27232 31591 I MyceliumEvent: id=b14e86c7 relay=ΓÇªwss://relay.damus.io len=12 e=0 p=0 t=0 imeta=0 emoji=0 urls=0 img=0 vid=0 gif=false md=false
02-21 16:16:16.396 27232 31591 I MyceliumEvent: id=a2a3c27b relay=ΓÇªwss://relay.damus.io len=115 e=1 p=1 t=0 imeta=0 emoji=0 urls=0 img=0 vid=0 gif=false md=false
02-21 16:16:16.396 27232 31591 I MyceliumEvent: id=e07b2569 relay=ΓÇªwss://relay.damus.io len=388 e=1 p=1 t=0 imeta=0 emoji=0 urls=0 img=0 vid=0 gif=false md=false
02-21 16:16:16.396 27232 31591 D NotesRepository: Event sample: id=e07b2569 relay=ΓÇªwss://relay.damus.io len=388 e=1 p=1 t=0 imeta=0 emoji=0 urls=0 img=0 vid=0 gif=false md=false
02-21 16:16:16.397 27232 31591 I MyceliumEvent: id=08554831 relay=ΓÇªwss://relay.damus.io len=228 e=0 p=1 t=0 imeta=0 emoji=0 urls=0 img=0 vid=0 gif=false md=false
02-21 16:16:16.398 27232 31591 I MyceliumEvent: id=f990bccc relay=ΓÇªwss://relay.damus.io len=4 e=3 p=2 t=0 imeta=0 emoji=0 urls=0 img=0 vid=0 gif=false md=false
02-21 16:16:16.399 27232 31591 I MyceliumEvent: id=d8241213 relay=ΓÇªwss://relay.damus.io len=1003 e=0 p=0 t=0 imeta=0 emoji=0 urls=2 img=2 vid=0 gif=false md=false
02-21 16:16:16.399 27232 31591 I MyceliumEvent: id=3d5d5e30 relay=ΓÇªwss://relay.damus.io len=6 e=1 p=1 t=0 imeta=0 emoji=0 urls=0 img=0 vid=0 gif=false md=false
02-21 16:16:16.400 27232 31591 I MyceliumEvent: id=f0c1a332 relay=ΓÇªwss://relay.damus.io len=178 e=1 p=1 t=0 imeta=0 emoji=0 urls=1 img=1 vid=0 gif=false md=false
02-21 16:16:16.401 27232 31591 I MyceliumEvent: id=b2d28da9 relay=ΓÇªwss://relay.damus.io len=118 e=2 p=2 t=0 imeta=0 emoji=0 urls=0 img=0 vid=0 gif=false md=false
02-21 16:16:16.401 27232 31591 I MyceliumEvent: id=72a2c68f relay=ΓÇªwss://relay.damus.io len=87 e=0 p=0 t=2 imeta=0 emoji=0 urls=0 img=0 vid=0 gif=false md=false
02-21 16:16:16.402 27232 31591 I MyceliumEvent: id=ab48bb53 relay=ΓÇªwss://relay.damus.io len=209 e=0 p=0 t=0 imeta=0 emoji=0 urls=0 img=0 vid=0 gif=false md=false
02-21 16:16:16.402 27232 31591 I MyceliumEvent: id=efaf1071 relay=ΓÇªwss://relay.damus.io len=112 e=3 p=4 t=0 imeta=1 emoji=0 urls=1 img=1 vid=0 gif=false md=false
02-21 16:16:16.403 27232 31591 I MyceliumEvent: id=f76d6aab relay=ΓÇªwss://relay.damus.io len=34 e=1 p=1 t=0 imeta=0 emoji=0 urls=0 img=0 vid=0 gif=false md=false
02-21 16:16:16.403 27232 31591 I MyceliumEvent: id=61773ab8 relay=ΓÇªwss://relay.damus.io len=61 e=2 p=2 t=0 imeta=0 emoji=0 urls=0 img=0 vid=0 gif=false md=false
02-21 16:16:16.403 27232 31591 I MyceliumEvent: id=98a25980 relay=ΓÇªwss://relay.damus.io len=141 e=2 p=2 t=0 imeta=0 emoji=0 urls=0 img=0 vid=0 gif=false md=false
02-21 16:16:16.405 27232 31591 I MyceliumEvent: id=be3463ce relay=ΓÇªwss://relay.damus.io len=22 e=2 p=2 t=0 imeta=0 emoji=0 urls=0 img=0 vid=0 gif=false md=false
02-21 16:16:16.405 27232 31591 I MyceliumEvent: id=86b94502 relay=ΓÇªwss://relay.damus.io len=2 e=2 p=2 t=0 imeta=0 emoji=0 urls=0 img=0 vid=0 gif=false md=false
02-21 16:16:16.405 27232 31591 I MyceliumEvent: id=27ee77c6 relay=ΓÇªwss://relay.damus.io len=10 e=2 p=1 t=0 imeta=0 emoji=0 urls=0 img=0 vid=0 gif=false md=false
02-21 16:16:16.406 27232 31591 I MyceliumEvent: id=c1c93641 relay=ΓÇªwss://relay.damus.io len=2 e=2 p=13 t=0 imeta=0 emoji=0 urls=0 img=0 vid=0 gif=false md=false
02-21 16:16:16.406 27232 31591 I MyceliumEvent: id=9d1d0543 relay=ΓÇªwss://relay.damus.io len=23 e=1 p=1 t=0 imeta=0 emoji=0 urls=0 img=0 vid=0 gif=false md=false
02-21 16:16:16.406 27232 31591 I MyceliumEvent: id=8a169e0a relay=ΓÇªwss://relay.damus.io len=9 e=1 p=1 t=0 imeta=0 emoji=0 urls=0 img=0 vid=0 gif=false md=false
02-21 16:16:16.407 27232 31591 I MyceliumEvent: id=389f7359 relay=ΓÇªwss://relay.damus.io len=103 e=2 p=2 t=0 imeta=0 emoji=0 urls=0 img=0 vid=0 gif=false md=false
02-21 16:16:16.407 27232 31591 I MyceliumEvent: id=8adcf396 relay=ΓÇªwss://relay.damus.io len=11 e=2 p=2 t=0 imeta=0 emoji=0 urls=0 img=0 vid=0 gif=false md=false
02-21 16:16:16.407 27232 31591 D NotesRepository: Event sample: id=8adcf396 relay=ΓÇªwss://relay.damus.io len=11 e=2 p=2 t=0 imeta=0 emoji=0 urls=0 img=0 vid=0 gif=false md=false
02-21 16:16:16.407 27232 31591 I MyceliumEvent: id=4a4279cf relay=ΓÇªwss://relay.damus.io len=33 e=2 p=3 t=0 imeta=0 emoji=0 urls=0 img=0 vid=0 gif=false md=false
02-21 16:16:16.408 27232 31591 I MyceliumEvent: id=43188ead relay=ΓÇªwss://relay.damus.io len=41 e=2 p=2 t=0 imeta=0 emoji=0 urls=0 img=0 vid=0 gif=false md=false
02-21 16:16:16.408 27232 31591 I MyceliumEvent: id=796a7a50 relay=ΓÇªwss://relay.damus.io len=42 e=0 p=0 t=0 imeta=1 emoji=0 urls=1 img=1 vid=0 gif=false md=false
02-21 16:16:16.409 27232 31591 I MyceliumEvent: id=a211bd40 relay=ΓÇªwss://relay.damus.io len=220 e=0 p=0 t=0 imeta=0 emoji=0 urls=2 img=2 vid=0 gif=false md=false
02-21 16:16:16.409 27232 31591 I MyceliumEvent: id=d762efda relay=ΓÇªwss://relay.damus.io len=68 e=4 p=5 t=0 imeta=0 emoji=0 urls=0 img=0 vid=0 gif=false md=false
02-21 16:16:16.410 27232 31591 I MyceliumEvent: id=ad3eea7c relay=ΓÇªwss://relay.damus.io len=97 e=3 p=4 t=0 imeta=0 emoji=0 urls=0 img=0 vid=0 gif=false md=false
02-21 16:16:16.410 27232 31591 I MyceliumEvent: id=385d7c81 relay=ΓÇªwss://relay.damus.io len=194 e=0 p=1 t=0 imeta=1 emoji=0 urls=1 img=1 vid=0 gif=false md=false
02-21 16:16:16.411 27232 31591 I MyceliumEvent: id=4668f4d5 relay=ΓÇªwss://relay.damus.io len=34 e=3 p=3 t=0 imeta=0 emoji=0 urls=0 img=0 vid=0 gif=false md=false
02-21 16:16:16.411 27232 31591 I MyceliumEvent: id=4c633729 relay=ΓÇªwss://relay.damus.io len=103 e=2 p=2 t=0 imeta=0 emoji=0 urls=0 img=0 vid=0 gif=false md=false
02-21 16:16:16.412 27232 31591 I MyceliumEvent: id=cb392f69 relay=ΓÇªwss://relay.damus.io len=8 e=1 p=1 t=0 imeta=0 emoji=0 urls=0 img=0 vid=0 gif=false md=false
02-21 16:16:16.412 27232 31591 I MyceliumEvent: id=8aff02eb relay=ΓÇªwss://relay.damus.io len=8 e=1 p=1 t=0 imeta=0 emoji=0 urls=0 img=0 vid=0 gif=false md=false
02-21 16:16:16.413 27232 31591 I MyceliumEvent: id=fd4f6f23 relay=ΓÇªwss://relay.damus.io len=36 e=2 p=1 t=0 imeta=0 emoji=0 urls=0 img=0 vid=0 gif=false md=false
02-21 16:16:16.413 27232 31591 I MyceliumEvent: id=313f6fe1 relay=ΓÇªwss://relay.damus.io len=28 e=1 p=1 t=0 imeta=0 emoji=0 urls=1 img=0 vid=0 gif=false md=false
02-21 16:16:16.413 27232 31591 I MyceliumEvent: id=d54c5bff relay=ΓÇªwss://relay.damus.io len=120 e=2 p=2 t=0 imeta=0 emoji=0 urls=0 img=0 vid=0 gif=false md=false
02-21 16:16:16.414 27232 31591 I MyceliumEvent: id=7515c5e9 relay=ΓÇªwss://relay.damus.io len=12 e=3 p=6 t=0 imeta=0 emoji=0 urls=0 img=0 vid=0 gif=false md=false
02-21 16:16:16.414 27232 31591 I MyceliumEvent: id=8a5fd840 relay=ΓÇªwss://relay.damus.io len=146 e=3 p=5 t=0 imeta=0 emoji=0 urls=0 img=0 vid=0 gif=false md=false
02-21 16:16:16.415 27232 31591 I MyceliumEvent: id=904546d9 relay=ΓÇªwss://relay.damus.io len=9 e=1 p=1 t=0 imeta=0 emoji=0 urls=0 img=0 vid=0 gif=false md=false
02-21 16:16:16.415 27232 31591 I MyceliumEvent: id=c8619578 relay=ΓÇªwss://relay.damus.io len=9 e=2 p=1 t=0 imeta=0 emoji=0 urls=0 img=0 vid=0 gif=false md=false
02-21 16:16:16.416 27232 31591 I MyceliumEvent: id=9196dc73 relay=ΓÇªwss://relay.damus.io len=94 e=2 p=2 t=0 imeta=1 emoji=0 urls=1 img=1 vid=0 gif=false md=false
02-21 16:16:16.416 27232 31591 I MyceliumEvent: id=bffa6802 relay=ΓÇªwss://relay.damus.io len=94 e=2 p=1 t=0 imeta=1 emoji=0 urls=1 img=1 vid=0 gif=false md=false
02-21 16:16:16.416 27232 31591 D NotesRepository: Event sample: id=bffa6802 relay=ΓÇªwss://relay.damus.io len=94 e=2 p=1 t=0 imeta=1 emoji=0 urls=1 img=1 vid=0 gif=false md=false
02-21 16:16:16.417 27232 31591 I MyceliumEvent: id=4e5d3a81 relay=ΓÇªwss://relay.damus.io len=8 e=3 p=6 t=0 imeta=0 emoji=0 urls=0 img=0 vid=0 gif=false md=false
02-21 16:16:16.417 27232 31591 I MyceliumEvent: id=e1bad88a relay=ΓÇªwss://relay.damus.io len=22 e=3 p=2 t=0 imeta=0 emoji=0 urls=0 img=0 vid=0 gif=false md=false
02-21 16:16:16.418 27232 31591 I MyceliumEvent: id=3eb774ea relay=ΓÇªwss://relay.damus.io len=94 e=0 p=0 t=0 imeta=1 emoji=0 urls=1 img=1 vid=0 gif=false md=false
02-21 16:16:16.418 27232 31591 I MyceliumEvent: id=5ee64b2c relay=ΓÇªwss://relay.damus.io len=249 e=2 p=1 t=0 imeta=0 emoji=0 urls=0 img=0 vid=0 gif=false md=false
02-21 16:16:16.419 27232 31591 I MyceliumEvent: id=e26cb487 relay=ΓÇªwss://relay.damus.io len=29 e=2 p=3 t=0 imeta=0 emoji=0 urls=0 img=0 vid=0 gif=false md=false
02-21 16:16:16.419 27232 31591 I MyceliumEvent: id=ce143f5f relay=ΓÇªwss://relay.damus.io len=169 e=2 p=6 t=0 imeta=0 emoji=0 urls=0 img=0 vid=0 gif=false md=false
02-21 16:16:16.420 27232 31591 I MyceliumEvent: id=f00f7231 relay=ΓÇªwss://relay.damus.io len=53 e=1 p=1 t=0 imeta=0 emoji=0 urls=1 img=1 vid=0 gif=true md=false
02-21 16:16:16.420 27232 31591 I MyceliumEvent: id=ecfcbb7a relay=ΓÇªwss://relay.damus.io len=83 e=2 p=2 t=0 imeta=0 emoji=0 urls=0 img=0 vid=0 gif=false md=false
02-21 16:16:16.420 27232 31591 I MyceliumEvent: id=f11e7f65 relay=ΓÇªwss://relay.damus.io len=158 e=1 p=1 t=0 imeta=0 emoji=0 urls=0 img=0 vid=0 gif=false md=false
02-21 16:16:16.421 27232 31591 I MyceliumEvent: id=5eacac46 relay=ΓÇªwss://relay.damus.io len=4 e=2 p=1 t=0 imeta=0 emoji=0 urls=0 img=0 vid=0 gif=false md=false
02-21 16:16:16.421 27232 31591 I MyceliumEvent: id=7c874ebf relay=ΓÇªwss://relay.damus.io len=47 e=2 p=2 t=0 imeta=0 emoji=0 urls=0 img=0 vid=0 gif=false md=false
02-21 16:16:16.421 27232 31591 I MyceliumEvent: id=3cd2d92a relay=ΓÇªwss://relay.damus.io len=12 e=2 p=1 t=0 imeta=0 emoji=0 urls=0 img=0 vid=0 gif=false md=false
02-21 16:16:16.422 27232 31591 I MyceliumEvent: id=7826026e relay=ΓÇªwss://relay.damus.io len=33 e=2 p=1 t=0 imeta=0 emoji=0 urls=0 img=0 vid=0 gif=false md=false
02-21 16:16:16.422 27232 31591 I MyceliumEvent: id=e87c4d43 relay=ΓÇªwss://relay.damus.io len=134 e=2 p=5 t=0 imeta=1 emoji=0 urls=1 img=1 vid=0 gif=false md=false
02-21 16:16:16.423 27232 31591 I MyceliumEvent: id=875d3af3 relay=ΓÇªwss://relay.damus.io len=6 e=2 p=2 t=0 imeta=0 emoji=0 urls=0 img=0 vid=0 gif=false md=false
02-21 16:16:16.423 27232 31591 I MyceliumEvent: id=aebaadb0 relay=ΓÇªwss://relay.damus.io len=94 e=2 p=1 t=0 imeta=1 emoji=0 urls=1 img=1 vid=0 gif=false md=false
02-21 16:16:16.424 27232 31591 I MyceliumEvent: id=498d247e relay=ΓÇªwss://relay.damus.io len=163 e=1 p=1 t=0 imeta=0 emoji=0 urls=0 img=0 vid=0 gif=false md=false
02-21 16:16:16.424 27232 31591 I MyceliumEvent: id=998e62df relay=ΓÇªwss://relay.damus.io len=152 e=1 p=1 t=0 imeta=0 emoji=0 urls=0 img=0 vid=0 gif=false md=false
02-21 16:16:16.425 27232 31591 I MyceliumEvent: id=3ba9d84a relay=ΓÇªwss://relay.damus.io len=151 e=2 p=3 t=0 imeta=0 emoji=0 urls=0 img=0 vid=0 gif=false md=false
02-21 16:16:16.425 27232 31591 I MyceliumEvent: id=a29ddc94 relay=ΓÇªwss://relay.damus.io len=14 e=1 p=1 t=0 imeta=0 emoji=0 urls=0 img=0 vid=0 gif=false md=false
02-21 16:16:16.425 27232 31591 D NotesRepository: Event sample: id=a29ddc94 relay=ΓÇªwss://relay.damus.io len=14 e=1 p=1 t=0 imeta=0 emoji=0 urls=0 img=0 vid=0 gif=false md=false
02-21 16:16:16.426 27232 31591 I MyceliumEvent: id=ee8bc659 relay=ΓÇªwss://relay.damus.io len=27 e=3 p=2 t=0 imeta=0 emoji=0 urls=0 img=0 vid=0 gif=false md=false
02-21 16:16:16.426 27232 31591 I MyceliumEvent: id=77d89a03 relay=ΓÇªwss://relay.damus.io len=25 e=2 p=2 t=0 imeta=0 emoji=0 urls=0 img=0 vid=0 gif=false md=false
02-21 16:16:16.427 27232 31591 I MyceliumEvent: id=152f3eda relay=ΓÇªwss://relay.damus.io len=66 e=2 p=2 t=0 imeta=0 emoji=0 urls=1 img=1 vid=0 gif=true md=false
02-21 16:16:16.427 27232 31591 I MyceliumEvent: id=026fd924 relay=ΓÇªwss://relay.damus.io len=87 e=2 p=1 t=0 imeta=0 emoji=0 urls=0 img=0 vid=0 gif=false md=false
02-21 16:16:16.428 27232 31591 I MyceliumEvent: id=94d6c2e4 relay=ΓÇªwss://relay.damus.io len=42 e=1 p=1 t=0 imeta=0 emoji=0 urls=0 img=0 vid=0 gif=false md=false
02-21 16:16:16.428 27232 31591 I MyceliumEvent: id=16e432bb relay=ΓÇªwss://relay.damus.io len=108 e=3 p=2 t=0 imeta=0 emoji=0 urls=0 img=0 vid=0 gif=false md=false
02-21 16:16:16.428 27232 31591 I MyceliumEvent: id=ceb92087 relay=ΓÇªwss://relay.damus.io len=22 e=2 p=1 t=0 imeta=0 emoji=0 urls=0 img=0 vid=0 gif=false md=false
02-21 16:16:16.429 27232 31591 I MyceliumEvent: id=1d03da2b relay=ΓÇªwss://relay.damus.io len=30 e=2 p=1 t=0 imeta=0 emoji=0 urls=0 img=0 vid=0 gif=false md=false
02-21 16:16:16.429 27232 31591 I MyceliumEvent: id=45f9ec88 relay=ΓÇªwss://relay.damus.io len=38 e=1 p=1 t=0 imeta=0 emoji=0 urls=0 img=0 vid=0 gif=false md=false
02-21 16:16:16.429 27232 31591 I MyceliumEvent: id=6d371284 relay=ΓÇªwss://relay.damus.io len=11 e=2 p=2 t=0 imeta=0 emoji=0 urls=0 img=0 vid=0 gif=false md=false
02-21 16:16:16.430 27232 31591 I MyceliumEvent: id=6cc4c978 relay=ΓÇªwss://relay.damus.io len=146 e=2 p=2 t=0 imeta=0 emoji=0 urls=0 img=0 vid=0 gif=false md=false
02-21 16:16:16.430 27232 31591 I MyceliumEvent: id=4fb3f299 relay=ΓÇªwss://relay.damus.io len=78 e=2 p=1 t=0 imeta=0 emoji=0 urls=0 img=0 vid=0 gif=false md=false
02-21 16:16:16.431 27232 31591 I MyceliumEvent: id=6fc0cc85 relay=ΓÇªwss://relay.damus.io len=65 e=2 p=1 t=0 imeta=0 emoji=0 urls=0 img=0 vid=0 gif=false md=false
02-21 16:16:16.431 27232 31591 I MyceliumEvent: id=b5168a32 relay=ΓÇªwss://relay.damus.io len=48 e=2 p=1 t=0 imeta=0 emoji=0 urls=0 img=0 vid=0 gif=false md=false
02-21 16:16:16.431 27232 31591 I MyceliumEvent: id=d7862093 relay=ΓÇªwss://relay.damus.io len=23 e=2 p=1 t=0 imeta=0 emoji=0 urls=0 img=0 vid=0 gif=false md=false
02-21 16:16:16.432 27232 31591 I MyceliumEvent: id=dea9b6d1 relay=ΓÇªwss://relay.damus.io len=75 e=3 p=2 t=0 imeta=0 emoji=0 urls=0 img=0 vid=0 gif=false md=false
02-21 16:16:16.432 27232 31591 I MyceliumEvent: id=e4a0e55f relay=ΓÇªwss://relay.damus.io len=49 e=0 p=0 t=0 imeta=0 emoji=0 urls=0 img=0 vid=0 gif=false md=false
02-21 16:16:16.432 27232 31591 I MyceliumEvent: id=2c1a4d97 relay=ΓÇªwss://relay.damus.io len=134 e=0 p=1 t=0 imeta=0 emoji=0 urls=0 img=0 vid=0 gif=false md=false
02-21 16:16:16.432 27232 31591 I MyceliumEvent: id=2230b0ca relay=ΓÇªwss://relay.damus.io len=55 e=2 p=2 t=0 imeta=0 emoji=0 urls=0 img=0 vid=0 gif=false md=false
02-21 16:16:16.433 27232 31591 I MyceliumEvent: id=367adcc9 relay=ΓÇªwss://relay.damus.io len=61 e=2 p=1 t=0 imeta=0 emoji=0 urls=0 img=0 vid=0 gif=false md=false
02-21 16:16:16.433 27232 31591 D NotesRepository: Event sample: id=367adcc9 relay=ΓÇªwss://relay.damus.io len=61 e=2 p=1 t=0 imeta=0 emoji=0 urls=0 img=0 vid=0 gif=false md=false
02-21 16:16:16.433 27232 31591 I MyceliumEvent: id=34e2950b relay=ΓÇªwss://relay.damus.io len=43 e=2 p=1 t=0 imeta=0 emoji=0 urls=0 img=0 vid=0 gif=false md=false
02-21 16:16:16.433 27232 31591 I MyceliumEvent: id=e185c1eb relay=ΓÇªwss://relay.damus.io len=42 e=1 p=1 t=0 imeta=0 emoji=0 urls=0 img=0 vid=0 gif=false md=false
02-21 16:16:16.434 27232 31591 I MyceliumEvent: id=d8a6f6ad relay=ΓÇªwss://relay.damus.io len=93 e=1 p=1 t=0 imeta=0 emoji=0 urls=0 img=0 vid=0 gif=false md=false
02-21 16:16:16.434 27232 31591 I MyceliumEvent: id=a73b58e5 relay=ΓÇªwss://relay.damus.io len=78 e=2 p=1 t=0 imeta=0 emoji=0 urls=0 img=0 vid=0 gif=false md=false
02-21 16:16:16.435 27232 31591 I MyceliumEvent: id=b9cdb148 relay=ΓÇªwss://relay.damus.io len=86 e=3 p=2 t=0 imeta=0 emoji=0 urls=0 img=0 vid=0 gif=false md=false
02-21 16:16:16.435 27232 31591 I MyceliumEvent: id=f8d03fec relay=ΓÇªwss://relay.damus.io len=606 e=1 p=2 t=2 imeta=0 emoji=0 urls=0 img=0 vid=0 gif=false md=false
02-21 16:16:16.436 27232 31591 I MyceliumEvent: id=de20a3c3 relay=ΓÇªwss://relay.damus.io len=124 e=2 p=2 t=0 imeta=0 emoji=0 urls=0 img=0 vid=0 gif=false md=false
02-21 16:16:16.436 27232 31591 I MyceliumEvent: id=4e4e01d4 relay=ΓÇªwss://relay.damus.io len=1066 e=0 p=3 t=2 imeta=0 emoji=0 urls=0 img=0 vid=0 gif=false md=false
02-21 16:16:16.438 27232 31591 I MyceliumEvent: id=62f50068 relay=ΓÇªwss://relay.damus.io len=90 e=2 p=1 t=0 imeta=0 emoji=0 urls=0 img=0 vid=0 gif=false md=false
02-21 16:16:16.438 27232 31591 I MyceliumEvent: id=405e0ddf relay=ΓÇªwss://relay.damus.io len=24 e=3 p=3 t=0 imeta=0 emoji=0 urls=0 img=0 vid=0 gif=false md=false
02-21 16:16:16.439 27232 31591 I MyceliumEvent: id=72907074 relay=ΓÇªwss://relay.damus.io len=21 e=3 p=2 t=0 imeta=0 emoji=0 urls=0 img=0 vid=0 gif=false md=false
02-21 16:16:16.439 27232 31591 I MyceliumEvent: id=74135ed2 relay=ΓÇªwss://relay.damus.io len=29 e=3 p=2 t=0 imeta=0 emoji=0 urls=0 img=0 vid=0 gif=false md=false
02-21 16:16:16.439 27232 31591 I MyceliumEvent: id=8697514d relay=ΓÇªwss://relay.damus.io len=84 e=2 p=2 t=0 imeta=0 emoji=0 urls=0 img=0 vid=0 gif=false md=false
02-21 16:16:16.440 27232 31591 I MyceliumEvent: id=86338820 relay=ΓÇªwss://relay.damus.io len=27 e=3 p=3 t=0 imeta=0 emoji=0 urls=0 img=0 vid=0 gif=false md=false
02-21 16:16:16.440 27232 31591 I MyceliumEvent: id=a3d9d798 relay=ΓÇªwss://relay.damus.io len=134 e=0 p=0 t=0 imeta=0 emoji=0 urls=0 img=0 vid=0 gif=false md=false
02-21 16:16:16.441 27232 31591 I MyceliumEvent: id=30ee13c1 relay=ΓÇªwss://relay.damus.io len=40 e=2 p=1 t=0 imeta=0 emoji=0 urls=0 img=0 vid=0 gif=false md=false
02-21 16:16:16.441 27232 31591 I MyceliumEvent: id=80d87bf4 relay=ΓÇªwss://relay.damus.io len=41 e=1 p=1 t=0 imeta=0 emoji=0 urls=0 img=0 vid=0 gif=false md=false
02-21 16:16:16.441 27232 31591 I MyceliumEvent: id=2899a115 relay=ΓÇªwss://relay.damus.io len=94 e=1 p=1 t=0 imeta=0 emoji=0 urls=0 img=0 vid=0 gif=false md=false
02-21 16:16:16.442 27232 31591 I MyceliumEvent: id=4b95ef9c relay=ΓÇªwss://relay.damus.io len=61 e=1 p=1 t=0 imeta=0 emoji=0 urls=0 img=0 vid=0 gif=false md=false
02-21 16:16:16.442 27232 31591 I MyceliumEvent: id=b6a93ce7 relay=ΓÇªwss://relay.damus.io len=9 e=2 p=1 t=0 imeta=0 emoji=0 urls=0 img=0 vid=0 gif=false md=false
02-21 16:16:16.442 27232 31591 D NotesRepository: Event sample: id=b6a93ce7 relay=ΓÇªwss://relay.damus.io len=9 e=2 p=1 t=0 imeta=0 emoji=0 urls=0 img=0 vid=0 gif=false md=false
02-21 16:16:16.442 27232 31591 I MyceliumEvent: id=1897aeb3 relay=ΓÇªwss://relay.damus.io len=68 e=2 p=2 t=0 imeta=0 emoji=0 urls=0 img=0 vid=0 gif=false md=false
02-21 16:16:16.443 27232 31591 I MyceliumEvent: id=cf94baab relay=ΓÇªwss://relay.damus.io len=32 e=1 p=1 t=0 imeta=0 emoji=0 urls=0 img=0 vid=0 gif=false md=false
02-21 16:16:16.443 27232 31591 I MyceliumEvent: id=57afb534 relay=ΓÇªwss://relay.damus.io len=52 e=1 p=1 t=0 imeta=0 emoji=0 urls=0 img=0 vid=0 gif=false md=false
02-21 16:16:16.444 27232 31591 I MyceliumEvent: id=98cbb82e relay=ΓÇªwss://relay.damus.io len=124 e=3 p=2 t=0 imeta=0 emoji=0 urls=0 img=0 vid=0 gif=false md=false
02-21 16:16:16.444 27232 31591 I MyceliumEvent: id=06202a5f relay=ΓÇªwss://relay.damus.io len=81 e=1 p=1 t=0 imeta=0 emoji=0 urls=0 img=0 vid=0 gif=false md=false
02-21 16:16:16.445 27232 31591 I MyceliumEvent: id=8f4a8152 relay=ΓÇªwss://relay.damus.io len=71 e=3 p=2 t=0 imeta=0 emoji=0 urls=1 img=1 vid=0 gif=true md=false
02-21 16:16:16.445 27232 31591 I MyceliumEvent: id=2be63fb6 relay=ΓÇªwss://relay.damus.io len=42 e=2 p=2 t=0 imeta=0 emoji=0 urls=1 img=1 vid=0 gif=true md=false
02-21 16:16:16.446 27232 31591 I MyceliumEvent: id=5310e9d4 relay=ΓÇªwss://relay.damus.io len=44 e=3 p=3 t=0 imeta=0 emoji=0 urls=0 img=0 vid=0 gif=false md=false
02-21 16:16:16.446 27232 31591 I MyceliumEvent: id=3cedb092 relay=ΓÇªwss://relay.damus.io len=10 e=3 p=2 t=0 imeta=0 emoji=0 urls=0 img=0 vid=0 gif=false md=false
02-21 16:16:16.446 27232 31591 I MyceliumEvent: id=0e2f7af8 relay=ΓÇªwss://relay.damus.io len=38 e=2 p=1 t=0 imeta=0 emoji=0 urls=0 img=0 vid=0 gif=false md=false
02-21 16:16:16.447 27232 31591 I MyceliumEvent: id=6b092286 relay=ΓÇªwss://relay.damus.io len=32 e=1 p=1 t=0 imeta=0 emoji=0 urls=0 img=0 vid=0 gif=false md=false
02-21 16:16:16.447 27232 31591 I MyceliumEvent: id=37bcd31b relay=ΓÇªwss://relay.damus.io len=69 e=2 p=2 t=0 imeta=0 emoji=0 urls=0 img=0 vid=0 gif=false md=false
02-21 16:16:16.448 27232 31591 I MyceliumEvent: id=91880d71 relay=ΓÇªwss://relay.damus.io len=136 e=1 p=1 t=0 imeta=0 emoji=0 urls=0 img=0 vid=0 gif=false md=false
02-21 16:16:16.448 27232 31591 I MyceliumEvent: id=27b23b14 relay=ΓÇªwss://relay.damus.io len=24 e=3 p=3 t=0 imeta=0 emoji=0 urls=0 img=0 vid=0 gif=false md=false
02-21 16:16:16.448 27232 31591 I MyceliumEvent: id=17011a97 relay=ΓÇªwss://relay.damus.io len=9 e=1 p=1 t=0 imeta=0 emoji=0 urls=0 img=0 vid=0 gif=false md=false
02-21 16:16:16.449 27232 31591 I MyceliumEvent: id=67f9abce relay=ΓÇªwss://relay.damus.io len=11 e=2 p=2 t=0 imeta=0 emoji=0 urls=0 img=0 vid=0 gif=false md=false
02-21 16:16:16.449 27232 31591 I MyceliumEvent: id=25e66900 relay=ΓÇªwss://relay.damus.io len=14 e=2 p=2 t=0 imeta=0 emoji=0 urls=0 img=0 vid=0 gif=false md=false
02-21 16:16:16.449 27232 31591 I MyceliumEvent: id=9da44a66 relay=ΓÇªwss://relay.damus.io len=15 e=2 p=2 t=0 imeta=0 emoji=0 urls=0 img=0 vid=0 gif=false md=false
02-21 16:16:16.450 27232 31591 I MyceliumEvent: id=6e5c54fa relay=ΓÇªwss://relay.damus.io len=94 e=0 p=0 t=0 imeta=1 emoji=0 urls=1 img=1 vid=0 gif=false md=false
02-21 16:16:16.451 27232 31591 I MyceliumEvent: id=dabd1f87 relay=ΓÇªwss://relay.damus.io len=341 e=0 p=0 t=0 imeta=2 emoji=0 urls=2 img=2 vid=0 gif=false md=false
02-21 16:16:16.451 27232 31591 D NotesRepository: Event sample: id=dabd1f87 relay=ΓÇªwss://relay.damus.io len=341 e=0 p=0 t=0 imeta=2 emoji=0 urls=2 img=2 vid=0 gif=false md=false
02-21 16:16:16.451 27232 31591 I MyceliumEvent: id=f7ee46bb relay=ΓÇªwss://relay.damus.io len=12 e=2 p=1 t=0 imeta=0 emoji=0 urls=0 img=0 vid=0 gif=false md=false
02-21 16:16:16.452 27232 31591 I MyceliumEvent: id=6e996cb6 relay=ΓÇªwss://relay.damus.io len=2 e=2 p=1 t=0 imeta=0 emoji=0 urls=0 img=0 vid=0 gif=false md=false
02-21 16:16:16.452 27232 31591 I MyceliumEvent: id=ef390ec7 relay=ΓÇªwss://relay.damus.io len=69 e=2 p=1 t=0 imeta=0 emoji=0 urls=0 img=0 vid=0 gif=false md=false
02-21 16:16:16.452 27232 31591 I MyceliumEvent: id=a33e81e0 relay=ΓÇªwss://relay.damus.io len=76 e=0 p=0 t=0 imeta=0 emoji=0 urls=0 img=0 vid=0 gif=false md=false
02-21 16:16:16.453 27232 31591 I MyceliumEvent: id=edacf145 relay=ΓÇªwss://relay.damus.io len=72 e=2 p=2 t=0 imeta=0 emoji=0 urls=0 img=0 vid=0 gif=false md=false
02-21 16:16:16.453 27232 31591 I MyceliumEvent: id=0b704a84 relay=ΓÇªwss://relay.damus.io len=16 e=2 p=1 t=0 imeta=0 emoji=0 urls=0 img=0 vid=0 gif=false md=false
02-21 16:16:16.453 27232 31591 I MyceliumEvent: id=9abe3478 relay=ΓÇªwss://relay.damus.io len=20 e=2 p=1 t=0 imeta=0 emoji=0 urls=0 img=0 vid=0 gif=false md=false
02-21 16:16:16.454 27232 31591 I MyceliumEvent: id=26e20d72 relay=ΓÇªwss://relay.damus.io len=47 e=1 p=1 t=0 imeta=0 emoji=0 urls=0 img=0 vid=0 gif=false md=false
02-21 16:16:16.454 27232 31591 I MyceliumEvent: id=927a6602 relay=ΓÇªwss://relay.damus.io len=408 e=1 p=3 t=0 imeta=0 emoji=0 urls=0 img=0 vid=0 gif=false md=false
02-21 16:16:16.455 27232 31591 I MyceliumEvent: id=792e3710 relay=ΓÇªwss://relay.damus.io len=156 e=0 p=1 t=0 imeta=0 emoji=0 urls=0 img=0 vid=0 gif=false md=false
02-21 16:16:16.455 27232 31591 I MyceliumEvent: id=b0a3f0d7 relay=ΓÇªwss://relay.damus.io len=26 e=4 p=2 t=0 imeta=0 emoji=0 urls=0 img=0 vid=0 gif=false md=false
02-21 16:16:16.456 27232 31591 I MyceliumEvent: id=45773872 relay=ΓÇªwss://relay.damus.io len=50 e=3 p=2 t=0 imeta=0 emoji=0 urls=0 img=0 vid=0 gif=false md=false
02-21 16:16:16.456 27232 31591 I MyceliumEvent: id=76ffa41f relay=ΓÇªwss://relay.damus.io len=4 e=2 p=1 t=0 imeta=0 emoji=0 urls=0 img=0 vid=0 gif=false md=false
02-21 16:16:16.456 27232 31591 I MyceliumEvent: id=b66d5dba relay=ΓÇªwss://relay.damus.io len=198 e=2 p=4 t=1 imeta=0 emoji=0 urls=0 img=0 vid=0 gif=false md=false
02-21 16:16:16.458 27232 31591 I MyceliumEvent: id=eb22a616 relay=ΓÇªwss://relay.damus.io len=50 e=2 p=2 t=0 imeta=0 emoji=0 urls=0 img=0 vid=0 gif=false md=false
02-21 16:16:16.458 27232 31591 I MyceliumEvent: id=2773d5fe relay=ΓÇªwss://relay.damus.io len=284 e=1 p=2 t=0 imeta=0 emoji=0 urls=0 img=0 vid=0 gif=false md=false
02-21 16:16:16.458 27232 31591 I MyceliumEvent: id=ea6f6401 relay=ΓÇªwss://relay.damus.io len=18 e=2 p=1 t=0 imeta=0 emoji=0 urls=0 img=0 vid=0 gif=false md=false
02-21 16:16:16.459 27232 31591 I MyceliumEvent: id=4f93fcad relay=ΓÇªwss://relay.damus.io len=35 e=1 p=1 t=0 imeta=0 emoji=0 urls=0 img=0 vid=0 gif=false md=false
02-21 16:16:16.459 27232 31591 I MyceliumEvent: id=1fa5a2f4 relay=ΓÇªwss://relay.damus.io len=78 e=2 p=1 t=0 imeta=0 emoji=0 urls=0 img=0 vid=0 gif=false md=false
02-21 16:16:16.460 27232 31591 I MyceliumEvent: id=551a70ed relay=ΓÇªwss://relay.damus.io len=44 e=0 p=0 t=0 imeta=0 emoji=0 urls=0 img=0 vid=0 gif=false md=false
02-21 16:16:16.460 27232 31591 D NotesRepository: Event sample: id=551a70ed relay=ΓÇªwss://relay.damus.io len=44 e=0 p=0 t=0 imeta=0 emoji=0 urls=0 img=0 vid=0 gif=false md=false
02-21 16:16:16.460 27232 31591 I MyceliumEvent: id=c632b677 relay=ΓÇªwss://relay.damus.io len=58 e=0 p=0 t=0 imeta=0 emoji=0 urls=0 img=0 vid=0 gif=false md=false
02-21 16:16:16.461 27232 31591 I MyceliumEvent: id=f8bb6d5d relay=ΓÇªwss://relay.damus.io len=19 e=1 p=1 t=0 imeta=0 emoji=0 urls=0 img=0 vid=0 gif=false md=false
02-21 16:16:16.461 27232 31591 I MyceliumEvent: id=3b852824 relay=ΓÇªwss://relay.damus.io len=35 e=1 p=1 t=0 imeta=0 emoji=0 urls=0 img=0 vid=0 gif=false md=false
02-21 16:16:16.461 27232 31591 I MyceliumEvent: id=410c1b00 relay=ΓÇªwss://relay.damus.io len=28 e=1 p=1 t=0 imeta=0 emoji=0 urls=0 img=0 vid=0 gif=false md=false
02-21 16:16:16.462 27232 31591 I MyceliumEvent: id=81007c68 relay=ΓÇªwss://relay.damus.io len=182 e=1 p=1 t=0 imeta=0 emoji=0 urls=0 img=0 vid=0 gif=false md=false
02-21 16:16:16.462 27232 31591 I MyceliumEvent: id=3faa8932 relay=ΓÇªwss://relay.damus.io len=39 e=5 p=5 t=0 imeta=0 emoji=0 urls=0 img=0 vid=0 gif=false md=false
02-21 16:16:16.463 27232 31591 D NotesRepository: Flushed 500 events: 0 to feed, 1 to pending, 0 relay merges
02-21 16:16:16.475 27232 31513 D NoteCountsRepository: setNoteIdsOfInterest: 181 feed notes
02-21 16:16:16.664 27232 31524 D NotesRepository: Batch profile fetch: 49 pubkeys from 6 relays
02-21 16:16:16.894 27232 31524 D NotesRepository: Flushing repost batch: 2 notes across 5 relays (was 2 individual subs)
02-21 16:16:16.896 27232 31524 D CybinRelayClient: [wss://relay.damus.io] Queued sub=2d6m58onnm (LOW) ΓÇö 8/8 active, 26 queued
02-21 16:16:16.896 27232 31524 D CybinRelayClient: [wss://relay.og.coop] Evicted sub=51wvr8663d (BACKGROUND) to make room
02-21 16:16:16.897 27232 31524 D CybinRelayClient: [wss://nostr-relay.moe.gift] Evicted sub=51wvr8663d (BACKGROUND) to make room
02-21 16:16:16.897 27232 31524 D CybinRelayClient: [wss://ammetronics.com] Evicted sub=51wvr8663d (BACKGROUND) to make room
02-21 16:16:16.959 27232 27384 D StrictMode: StrictMode policy violation: android.os.strictmode.UntaggedSocketViolation: Untagged socket detected; use TrafficStats.setTrafficStatsTag() to track all network usage
02-21 16:16:16.959 27232 27384 D StrictMode: 	at android.os.StrictMode.onUntaggedSocket(StrictMode.java:2324)
02-21 16:16:16.959 27232 27384 D StrictMode: 	at android.os.StrictMode.noteUntaggedSocket(StrictMode.java:2808)
02-21 16:16:16.959 27232 27384 D StrictMode: 	at android.net.TrafficStats$SocketTagger.tag(TrafficStats.java:433)
02-21 16:16:16.959 27232 27384 D StrictMode: 	at libcore.io.BlockGuardOs.tagSocket(BlockGuardOs.java:55)
02-21 16:16:16.959 27232 27384 D StrictMode: 	at libcore.io.BlockGuardOs.socket(BlockGuardOs.java:404)
02-21 16:16:16.959 27232 27384 D StrictMode: 	at libcore.io.ForwardingOs.socket(ForwardingOs.java:826)
02-21 16:16:16.959 27232 27384 D StrictMode: 	at libcore.io.IoBridge.socket(IoBridge.java:840)
02-21 16:16:16.959 27232 27384 D StrictMode: 	at java.net.PlainSocketImpl.socketCreate(PlainSocketImpl.java:128)
02-21 16:16:16.959 27232 27384 D StrictMode: 	at java.net.AbstractPlainSocketImpl.create(AbstractPlainSocketImpl.java:128)
02-21 16:16:16.959 27232 27384 D StrictMode: 	at java.net.Socket.createImpl(Socket.java:514)
02-21 16:16:16.959 27232 27384 D StrictMode: 	at java.net.Socket.getImpl(Socket.java:577)
02-21 16:16:16.959 27232 27384 D StrictMode: 	at java.net.Socket.setSoTimeout(Socket.java:1203)
02-21 16:16:16.959 27232 27384 D StrictMode: 	at okhttp3.internal.connection.RealConnection.connectSocket(RealConnection.kt:293)
02-21 16:16:16.959 27232 27384 D StrictMode: 	at okhttp3.internal.connection.RealConnection.connect(RealConnection.kt:207)
02-21 16:16:16.959 27232 27384 D StrictMode: 	at okhttp3.internal.connection.ExchangeFinder.findConnection(ExchangeFinder.kt:226)
02-21 16:16:16.959 27232 27384 D StrictMode: 	at okhttp3.internal.connection.ExchangeFinder.findHealthyConnection(ExchangeFinder.kt:106)
02-21 16:16:16.959 27232 27384 D StrictMode: 	at okhttp3.internal.connection.ExchangeFinder.find(ExchangeFinder.kt:74)
02-21 16:16:16.959 27232 27384 D StrictMode: 	at okhttp3.internal.connection.RealCall.initExchange$okhttp(RealCall.kt:255)
02-21 16:16:16.959 27232 27384 D StrictMode: 	at okhttp3.internal.connection.ConnectInterceptor.intercept(ConnectInterceptor.kt:32)
02-21 16:16:16.959 27232 27384 D StrictMode: 	at okhttp3.internal.http.RealInterceptorChain.proceed(RealInterceptorChain.kt:109)
02-21 16:16:16.959 27232 27384 D StrictMode: 	at okhttp3.internal.cache.CacheInterceptor.intercept(CacheInterceptor.kt:95)
02-21 16:16:16.959 27232 27384 D StrictMode: 	at okhttp3.internal.http.RealInterceptorChain.proceed(RealInterceptorChain.kt:109)
02-21 16:16:16.959 27232 27384 D StrictMode: 	at okhttp3.internal.http.BridgeInterceptor.intercept(BridgeInterceptor.kt:83)
02-21 16:16:16.959 27232 27384 D StrictMode: 	at okhttp3.internal.http.RealInterceptorChain.proceed(RealInterceptorChain.kt:109)
02-21 16:16:16.959 27232 27384 D StrictMode: 	at okhttp3.internal.http.RetryAndFollowUpInterceptor.intercept(RetryAndFollowUpInterceptor.kt:76)
02-21 16:16:16.959 27232 27384 D StrictMode: 	at okhttp3.internal.http.RealInterceptorChain.proceed(RealInterceptorChain.kt:109)
02-21 16:16:16.959 27232 27384 D StrictMode: 	at okhttp3.internal.connection.RealCall.getResponseWithInterceptorChain$okhttp(RealCall.kt:201)
02-21 16:16:16.959 27232 27384 D StrictMode: 	at okhttp3.internal.connection.RealCall$AsyncCall.run(RealCall.kt:517)
02-21 16:16:16.959 27232 27384 D StrictMode: 	at java.util.concurrent.ThreadPoolExecutor.runWorker(ThreadPoolExecutor.java:1156)
02-21 16:16:16.959 27232 27384 D StrictMode: 	at java.util.concurrent.ThreadPoolExecutor$Worker.run(ThreadPoolExecutor.java:651)
02-21 16:16:16.959 27232 27384 D StrictMode: 	at java.lang.Thread.run(Thread.java:1119)
02-21 16:16:16.979 27232 31513 D CybinRelayClient: [wss://nostr-relay.moe.gift] CLOSED sub=51wvr8663d: Subscription cancelled
02-21 16:16:17.006 27232 31513 D CybinRelayClient: [wss://relay.og.coop] CLOSED sub=51wvr8663d: subscription closed
02-21 16:16:17.147 27232 27232 D CybinRelayClient: [wss://relay.og.coop] Activated queued sub=5l5n1fjrfp (BACKGROUND) ΓÇö 8/8 active, 14 queued
02-21 16:16:17.147 27232 27232 D CybinRelayClient: [wss://nostr-relay.moe.gift] Activated queued sub=5l5n1fjrfp (BACKGROUND) ΓÇö 8/8 active, 14 queued
02-21 16:16:17.147 27232 27232 D CybinRelayClient: [wss://ammetronics.com] Activated queued sub=5l5n1fjrfp (BACKGROUND) ΓÇö 8/8 active, 14 queued
02-21 16:16:17.148 27232 27232 D CybinRelayClient: [wss://relay.spacetomatoes.net] Activated queued sub=4xj3503o4j (BACKGROUND) ΓÇö 8/8 active, 13 queued
02-21 16:16:17.148 27232 27232 D CybinRelayClient: [wss://czas.xyz] Activated queued sub=d8imoaj5hk (BACKGROUND) ΓÇö 8/8 active, 13 queued
02-21 16:16:17.167 27232 27232 D RelayConnectionStateMachine: Subscription unchanged (1 relays), skipping
02-21 16:16:17.167 27232 27232 D NotesRepository: Re-subscribed: global
02-21 16:16:17.210 27232 31014 D CybinRelayClient: [wss://nostr-relay.moe.gift] CLOSED sub=mfesnz1apg: Subscription cancelled
02-21 16:16:17.310 27232 31014 D CybinRelayClient: [wss://relay.og.coop] CLOSED sub=mfesnz1apg: subscription closed
02-21 16:16:17.877 27232 31523 D NoteCountsRepository: Phase 2: sending kind-7 + kind-9735 enrichment
02-21 16:16:17.879 27232 31523 D NoteCountsRepository: Updating counts sub (phase=2): 181 notes across 1 relays (1 total)
02-21 16:16:17.883 27232 31523 D CybinRelayClient: [wss://relay.damus.io] Queued sub=gc2z0h1bej (NORMAL) ΓÇö 8/8 active, 25 queued
02-21 16:16:18.262 27232 31523 D NoteCountsRepository: setNoteIdsOfInterest: 0 feed notes
02-21 16:16:18.491 27232 31524 D NotesRepository: Batch profile fetch: 1 pubkeys from 6 relays
02-21 16:16:20.296 27232 31524 D TopicsRepository: ≡ƒÆ╛ Saved 4 topics to persistent cache
02-21 16:16:20.306 27232 31524 D RelayRepository: ≡ƒôí No kind 10002 event found for pubkey 50809a53...
02-21 16:16:27.520 27232 31524 D LiveActivityRepo: Live activity LIVE: "Open Music Radio" by f8c6f135 (20 total)
02-21 16:16:28.427 27232 31524 D LiveActivityRepo: Live activity LIVE: "Public Domain Classics" by 0c5971b0 (20 total)
02-21 16:16:31.901 27232 31524 D CybinRelayClient: [wss://relay.og.coop] Activated queued sub=hn2nbsumyp (BACKGROUND) ΓÇö 8/8 active, 12 queued
02-21 16:16:31.901 27232 31524 D CybinRelayClient: [wss://nostr-relay.moe.gift] Activated queued sub=hn2nbsumyp (BACKGROUND) ΓÇö 8/8 active, 12 queued
02-21 16:16:31.905 27232 31524 D CybinRelayClient: [wss://ammetronics.com] Activated queued sub=hn2nbsumyp (BACKGROUND) ΓÇö 8/8 active, 12 queued
02-21 16:16:31.906 27232 31524 D RelayConnectionStateMachine: [wss://gleasonator.dev/relay] Disconnected ΓÇö pool will auto-reconnect if subs active
02-21 16:16:31.907 27232 31524 D CybinRelayClient: [wss://gleasonator.dev/relay] No active/queued subs ΓÇö skipping reconnect
02-21 16:16:32.001 27232 31524 D CybinRelayClient: [wss://nostr-relay.moe.gift] CLOSED sub=2d6m58onnm: Subscription cancelled
02-21 16:16:32.018 27232 31013 D CybinRelayClient: [wss://relay.og.coop] CLOSED sub=2d6m58onnm: subscription closed
02-21 16:16:50.299 27232 31524 D TopicsRepository: ≡ƒÆ╛ Saved 4 topics to persistent cache
02-21 16:16:52.711 27232 31524 D LiveActivityRepo: Live activity LIVE: "Global Weather Loop" by 499d8e9d (20 total)
02-21 16:16:53.519 27232 31524 D LiveActivityRepo: Live activity LIVE: "Open Animation Classics" by 6e22c6c3 (20 total)
02-21 16:17:20.303 27232 31524 D TopicsRepository: ≡ƒÆ╛ Saved 4 topics to persistent cache
02-21 16:17:26.994 27232 31591 D NoteCountsRepository: Flushed 1 count events (1 reply count updates)
02-21 16:17:27.033 27232 31591 I MyceliumEvent: id=78533ff8 relay=ΓÇªwss://relay.damus.io len=10 e=1 p=1 t=0 imeta=0 emoji=0 urls=0 img=0 vid=0 gif=false md=false
02-21 16:17:32.061 27232 31591 D RelayConnectionStateMachine: [wss://relay.og.coop] Disconnected ΓÇö pool will auto-reconnect if subs active
02-21 16:17:32.061 27232 31591 D CybinRelayClient: [wss://relay.og.coop] Scheduling reconnect attempt 1/6 in 2000ms
02-21 16:17:32.090 27232 31013 W CybinRelayClient: [wss://ammetronics.com] Receive error: null
02-21 16:17:32.090 27232 31013 D RelayConnectionStateMachine: [wss://ammetronics.com] Disconnected ΓÇö pool will auto-reconnect if subs active
02-21 16:17:32.090 27232 31013 D CybinRelayClient: [wss://ammetronics.com] Scheduling reconnect attempt 1/6 in 2000ms
02-21 16:17:32.172 27232 31524 W CybinRelayClient: [wss://nostr-relay.moe.gift] Receive error: null
02-21 16:17:32.172 27232 31524 D RelayConnectionStateMachine: [wss://nostr-relay.moe.gift] Disconnected ΓÇö pool will auto-reconnect if subs active
02-21 16:17:32.172 27232 31524 D CybinRelayClient: [wss://nostr-relay.moe.gift] Scheduling reconnect attempt 1/6 in 2000ms
02-21 16:17:34.062 27232 31589 D CybinRelayClient: [wss://relay.og.coop] Reconnecting (attempt 1)
02-21 16:17:34.092 27232 31589 D CybinRelayClient: [wss://ammetronics.com] Reconnecting (attempt 1)
02-21 16:17:34.110 27232 31863 D StrictMode: StrictMode policy violation: android.os.strictmode.UntaggedSocketViolation: Untagged socket detected; use TrafficStats.setTrafficStatsTag() to track all network usage
02-21 16:17:34.110 27232 31863 D StrictMode: 	at android.os.StrictMode.onUntaggedSocket(StrictMode.java:2324)
02-21 16:17:34.110 27232 31863 D StrictMode: 	at android.os.StrictMode.noteUntaggedSocket(StrictMode.java:2808)
02-21 16:17:34.110 27232 31863 D StrictMode: 	at android.net.TrafficStats$SocketTagger.tag(TrafficStats.java:433)
02-21 16:17:34.110 27232 31863 D StrictMode: 	at libcore.io.BlockGuardOs.tagSocket(BlockGuardOs.java:55)
02-21 16:17:34.110 27232 31863 D StrictMode: 	at libcore.io.BlockGuardOs.socket(BlockGuardOs.java:404)
02-21 16:17:34.110 27232 31863 D StrictMode: 	at libcore.io.ForwardingOs.socket(ForwardingOs.java:826)
02-21 16:17:34.110 27232 31863 D StrictMode: 	at libcore.io.IoBridge.socket(IoBridge.java:840)
02-21 16:17:34.110 27232 31863 D StrictMode: 	at java.net.PlainSocketImpl.socketCreate(PlainSocketImpl.java:128)
02-21 16:17:34.110 27232 31863 D StrictMode: 	at java.net.AbstractPlainSocketImpl.create(AbstractPlainSocketImpl.java:128)
02-21 16:17:34.110 27232 31863 D StrictMode: 	at java.net.Socket.createImpl(Socket.java:514)
02-21 16:17:34.110 27232 31863 D StrictMode: 	at java.net.Socket.getImpl(Socket.java:577)
02-21 16:17:34.110 27232 31863 D StrictMode: 	at java.net.Socket.setSoTimeout(Socket.java:1203)
02-21 16:17:34.110 27232 31863 D StrictMode: 	at okhttp3.internal.connection.RealConnection.connectSocket(RealConnection.kt:293)
02-21 16:17:34.110 27232 31863 D StrictMode: 	at okhttp3.internal.connection.RealConnection.connect(RealConnection.kt:207)
02-21 16:17:34.110 27232 31863 D StrictMode: 	at okhttp3.internal.connection.ExchangeFinder.findConnection(ExchangeFinder.kt:226)
02-21 16:17:34.110 27232 31863 D StrictMode: 	at okhttp3.internal.connection.ExchangeFinder.findHealthyConnection(ExchangeFinder.kt:106)
02-21 16:17:34.110 27232 31863 D StrictMode: 	at okhttp3.internal.connection.ExchangeFinder.find(ExchangeFinder.kt:74)
02-21 16:17:34.110 27232 31863 D StrictMode: 	at okhttp3.internal.connection.RealCall.initExchange$okhttp(RealCall.kt:255)
02-21 16:17:34.110 27232 31863 D StrictMode: 	at okhttp3.internal.connection.ConnectInterceptor.intercept(ConnectInterceptor.kt:32)
02-21 16:17:34.110 27232 31863 D StrictMode: 	at okhttp3.internal.http.RealInterceptorChain.proceed(RealInterceptorChain.kt:109)
02-21 16:17:34.110 27232 31863 D StrictMode: 	at okhttp3.internal.cache.CacheInterceptor.intercept(CacheInterceptor.kt:95)
02-21 16:17:34.110 27232 31863 D StrictMode: 	at okhttp3.internal.http.RealInterceptorChain.proceed(RealInterceptorChain.kt:109)
02-21 16:17:34.110 27232 31863 D StrictMode: 	at okhttp3.internal.http.BridgeInterceptor.intercept(BridgeInterceptor.kt:83)
02-21 16:17:34.110 27232 31863 D StrictMode: 	at okhttp3.internal.http.RealInterceptorChain.proceed(RealInterceptorChain.kt:109)
02-21 16:17:34.110 27232 31863 D StrictMode: 	at okhttp3.internal.http.RetryAndFollowUpInterceptor.intercept(RetryAndFollowUpInterceptor.kt:76)
02-21 16:17:34.110 27232 31863 D StrictMode: 	at okhttp3.internal.http.RealInterceptorChain.proceed(RealInterceptorChain.kt:109)
02-21 16:17:34.110 27232 31863 D StrictMode: 	at okhttp3.internal.connection.RealCall.getResponseWithInterceptorChain$okhttp(RealCall.kt:201)
02-21 16:17:34.110 27232 31863 D StrictMode: 	at okhttp3.internal.connection.RealCall$AsyncCall.run(RealCall.kt:517)
02-21 16:17:34.110 27232 31863 D StrictMode: 	at java.util.concurrent.ThreadPoolExecutor.runWorker(ThreadPoolExecutor.java:1156)
02-21 16:17:34.110 27232 31863 D StrictMode: 	at java.util.concurrent.ThreadPoolExecutor$Worker.run(ThreadPoolExecutor.java:651)
02-21 16:17:34.110 27232 31863 D StrictMode: 	at java.lang.Thread.run(Thread.java:1119)
02-21 16:17:34.175 27232 30525 D CybinRelayClient: [wss://nostr-relay.moe.gift] Reconnecting (attempt 1)
02-21 16:17:34.351 27232 31780 W CybinRelayClient: [wss://ammetronics.com] Send failed: null
02-21 16:17:34.351 27232 30525 W Nip42Auth: No signer available ΓÇö cannot respond to AUTH from wss://ammetronics.com
02-21 16:17:34.531 27232 31591 W Nip42Auth: No signer available ΓÇö cannot respond to AUTH from wss://nostr-relay.moe.gift
02-21 16:17:34.531 27232 31013 W CybinRelayClient: [wss://nostr-relay.moe.gift] Send failed: null
02-21 16:17:34.558 27232 31013 W CybinRelayClient: [wss://relay.og.coop] Send failed: Channel was cancelled
02-21 16:17:50.305 27232 31591 D TopicsRepository: ≡ƒÆ╛ Saved 4 topics to persistent cache
02-21 16:18:20.307 27232 31591 D TopicsRepository: ≡ƒÆ╛ Saved 4 topics to persistent cache
02-21 16:18:24.563 27232 31591 D LiveActivityRepo: Live activity LIVE: "Space Weather Pulse" by e686a3b8 (20 total)
02-21 16:18:34.594 27232 31523 W CybinRelayClient: [wss://ammetronics.com] Receive error: null
02-21 16:18:34.595 27232 31523 D RelayConnectionStateMachine: [wss://ammetronics.com] Disconnected ΓÇö pool will auto-reconnect if subs active
02-21 16:18:34.596 27232 31523 D CybinRelayClient: [wss://ammetronics.com] Scheduling reconnect attempt 1/6 in 2000ms
02-21 16:18:34.688 27232 31589 D RelayConnectionStateMachine: [wss://relay.og.coop] Disconnected ΓÇö pool will auto-reconnect if subs active
02-21 16:18:34.688 27232 31589 D CybinRelayClient: [wss://relay.og.coop] Scheduling reconnect attempt 1/6 in 2000ms
02-21 16:18:36.597 27232 31523 D CybinRelayClient: [wss://ammetronics.com] Reconnecting (attempt 1)
02-21 16:18:36.609 27232 27268 D StrictMode: StrictMode policy violation: android.os.strictmode.UntaggedSocketViolation: Untagged socket detected; use TrafficStats.setTrafficStatsTag() to track all network usage
02-21 16:18:36.609 27232 27268 D StrictMode: 	at android.os.StrictMode.onUntaggedSocket(StrictMode.java:2324)
02-21 16:18:36.609 27232 27268 D StrictMode: 	at android.os.StrictMode.noteUntaggedSocket(StrictMode.java:2808)
02-21 16:18:36.609 27232 27268 D StrictMode: 	at android.net.TrafficStats$SocketTagger.tag(TrafficStats.java:433)
02-21 16:18:36.609 27232 27268 D StrictMode: 	at libcore.io.BlockGuardOs.tagSocket(BlockGuardOs.java:55)
02-21 16:18:36.609 27232 27268 D StrictMode: 	at libcore.io.BlockGuardOs.socket(BlockGuardOs.java:404)
02-21 16:18:36.609 27232 27268 D StrictMode: 	at libcore.io.ForwardingOs.socket(ForwardingOs.java:826)
02-21 16:18:36.609 27232 27268 D StrictMode: 	at libcore.io.IoBridge.socket(IoBridge.java:840)
02-21 16:18:36.609 27232 27268 D StrictMode: 	at java.net.PlainSocketImpl.socketCreate(PlainSocketImpl.java:128)
02-21 16:18:36.609 27232 27268 D StrictMode: 	at java.net.AbstractPlainSocketImpl.create(AbstractPlainSocketImpl.java:128)
02-21 16:18:36.609 27232 27268 D StrictMode: 	at java.net.Socket.createImpl(Socket.java:514)
02-21 16:18:36.609 27232 27268 D StrictMode: 	at java.net.Socket.getImpl(Socket.java:577)
02-21 16:18:36.609 27232 27268 D StrictMode: 	at java.net.Socket.setSoTimeout(Socket.java:1203)
02-21 16:18:36.609 27232 27268 D StrictMode: 	at okhttp3.internal.connection.RealConnection.connectSocket(RealConnection.kt:293)
02-21 16:18:36.609 27232 27268 D StrictMode: 	at okhttp3.internal.connection.RealConnection.connect(RealConnection.kt:207)
02-21 16:18:36.609 27232 27268 D StrictMode: 	at okhttp3.internal.connection.ExchangeFinder.findConnection(ExchangeFinder.kt:226)
02-21 16:18:36.609 27232 27268 D StrictMode: 	at okhttp3.internal.connection.ExchangeFinder.findHealthyConnection(ExchangeFinder.kt:106)
02-21 16:18:36.609 27232 27268 D StrictMode: 	at okhttp3.internal.connection.ExchangeFinder.find(ExchangeFinder.kt:74)
02-21 16:18:36.609 27232 27268 D StrictMode: 	at okhttp3.internal.connection.RealCall.initExchange$okhttp(RealCall.kt:255)
02-21 16:18:36.609 27232 27268 D StrictMode: 	at okhttp3.internal.connection.ConnectInterceptor.intercept(ConnectInterceptor.kt:32)
02-21 16:18:36.609 27232 27268 D StrictMode: 	at okhttp3.internal.http.RealInterceptorChain.proceed(RealInterceptorChain.kt:109)
02-21 16:18:36.609 27232 27268 D StrictMode: 	at okhttp3.internal.cache.CacheInterceptor.intercept(CacheInterceptor.kt:95)
02-21 16:18:36.609 27232 27268 D StrictMode: 	at okhttp3.internal.http.RealInterceptorChain.proceed(RealInterceptorChain.kt:109)
02-21 16:18:36.609 27232 27268 D StrictMode: 	at okhttp3.internal.http.BridgeInterceptor.intercept(BridgeInterceptor.kt:83)
02-21 16:18:36.609 27232 27268 D StrictMode: 	at okhttp3.internal.http.RealInterceptorChain.proceed(RealInterceptorChain.kt:109)
02-21 16:18:36.609 27232 27268 D StrictMode: 	at okhttp3.internal.http.RetryAndFollowUpInterceptor.intercept(RetryAndFollowUpInterceptor.kt:76)
02-21 16:18:36.609 27232 27268 D StrictMode: 	at okhttp3.internal.http.RealInterceptorChain.proceed(RealInterceptorChain.kt:109)
02-21 16:18:36.609 27232 27268 D StrictMode: 	at okhttp3.internal.connection.RealCall.getResponseWithInterceptorChain$okhttp(RealCall.kt:201)
02-21 16:18:36.609 27232 27268 D StrictMode: 	at okhttp3.internal.connection.RealCall$AsyncCall.run(RealCall.kt:517)
02-21 16:18:36.609 27232 27268 D StrictMode: 	at java.util.concurrent.ThreadPoolExecutor.runWorker(ThreadPoolExecutor.java:1156)
02-21 16:18:36.609 27232 27268 D StrictMode: 	at java.util.concurrent.ThreadPoolExecutor$Worker.run(ThreadPoolExecutor.java:651)
02-21 16:18:36.609 27232 27268 D StrictMode: 	at java.lang.Thread.run(Thread.java:1119)
02-21 16:18:36.689 27232 31523 D CybinRelayClient: [wss://relay.og.coop] Reconnecting (attempt 1)
02-21 16:18:36.871 27232 31523 W Nip42Auth: No signer available ΓÇö cannot respond to AUTH from wss://ammetronics.com
02-21 16:18:36.871 27232 31780 W CybinRelayClient: [wss://ammetronics.com] Send failed: null
02-21 16:18:37.141 27232 31013 W CybinRelayClient: [wss://relay.og.coop] Send failed: Channel was cancelled
02-21 16:18:37.153 27232 31015 W CybinRelayClient: [wss://nostr-relay.moe.gift] Receive error: null
02-21 16:18:37.153 27232 31015 D RelayConnectionStateMachine: [wss://nostr-relay.moe.gift] Disconnected ΓÇö pool will auto-reconnect if subs active
02-21 16:18:37.153 27232 31015 D CybinRelayClient: [wss://nostr-relay.moe.gift] Scheduling reconnect attempt 1/6 in 2000ms
02-21 16:18:39.156 27232 31523 D CybinRelayClient: [wss://nostr-relay.moe.gift] Reconnecting (attempt 1)
02-21 16:18:39.240 27232 27373 D StrictMode: StrictMode policy violation: android.os.strictmode.UntaggedSocketViolation: Untagged socket detected; use TrafficStats.setTrafficStatsTag() to track all network usage
02-21 16:18:39.240 27232 27373 D StrictMode: 	at android.os.StrictMode.onUntaggedSocket(StrictMode.java:2324)
02-21 16:18:39.240 27232 27373 D StrictMode: 	at android.os.StrictMode.noteUntaggedSocket(StrictMode.java:2808)
02-21 16:18:39.240 27232 27373 D StrictMode: 	at android.net.TrafficStats$SocketTagger.tag(TrafficStats.java:433)
02-21 16:18:39.240 27232 27373 D StrictMode: 	at libcore.io.BlockGuardOs.tagSocket(BlockGuardOs.java:55)
02-21 16:18:39.240 27232 27373 D StrictMode: 	at libcore.io.BlockGuardOs.socket(BlockGuardOs.java:404)
02-21 16:18:39.240 27232 27373 D StrictMode: 	at libcore.io.ForwardingOs.socket(ForwardingOs.java:826)
02-21 16:18:39.240 27232 27373 D StrictMode: 	at libcore.io.IoBridge.socket(IoBridge.java:840)
02-21 16:18:39.240 27232 27373 D StrictMode: 	at java.net.PlainSocketImpl.socketCreate(PlainSocketImpl.java:128)
02-21 16:18:39.240 27232 27373 D StrictMode: 	at java.net.AbstractPlainSocketImpl.create(AbstractPlainSocketImpl.java:128)
02-21 16:18:39.240 27232 27373 D StrictMode: 	at java.net.Socket.createImpl(Socket.java:514)
02-21 16:18:39.240 27232 27373 D StrictMode: 	at java.net.Socket.getImpl(Socket.java:577)
02-21 16:18:39.240 27232 27373 D StrictMode: 	at java.net.Socket.setSoTimeout(Socket.java:1203)
02-21 16:18:39.240 27232 27373 D StrictMode: 	at okhttp3.internal.connection.RealConnection.connectSocket(RealConnection.kt:293)
02-21 16:18:39.240 27232 27373 D StrictMode: 	at okhttp3.internal.connection.RealConnection.connect(RealConnection.kt:207)
02-21 16:18:39.240 27232 27373 D StrictMode: 	at okhttp3.internal.connection.ExchangeFinder.findConnection(ExchangeFinder.kt:226)
02-21 16:18:39.240 27232 27373 D StrictMode: 	at okhttp3.internal.connection.ExchangeFinder.findHealthyConnection(ExchangeFinder.kt:106)
02-21 16:18:39.240 27232 27373 D StrictMode: 	at okhttp3.internal.connection.ExchangeFinder.find(ExchangeFinder.kt:74)
