--------- beginning of main
02-21 16:15:42.446 27232 30266 D BufferPoolAccessor2.0: evictor expired: 1, evicted: 0
02-21 16:15:43.446 27232 30266 D BufferPoolAccessor2.0: bufferpool2 0xb4000072d17e0668 : 5(40960 size) total buffers - 3(24576 size) used buffers - 2/7 (recycle/alloc) - 2/3 (fetch/transfer)
02-21 16:15:43.446 27232 30266 D BufferPoolAccessor2.0: bufferpool2 0xb4000072d1799008 : 5(15667200 size) total buffers - 3(9400320 size) used buffers - 193/198 (recycle/alloc) - 5/195 (fetch/transfer)
02-21 16:15:43.446 27232 30266 D BufferPoolAccessor2.0: evictor expired: 3, evicted: 2
02-21 16:15:46.554 27232 31591 D LiveActivityRepo: Live activity LIVE: "Open Education" by 4cbf77d9 (20 total)
02-21 16:15:50.294 27232 31591 D TopicsRepository: ≡ƒÆ╛ Saved 4 topics to persistent cache
02-21 16:15:54.006 27232 27232 D ThreadView: note=aa8858e1 replyKind=1 relays=1 alreadyLoaded=false relayUrls=[wss://relay.damus.io]
02-21 16:15:54.006 27232 27232 D ThreadView: LOADING replies: note=aa8858e1 replyKind=1 via kind1RepliesVM
02-21 16:15:54.006 27232 27232 D Kind1RepliesViewModel: Loading Kind 1 replies for note aa8858e1... from 1 relays
02-21 16:15:54.006 27232 27232 D Kind1RepliesViewModel: Cleared previous thread 9b124c2f before loading new one
02-21 16:15:54.006 27232 27232 D Kind1RepliesRepository: Relay URLs set for Kind 1 replies: 1
02-21 16:15:54.006 27232 27232 D CybinRelayClient: [wss://relay.damus.io] Activated queued sub=zn9cxzv78l (NORMAL) ΓÇö 8/8 active, 20 queued
02-21 16:15:54.007 27232 27232 D Kind1RepliesRepository: Fetching Kind 1 replies for note aa8858e1... from 1 relays (CybinRelayPool)
02-21 16:15:54.007 27232 27232 D CybinRelayClient: [wss://relay.damus.io] Evicted sub=udq5aqqxbl (NORMAL) to make room
02-21 16:15:54.008 27232 27232 D CybinRelayClient: [wss://relay.damus.io] Evicted sub=zn9cxzv78l (NORMAL) to make room
02-21 16:15:54.008 27232 27232 D Kind1RepliesViewModel: TRACE [aa8858e1]: 0 replies
02-21 16:15:54.175 27232 31591 D Kind1RepliesRepository: Nested reply ffd61fc5 ΓåÆ parent=aa8858e1 root=c53f0e29
02-21 16:15:54.177 27232 31591 D Kind1RepliesRepository: Nested reply 10fda46c ΓåÆ parent=aa8858e1 root=c53f0e29
02-21 16:15:54.179 27232 31591 D Kind1RepliesRepository: Nested reply fb21fdc5 ΓåÆ parent=aa8858e1 root=c53f0e29
02-21 16:15:54.184 27232 31591 D Kind1RepliesRepository: Nested reply e99a33a7 ΓåÆ parent=aa8858e1 root=c53f0e29
02-21 16:15:54.248 27232 31513 D Kind1RepliesRepository: Flushed batch: +4 replies (4 events processed)
02-21 16:15:54.248 27232 27232 D Kind1RepliesViewModel: TRACE [aa8858e1]: 4 replies (4 direct, 0 nested), 4 root threads, depth=1
02-21 16:15:54.275 27232 31513 D NoteCountsRepository: Zap receipt f712bd07: 33 sats for note aa8858e1
02-21 16:15:54.275 27232 31513 D NoteCountsRepository: Flushed 6 count events (1 reply count updates)
02-21 16:15:54.319 27232 31699 D StrictMode: StrictMode policy violation: android.os.strictmode.UntaggedSocketViolation: Untagged socket detected; use TrafficStats.setTrafficStatsTag() to track all network usage
02-21 16:15:54.319 27232 31699 D StrictMode: 	at android.os.StrictMode.onUntaggedSocket(StrictMode.java:2324)
02-21 16:15:54.319 27232 31699 D StrictMode: 	at android.os.StrictMode.noteUntaggedSocket(StrictMode.java:2808)
02-21 16:15:54.319 27232 31699 D StrictMode: 	at android.net.TrafficStats$SocketTagger.tag(TrafficStats.java:433)
02-21 16:15:54.319 27232 31699 D StrictMode: 	at libcore.io.BlockGuardOs.tagSocket(BlockGuardOs.java:55)
02-21 16:15:54.319 27232 31699 D StrictMode: 	at libcore.io.BlockGuardOs.socket(BlockGuardOs.java:404)
02-21 16:15:54.319 27232 31699 D StrictMode: 	at libcore.io.ForwardingOs.socket(ForwardingOs.java:826)
02-21 16:15:54.319 27232 31699 D StrictMode: 	at libcore.io.IoBridge.socket(IoBridge.java:840)
02-21 16:15:54.319 27232 31699 D StrictMode: 	at java.net.PlainSocketImpl.socketCreate(PlainSocketImpl.java:128)
02-21 16:15:54.319 27232 31699 D StrictMode: 	at java.net.AbstractPlainSocketImpl.create(AbstractPlainSocketImpl.java:128)
02-21 16:15:54.319 27232 31699 D StrictMode: 	at java.net.Socket.createImpl(Socket.java:514)
02-21 16:15:54.319 27232 31699 D StrictMode: 	at java.net.Socket.getImpl(Socket.java:577)
02-21 16:15:54.319 27232 31699 D StrictMode: 	at java.net.Socket.setSoTimeout(Socket.java:1203)
02-21 16:15:54.319 27232 31699 D StrictMode: 	at okhttp3.internal.connection.RealConnection.connectSocket(RealConnection.kt:293)
02-21 16:15:54.319 27232 31699 D StrictMode: 	at okhttp3.internal.connection.RealConnection.connect(RealConnection.kt:207)
02-21 16:15:54.319 27232 31699 D StrictMode: 	at okhttp3.internal.connection.ExchangeFinder.findConnection(ExchangeFinder.kt:226)
02-21 16:15:54.319 27232 31699 D StrictMode: 	at okhttp3.internal.connection.ExchangeFinder.findHealthyConnection(ExchangeFinder.kt:106)
02-21 16:15:54.319 27232 31699 D StrictMode: 	at okhttp3.internal.connection.ExchangeFinder.find(ExchangeFinder.kt:74)
02-21 16:15:54.319 27232 31699 D StrictMode: 	at okhttp3.internal.connection.RealCall.initExchange$okhttp(RealCall.kt:255)
02-21 16:15:54.319 27232 31699 D StrictMode: 	at okhttp3.internal.connection.ConnectInterceptor.intercept(ConnectInterceptor.kt:32)
02-21 16:15:54.319 27232 31699 D StrictMode: 	at okhttp3.internal.http.RealInterceptorChain.proceed(RealInterceptorChain.kt:109)
02-21 16:15:54.319 27232 31699 D StrictMode: 	at okhttp3.internal.cache.CacheInterceptor.intercept(CacheInterceptor.kt:95)
02-21 16:15:54.319 27232 31699 D StrictMode: 	at okhttp3.internal.http.RealInterceptorChain.proceed(RealInterceptorChain.kt:109)
02-21 16:15:54.319 27232 31699 D StrictMode: 	at okhttp3.internal.http.BridgeInterceptor.intercept(BridgeInterceptor.kt:83)
02-21 16:15:54.319 27232 31699 D StrictMode: 	at okhttp3.internal.http.RealInterceptorChain.proceed(RealInterceptorChain.kt:109)
02-21 16:15:54.319 27232 31699 D StrictMode: 	at okhttp3.internal.http.RetryAndFollowUpInterceptor.intercept(RetryAndFollowUpInterceptor.kt:76)
02-21 16:15:54.319 27232 31699 D StrictMode: 	at okhttp3.internal.http.RealInterceptorChain.proceed(RealInterceptorChain.kt:109)
02-21 16:15:54.319 27232 31699 D StrictMode: 	at okhttp3.internal.connection.RealCall.getResponseWithInterceptorChain$okhttp(RealCall.kt:201)
02-21 16:15:54.319 27232 31699 D StrictMode: 	at okhttp3.internal.connection.RealCall$AsyncCall.run(RealCall.kt:517)
02-21 16:15:54.319 27232 31699 D StrictMode: 	at java.util.concurrent.ThreadPoolExecutor.runWorker(ThreadPoolExecutor.java:1156)
02-21 16:15:54.319 27232 31699 D StrictMode: 	at java.util.concurrent.ThreadPoolExecutor$Worker.run(ThreadPoolExecutor.java:651)
02-21 16:15:54.319 27232 31699 D StrictMode: 	at java.lang.Thread.run(Thread.java:1119)
02-21 16:15:54.329 27232 27239 I m.android.debug: Compiler allocated 4209KB to compile void social.mycelium.android.ui.screens.ModernThreadViewScreenKt.ReplyContentBody(social.mycelium.android.data.ThreadReply, kotlin.jvm.functions.Function1, kotlin.jvm.functions.Function1, kotlin.jvm.functions.Function2, kotlin.jvm.functions.Function2, kotlin.jvm.functions.Function0, androidx.compose.runtime.Composer, int)
02-21 16:15:54.808 27232 27232 D Kind1RepliesRepository: Replies live for note aa8858e1... (4 so far)
02-21 16:15:55.188 27232 31015 D NoteCountsRepository: Updating counts sub (phase=1): 186 notes across 1 relays (1 total)
02-21 16:15:55.189 27232 31015 D CybinRelayClient: [wss://relay.damus.io] Queued sub=28usggubmy (NORMAL) ΓÇö 8/8 active, 22 queued
02-21 16:15:55.370 27232 31780 D Kind1RepliesRepository: Deep-fetch round 0: querying 4 reply IDs across 1 relays
02-21 16:15:55.371 27232 31780 D CybinRelayClient: [wss://relay.damus.io] Queued sub=9lkpaodwpp (HIGH) ΓÇö 8/8 active, 23 queued
02-21 16:15:55.371 27232 31780 D CybinRelayClient: [wss://relay.damus.io] Queued sub=17x21n9lob (NORMAL) ΓÇö 8/8 active, 24 queued
02-21 16:15:55.791 27232 31513 D NoteCountsRepository: Phase 2: sending kind-7 + kind-9735 enrichment
02-21 16:15:55.792 27232 31513 D NoteCountsRepository: Updating counts sub (phase=2): 186 notes across 1 relays (1 total)
02-21 16:15:55.795 27232 31513 D CybinRelayClient: [wss://relay.damus.io] Queued sub=tdidhngcbj (NORMAL) ΓÇö 8/8 active, 24 queued
02-21 16:16:01.892 27232 31847 W libc    : Access denied finding property "vendor.display.enable_optimal_refresh_rate"
02-21 16:16:01.892 27232 31847 W libc    : Access denied finding property "vendor.gpp.create_frc_extension"
02-21 16:16:01.893 27232 31791 W libc    : Access denied finding property "vendor.display.enable_optimal_refresh_rate"
02-21 16:16:01.893 27232 31791 W libc    : Access denied finding property "vendor.gpp.create_frc_extension"
02-21 16:16:01.890 27232 27232 W ExoPlayer:Place: type=1400 audit(0.0:2219006): avc:  denied  { read } for  name="u:object_r:vendor_display_prop:s0" dev="tmpfs" ino=459 scontext=u:r:untrusted_app:s0:c66,c258,c512,c768 tcontext=u:object_r:vendor_display_prop:s0 tclass=file permissive=0 app=social.mycelium.android.debug
02-21 16:16:01.893 27232 31796 D SurfaceUtils: connecting to surface 0xb400007191875030, reason connectToSurface
02-21 16:16:01.890 27232 27232 W ExoPlayer:Playb: type=1400 audit(0.0:2219007): avc:  denied  { read } for  name="u:object_r:vendor_display_prop:s0" dev="tmpfs" ino=459 scontext=u:r:untrusted_app:s0:c66,c258,c512,c768 tcontext=u:object_r:vendor_display_prop:s0 tclass=file permissive=0 app=social.mycelium.android.debug
02-21 16:16:01.893 27232 31796 I MediaCodec: [c2.qti.avc.decoder] setting surface generation to 27885582
02-21 16:16:01.893 27232 31796 D SurfaceUtils: disconnecting from surface 0xb400007191875030, reason connectToSurface(reconnect)
02-21 16:16:01.893 27232 31796 D Surface : Surface::disconnect
02-21 16:16:01.893 27232 31796 D BufferQueueProducer: [SurfaceTexture-1-27232-4](id:6a6000000013,api:3,p:27232,c:27232) disconnect: api 3
02-21 16:16:01.893 27232 31796 D SurfaceUtils: connecting to surface 0xb400007191875020, reason connectToSurface(reconnect-with-listener)
02-21 16:16:01.893 27232 31796 D Codec2-OutputBufferQueue: remote graphic buffer migration 0/0
02-21 16:16:01.894 27232 31796 D Codec2Client: setOutputSurface -- failed to set consumer usage (6/BAD_INDEX)
02-21 16:16:01.894 27232 31796 D Codec2Client: setOutputSurface -- generation=27885582 consumer usage=0x900
02-21 16:16:01.894 27232 31796 D qdgralloc: Falling back to default YUV format - no camera/video specific format defined, usage 0x100
02-21 16:16:01.895 27232 31796 W BufferQueueProducer: [SurfaceView[social.mycelium.android.debug/social.mycelium.android.MainActivity](BLAST)#153739(BLAST Consumer)pid:27232](id:6a6000000012,api:3,p:27232,c:27232) detachBuffer: slot 1 is not owned by the producer (state = FREE)
02-21 16:16:01.895 27232 31796 W BufferQueueProducer: [SurfaceView[social.mycelium.android.debug/social.mycelium.android.MainActivity](BLAST)#153739(BLAST Consumer)pid:27232](id:6a6000000012,api:3,p:27232,c:27232) detachBuffer: slot 2 is not owned by the producer (state = FREE)
02-21 16:16:01.896 27232 31796 W BufferQueueProducer: [SurfaceView[social.mycelium.android.debug/social.mycelium.android.MainActivity](BLAST)#153739(BLAST Consumer)pid:27232](id:6a6000000012,api:3,p:27232,c:27232) detachBuffer: slot 5 is not owned by the producer (state = FREE)
02-21 16:16:01.896 27232 31796 W BufferQueueProducer: [SurfaceView[social.mycelium.android.debug/social.mycelium.android.MainActivity](BLAST)#153739(BLAST Consumer)pid:27232](id:6a6000000012,api:3,p:27232,c:27232) detachBuffer: slot 9 is not owned by the producer (state = ACQUIRED)
02-21 16:16:01.896 27232 31796 W BufferQueueProducer: [SurfaceView[social.mycelium.android.debug/social.mycelium.android.MainActivity](BLAST)#153739(BLAST Consumer)pid:27232](id:6a6000000012,api:3,p:27232,c:27232) detachBuffer: slot 10 is not owned by the producer (state = FREE)
02-21 16:16:01.896 27232 31796 W BufferQueueProducer: [SurfaceView[social.mycelium.android.debug/social.mycelium.android.MainActivity](BLAST)#153739(BLAST Consumer)pid:27232](id:6a6000000012,api:3,p:27232,c:27232) detachBuffer: slot 11 is not owned by the producer (state = FREE)
02-21 16:16:01.896 27232 31796 W BufferQueueProducer: [SurfaceView[social.mycelium.android.debug/social.mycelium.android.MainActivity](BLAST)#153739(BLAST Consumer)pid:27232](id:6a6000000012,api:3,p:27232,c:27232) detachBuffer: slot 12 is not owned by the producer (state = FREE)
02-21 16:16:01.897 27232 31796 W BufferQueueProducer: [SurfaceView[social.mycelium.android.debug/social.mycelium.android.MainActivity](BLAST)#153739(BLAST Consumer)pid:27232](id:6a6000000012,api:3,p:27232,c:27232) detachBuffer: slot 17 is not owned by the producer (state = FREE)
02-21 16:16:01.897 27232 31796 W BufferQueueProducer: [SurfaceView[social.mycelium.android.debug/social.mycelium.android.MainActivity](BLAST)#153739(BLAST Consumer)pid:27232](id:6a6000000012,api:3,p:27232,c:27232) detachBuffer: slot 18 is not owned by the producer (state = FREE)
02-21 16:16:01.897 27232 31796 W BufferQueueProducer: [SurfaceView[social.mycelium.android.debug/social.mycelium.android.MainActivity](BLAST)#153739(BLAST Consumer)pid:27232](id:6a6000000012,api:3,p:27232,c:27232) detachBuffer: slot 19 is not owned by the producer (state = FREE)
02-21 16:16:01.897 27232 31796 W BufferQueueProducer: [SurfaceView[social.mycelium.android.debug/social.mycelium.android.MainActivity](BLAST)#153739(BLAST Consumer)pid:27232](id:6a6000000012,api:3,p:27232,c:27232) detachBuffer: slot 20 is not owned by the producer (state = FREE)
02-21 16:16:01.897 27232 31796 W BufferQueueProducer: [SurfaceView[social.mycelium.android.debug/social.mycelium.android.MainActivity](BLAST)#153739(BLAST Consumer)pid:27232](id:6a6000000012,api:3,p:27232,c:27232) detachBuffer: slot 21 is not owned by the producer (state = FREE)
02-21 16:16:01.897 27232 31796 W BufferQueueProducer: [SurfaceView[social.mycelium.android.debug/social.mycelium.android.MainActivity](BLAST)#153739(BLAST Consumer)pid:27232](id:6a6000000012,api:3,p:27232,c:27232) detachBuffer: slot 22 is not owned by the producer (state = FREE)
02-21 16:16:01.897 27232 31796 W BufferQueueProducer: [SurfaceView[social.mycelium.android.debug/social.mycelium.android.MainActivity](BLAST)#153739(BLAST Consumer)pid:27232](id:6a6000000012,api:3,p:27232,c:27232) detachBuffer: slot 23 is not owned by the producer (state = FREE)
02-21 16:16:01.897 27232 31796 W BufferQueueProducer: [SurfaceView[social.mycelium.android.debug/social.mycelium.android.MainActivity](BLAST)#153739(BLAST Consumer)pid:27232](id:6a6000000012,api:3,p:27232,c:27232) detachBuffer: slot 24 is not owned by the producer (state = FREE)
02-21 16:16:01.897 27232 31796 W BufferQueueProducer: [SurfaceView[social.mycelium.android.debug/social.mycelium.android.MainActivity](BLAST)#153739(BLAST Consumer)pid:27232](id:6a6000000012,api:3,p:27232,c:27232) detachBuffer: slot 25 is not owned by the producer (state = FREE)
02-21 16:16:01.897 27232 31796 W BufferQueueProducer: [SurfaceView[social.mycelium.android.debug/social.mycelium.android.MainActivity](BLAST)#153739(BLAST Consumer)pid:27232](id:6a6000000012,api:3,p:27232,c:27232) detachBuffer: slot 26 is not owned by the producer (state = FREE)
02-21 16:16:01.898 27232 31796 W BufferQueueProducer: [SurfaceView[social.mycelium.android.debug/social.mycelium.android.MainActivity](BLAST)#153739(BLAST Consumer)pid:27232](id:6a6000000012,api:3,p:27232,c:27232) detachBuffer: slot 27 is not owned by the producer (state = FREE)
02-21 16:16:01.898 27232 31796 W BufferQueueProducer: [SurfaceView[social.mycelium.android.debug/social.mycelium.android.MainActivity](BLAST)#153739(BLAST Consumer)pid:27232](id:6a6000000012,api:3,p:27232,c:27232) detachBuffer: slot 28 is not owned by the producer (state = FREE)
02-21 16:16:01.898 27232 31796 W BufferQueueProducer: [SurfaceView[social.mycelium.android.debug/social.mycelium.android.MainActivity](BLAST)#153739(BLAST Consumer)pid:27232](id:6a6000000012,api:3,p:27232,c:27232) detachBuffer: slot 29 is not owned by the producer (state = FREE)
02-21 16:16:01.898 27232 31796 W BufferQueueProducer: [SurfaceView[social.mycelium.android.debug/social.mycelium.android.MainActivity](BLAST)#153739(BLAST Consumer)pid:27232](id:6a6000000012,api:3,p:27232,c:27232) detachBuffer: slot 30 is not owned by the producer (state = FREE)
02-21 16:16:01.898 27232 31796 W BufferQueueProducer: [SurfaceView[social.mycelium.android.debug/social.mycelium.android.MainActivity](BLAST)#153739(BLAST Consumer)pid:27232](id:6a6000000012,api:3,p:27232,c:27232) detachBuffer: slot 31 is not owned by the producer (state = FREE)
02-21 16:16:01.898 27232 31796 W BufferQueueProducer: [SurfaceView[social.mycelium.android.debug/social.mycelium.android.MainActivity](BLAST)#153739(BLAST Consumer)pid:27232](id:6a6000000012,api:3,p:27232,c:27232) detachBuffer: slot 32 is not owned by the producer (state = FREE)
02-21 16:16:01.898 27232 31796 W BufferQueueProducer: [SurfaceView[social.mycelium.android.debug/social.mycelium.android.MainActivity](BLAST)#153739(BLAST Consumer)pid:27232](id:6a6000000012,api:3,p:27232,c:27232) detachBuffer: slot 33 is not owned by the producer (state = FREE)
02-21 16:16:01.898 27232 31796 W BufferQueueProducer: [SurfaceView[social.mycelium.android.debug/social.mycelium.android.MainActivity](BLAST)#153739(BLAST Consumer)pid:27232](id:6a6000000012,api:3,p:27232,c:27232) detachBuffer: slot 34 is not owned by the producer (state = FREE)
02-21 16:16:01.898 27232 31796 W BufferQueueProducer: [SurfaceView[social.mycelium.android.debug/social.mycelium.android.MainActivity](BLAST)#153739(BLAST Consumer)pid:27232](id:6a6000000012,api:3,p:27232,c:27232) detachBuffer: slot 35 is not owned by the producer (state = FREE)
02-21 16:16:01.898 27232 31796 W BufferQueueProducer: [SurfaceView[social.mycelium.android.debug/social.mycelium.android.MainActivity](BLAST)#153739(BLAST Consumer)pid:27232](id:6a6000000012,api:3,p:27232,c:27232) detachBuffer: slot 36 is not owned by the producer (state = FREE)
02-21 16:16:01.898 27232 31796 W BufferQueueProducer: [SurfaceView[social.mycelium.android.debug/social.mycelium.android.MainActivity](BLAST)#153739(BLAST Consumer)pid:27232](id:6a6000000012,api:3,p:27232,c:27232) detachBuffer: slot 37 is not owned by the producer (state = FREE)
02-21 16:16:01.898 27232 31796 W BufferQueueProducer: [SurfaceView[social.mycelium.android.debug/social.mycelium.android.MainActivity](BLAST)#153739(BLAST Consumer)pid:27232](id:6a6000000012,api:3,p:27232,c:27232) detachBuffer: slot 38 is not owned by the producer (state = FREE)
02-21 16:16:01.899 27232 31796 W BufferQueueProducer: [SurfaceView[social.mycelium.android.debug/social.mycelium.android.MainActivity](BLAST)#153739(BLAST Consumer)pid:27232](id:6a6000000012,api:3,p:27232,c:27232) detachBuffer: slot 39 is not owned by the producer (state = FREE)
02-21 16:16:01.899 27232 31796 W BufferQueueProducer: [SurfaceView[social.mycelium.android.debug/social.mycelium.android.MainActivity](BLAST)#153739(BLAST Consumer)pid:27232](id:6a6000000012,api:3,p:27232,c:27232) detachBuffer: slot 40 is not owned by the producer (state = FREE)
02-21 16:16:01.899 27232 31796 W BufferQueueProducer: [SurfaceView[social.mycelium.android.debug/social.mycelium.android.MainActivity](BLAST)#153739(BLAST Consumer)pid:27232](id:6a6000000012,api:3,p:27232,c:27232) detachBuffer: slot 41 is not owned by the producer (state = FREE)
02-21 16:16:01.899 27232 31796 W BufferQueueProducer: [SurfaceView[social.mycelium.android.debug/social.mycelium.android.MainActivity](BLAST)#153739(BLAST Consumer)pid:27232](id:6a6000000012,api:3,p:27232,c:27232) detachBuffer: slot 42 is not owned by the producer (state = FREE)
02-21 16:16:01.899 27232 31796 W BufferQueueProducer: [SurfaceView[social.mycelium.android.debug/social.mycelium.android.MainActivity](BLAST)#153739(BLAST Consumer)pid:27232](id:6a6000000012,api:3,p:27232,c:27232) detachBuffer: slot 43 is not owned by the producer (state = FREE)
02-21 16:16:01.899 27232 31796 W BufferQueueProducer: [SurfaceView[social.mycelium.android.debug/social.mycelium.android.MainActivity](BLAST)#153739(BLAST Consumer)pid:27232](id:6a6000000012,api:3,p:27232,c:27232) detachBuffer: slot 44 is not owned by the producer (state = FREE)
02-21 16:16:01.899 27232 31796 W BufferQueueProducer: [SurfaceView[social.mycelium.android.debug/social.mycelium.android.MainActivity](BLAST)#153739(BLAST Consumer)pid:27232](id:6a6000000012,api:3,p:27232,c:27232) detachBuffer: slot 45 is not owned by the producer (state = FREE)
02-21 16:16:01.899 27232 31796 W BufferQueueProducer: [SurfaceView[social.mycelium.android.debug/social.mycelium.android.MainActivity](BLAST)#153739(BLAST Consumer)pid:27232](id:6a6000000012,api:3,p:27232,c:27232) detachBuffer: slot 46 is not owned by the producer (state = FREE)
02-21 16:16:01.899 27232 31796 W BufferQueueProducer: [SurfaceView[social.mycelium.android.debug/social.mycelium.android.MainActivity](BLAST)#153739(BLAST Consumer)pid:27232](id:6a6000000012,api:3,p:27232,c:27232) detachBuffer: slot 47 is not owned by the producer (state = FREE)
02-21 16:16:01.899 27232 31796 W BufferQueueProducer: [SurfaceView[social.mycelium.android.debug/social.mycelium.android.MainActivity](BLAST)#153739(BLAST Consumer)pid:27232](id:6a6000000012,api:3,p:27232,c:27232) detachBuffer: slot 48 is not owned by the producer (state = FREE)
02-21 16:16:01.899 27232 31796 W BufferQueueProducer: [SurfaceView[social.mycelium.android.debug/social.mycelium.android.MainActivity](BLAST)#153739(BLAST Consumer)pid:27232](id:6a6000000012,api:3,p:27232,c:27232) detachBuffer: slot 49 is not owned by the producer (state = FREE)
02-21 16:16:01.899 27232 31796 W BufferQueueProducer: [SurfaceView[social.mycelium.android.debug/social.mycelium.android.MainActivity](BLAST)#153739(BLAST Consumer)pid:27232](id:6a6000000012,api:3,p:27232,c:27232) detachBuffer: slot 50 is not owned by the producer (state = FREE)
02-21 16:16:01.900 27232 31796 W BufferQueueProducer: [SurfaceView[social.mycelium.android.debug/social.mycelium.android.MainActivity](BLAST)#153739(BLAST Consumer)pid:27232](id:6a6000000012,api:3,p:27232,c:27232) detachBuffer: slot 51 is not owned by the producer (state = FREE)
02-21 16:16:01.900 27232 31796 W BufferQueueProducer: [SurfaceView[social.mycelium.android.debug/social.mycelium.android.MainActivity](BLAST)#153739(BLAST Consumer)pid:27232](id:6a6000000012,api:3,p:27232,c:27232) detachBuffer: slot 52 is not owned by the producer (state = FREE)
02-21 16:16:01.900 27232 31796 W BufferQueueProducer: [SurfaceView[social.mycelium.android.debug/social.mycelium.android.MainActivity](BLAST)#153739(BLAST Consumer)pid:27232](id:6a6000000012,api:3,p:27232,c:27232) detachBuffer: slot 53 is not owned by the producer (state = FREE)
02-21 16:16:01.900 27232 31796 W BufferQueueProducer: [SurfaceView[social.mycelium.android.debug/social.mycelium.android.MainActivity](BLAST)#153739(BLAST Consumer)pid:27232](id:6a6000000012,api:3,p:27232,c:27232) detachBuffer: slot 54 is not owned by the producer (state = FREE)
02-21 16:16:01.900 27232 31796 W BufferQueueProducer: [SurfaceView[social.mycelium.android.debug/social.mycelium.android.MainActivity](BLAST)#153739(BLAST Consumer)pid:27232](id:6a6000000012,api:3,p:27232,c:27232) detachBuffer: slot 55 is not owned by the producer (state = FREE)
02-21 16:16:01.900 27232 31796 W BufferQueueProducer: [SurfaceView[social.mycelium.android.debug/social.mycelium.android.MainActivity](BLAST)#153739(BLAST Consumer)pid:27232](id:6a6000000012,api:3,p:27232,c:27232) detachBuffer: slot 56 is not owned by the producer (state = FREE)
02-21 16:16:01.900 27232 31796 W BufferQueueProducer: [SurfaceView[social.mycelium.android.debug/social.mycelium.android.MainActivity](BLAST)#153739(BLAST Consumer)pid:27232](id:6a6000000012,api:3,p:27232,c:27232) detachBuffer: slot 57 is not owned by the producer (state = FREE)
02-21 16:16:01.900 27232 31796 W BufferQueueProducer: [SurfaceView[social.mycelium.android.debug/social.mycelium.android.MainActivity](BLAST)#153739(BLAST Consumer)pid:27232](id:6a6000000012,api:3,p:27232,c:27232) detachBuffer: slot 58 is not owned by the producer (state = FREE)
02-21 16:16:01.900 27232 31796 W BufferQueueProducer: [SurfaceView[social.mycelium.android.debug/social.mycelium.android.MainActivity](BLAST)#153739(BLAST Consumer)pid:27232](id:6a6000000012,api:3,p:27232,c:27232) detachBuffer: slot 59 is not owned by the producer (state = FREE)
02-21 16:16:01.900 27232 31796 W BufferQueueProducer: [SurfaceView[social.mycelium.android.debug/social.mycelium.android.MainActivity](BLAST)#153739(BLAST Consumer)pid:27232](id:6a6000000012,api:3,p:27232,c:27232) detachBuffer: slot 60 is not owned by the producer (state = FREE)
02-21 16:16:01.900 27232 31796 W BufferQueueProducer: [SurfaceView[social.mycelium.android.debug/social.mycelium.android.MainActivity](BLAST)#153739(BLAST Consumer)pid:27232](id:6a6000000012,api:3,p:27232,c:27232) detachBuffer: slot 61 is not owned by the producer (state = FREE)
02-21 16:16:01.900 27232 31796 W BufferQueueProducer: [SurfaceView[social.mycelium.android.debug/social.mycelium.android.MainActivity](BLAST)#153739(BLAST Consumer)pid:27232](id:6a6000000012,api:3,p:27232,c:27232) detachBuffer: slot 62 is not owned by the producer (state = FREE)
02-21 16:16:01.901 27232 31796 W BufferQueueProducer: [SurfaceView[social.mycelium.android.debug/social.mycelium.android.MainActivity](BLAST)#153739(BLAST Consumer)pid:27232](id:6a6000000012,api:3,p:27232,c:27232) detachBuffer: slot 63 is not owned by the producer (state = FREE)
02-21 16:16:01.903 27232 31796 D Codec2Client: Surface configure completed
02-21 16:16:01.903 27232 31796 D SurfaceUtils: disconnecting from surface 0xb4000071916cb3b0, reason disconnectFromSurface
02-21 16:16:01.903 27232 31796 D Surface : Surface::disconnect
02-21 16:16:01.903 27232 31796 D BufferQueueProducer: [SurfaceView[social.mycelium.android.debug/social.mycelium.android.MainActivity](BLAST)#153739(BLAST Consumer)pid:27232](id:6a6000000012,api:3,p:27232,c:27232) disconnect: api 3
02-21 16:16:01.904 27232 27232 D Surface : Surface::disconnect
02-21 16:16:01.904 27232 27232 D BufferQueueProducer: [SurfaceView[social.mycelium.android.debug/social.mycelium.android.MainActivity](BLAST)#153739(BLAST Consumer)pid:27232](id:6a6000000012,api:0,p:-1,c:27232) disconnect: api -1
02-21 16:16:01.906 27232 27232 I ExoPlayerImpl: Release 660ce3c [AndroidXMedia3/1.3.1] [lynkco, motorola razr 2023, motorola, 35] [media3.common, media3.ui, media3.exoplayer, media3.decoder, media3.datasource, media3.extractor]
02-21 16:16:01.906 27232 31791 I MediaCodec: (0xb4000072718915e0) flush
02-21 16:16:01.909 27232 31791 I MediaCodec: (0xb4000072718915e0) start
02-21 16:16:01.910 27232 31791 D MediaCodec: keep callback message for reclaim
02-21 16:16:01.910 27232 31796 I CCodecConfig: query failed after returning 17 values (BAD_INDEX)
02-21 16:16:01.910 27232 31796 D BufferPoolAccessor2.0: bufferpool2 0xb4000072d1799008 : 3(9400320 size) total buffers - 1(3133440 size) used buffers - 194/199 (recycle/alloc) - 5/195 (fetch/transfer)
02-21 16:16:01.911 27232 31796 W Codec2Client: query -- param skipped: index = 1342179345.
02-21 16:16:01.911 27232 31796 W Codec2Client: query -- param skipped: index = 2415921170.
02-21 16:16:01.911 27232 31796 W Codec2Client: query -- param skipped: index = 1610614798.
02-21 16:16:01.911 27232 31796 D CCodecBufferChannel: [c2.qti.avc.decoder#529] start: updating output delay 10
02-21 16:16:01.916 27232 31791 I MediaCodec: (0xb400007271843250) flush
02-21 16:16:01.916 27232 31791 I MediaCodec: (0xb400007271843250) start
02-21 16:16:01.916 27232 31791 D MediaCodec: keep callback message for reclaim
02-21 16:16:01.917 27232 31803 I CCodecConfig: query failed after returning 21 values (BAD_INDEX)
02-21 16:16:01.917 27232 31803 D BufferPoolAccessor2.0: bufferpool2 0xb4000072d17e0668 : 3(24576 size) total buffers - 1(8192 size) used buffers - 3/8 (recycle/alloc) - 2/3 (fetch/transfer)
02-21 16:16:01.918 27232 31803 W Codec2Client: query -- param skipped: index = 1342179345.
02-21 16:16:01.918 27232 31803 W Codec2Client: query -- param skipped: index = 2415921170.
02-21 16:16:01.918 27232 31803 W Codec2Client: query -- param skipped: index = 1610614798.
02-21 16:16:01.918 27232 31803 D CCodecBufferChannel: [c2.android.aac.decoder#898] start: updating output delay 2
02-21 16:16:01.919 27232 31791 I MediaCodec: (0xb4000072718915e0) releaseAsync
02-21 16:16:01.919 27232 31796 W libc    : Access denied finding property "vendor.display.enable_optimal_refresh_rate"
02-21 16:16:01.919 27232 31796 W libc    : Access denied finding property "vendor.gpp.create_frc_extension"
02-21 16:16:01.919 27232 31796 D SurfaceUtils: connecting to surface 0xb4000071916d5e00, reason connectToSurface
02-21 16:16:01.919 27232 31796 I MediaCodec: [c2.qti.avc.decoder] setting surface generation to 27885583
02-21 16:16:01.919 27232 31796 D SurfaceUtils: disconnecting from surface 0xb4000071916d5e00, reason connectToSurface(reconnect)
02-21 16:16:01.919 27232 31796 D Surface : Surface::disconnect
02-21 16:16:01.919 27232 31796 D BufferQueueProducer: [MediaCodec.release](id:6a6000000014,api:3,p:27232,c:27232) disconnect: api 3
02-21 16:16:01.918 27232 27232 W MediaCodec_loop: type=1400 audit(0.0:2219008): avc:  denied  { read } for  name="u:object_r:vendor_display_prop:s0" dev="tmpfs" ino=459 scontext=u:r:untrusted_app:s0:c66,c258,c512,c768 tcontext=u:object_r:vendor_display_prop:s0 tclass=file permissive=0 app=social.mycelium.android.debug
02-21 16:16:01.919 27232 31796 D SurfaceUtils: connecting to surface 0xb4000071916d5df0, reason connectToSurface(reconnect-with-listener)
02-21 16:16:01.920 27232 31796 D Codec2-OutputBufferQueue: remote graphic buffer migration 0/0
02-21 16:16:01.920 27232 31796 D Codec2Client: setOutputSurface -- failed to set consumer usage (6/BAD_INDEX)
02-21 16:16:01.920 27232 31796 D Codec2Client: setOutputSurface -- generation=27885583 consumer usage=0x900
02-21 16:16:01.920 27232 31796 D qdgralloc: Falling back to default YUV format - no camera/video specific format defined, usage 0x100
02-21 16:16:01.922 27232 31796 W BufferQueueProducer: [SurfaceTexture-1-27232-4](id:6a6000000013,api:3,p:27232,c:27232) detachBuffer: slot 10 is not owned by the producer (state = FREE)
02-21 16:16:01.922 27232 31796 W BufferQueueProducer: [SurfaceTexture-1-27232-4](id:6a6000000013,api:3,p:27232,c:27232) detachBuffer: slot 11 is not owned by the producer (state = FREE)
02-21 16:16:01.922 27232 31796 W BufferQueueProducer: [SurfaceTexture-1-27232-4](id:6a6000000013,api:3,p:27232,c:27232) detachBuffer: slot 12 is not owned by the producer (state = FREE)
02-21 16:16:01.922 27232 31796 W BufferQueueProducer: [SurfaceTexture-1-27232-4](id:6a6000000013,api:3,p:27232,c:27232) detachBuffer: slot 13 is not owned by the producer (state = FREE)
02-21 16:16:01.922 27232 31796 W BufferQueueProducer: [SurfaceTexture-1-27232-4](id:6a6000000013,api:3,p:27232,c:27232) detachBuffer: slot 14 is not owned by the producer (state = FREE)
02-21 16:16:01.922 27232 31796 W BufferQueueProducer: [SurfaceTexture-1-27232-4](id:6a6000000013,api:3,p:27232,c:27232) detachBuffer: slot 15 is not owned by the producer (state = FREE)
02-21 16:16:01.922 27232 31796 W BufferQueueProducer: [SurfaceTexture-1-27232-4](id:6a6000000013,api:3,p:27232,c:27232) detachBuffer: slot 16 is not owned by the producer (state = FREE)
02-21 16:16:01.922 27232 31796 W BufferQueueProducer: [SurfaceTexture-1-27232-4](id:6a6000000013,api:3,p:27232,c:27232) detachBuffer: slot 17 is not owned by the producer (state = FREE)
02-21 16:16:01.923 27232 31796 W BufferQueueProducer: [SurfaceTexture-1-27232-4](id:6a6000000013,api:3,p:27232,c:27232) detachBuffer: slot 18 is not owned by the producer (state = FREE)
02-21 16:16:01.923 27232 31796 W BufferQueueProducer: [SurfaceTexture-1-27232-4](id:6a6000000013,api:3,p:27232,c:27232) detachBuffer: slot 19 is not owned by the producer (state = FREE)
02-21 16:16:01.923 27232 31796 W BufferQueueProducer: [SurfaceTexture-1-27232-4](id:6a6000000013,api:3,p:27232,c:27232) detachBuffer: slot 20 is not owned by the producer (state = FREE)
02-21 16:16:01.923 27232 31796 W BufferQueueProducer: [SurfaceTexture-1-27232-4](id:6a6000000013,api:3,p:27232,c:27232) detachBuffer: slot 21 is not owned by the producer (state = FREE)
02-21 16:16:01.923 27232 31796 W BufferQueueProducer: [SurfaceTexture-1-27232-4](id:6a6000000013,api:3,p:27232,c:27232) detachBuffer: slot 22 is not owned by the producer (state = FREE)
02-21 16:16:01.923 27232 31796 W BufferQueueProducer: [SurfaceTexture-1-27232-4](id:6a6000000013,api:3,p:27232,c:27232) detachBuffer: slot 23 is not owned by the producer (state = FREE)
02-21 16:16:01.923 27232 31796 W BufferQueueProducer: [SurfaceTexture-1-27232-4](id:6a6000000013,api:3,p:27232,c:27232) detachBuffer: slot 24 is not owned by the producer (state = FREE)
02-21 16:16:01.923 27232 31796 W BufferQueueProducer: [SurfaceTexture-1-27232-4](id:6a6000000013,api:3,p:27232,c:27232) detachBuffer: slot 25 is not owned by the producer (state = FREE)
02-21 16:16:01.923 27232 31796 W BufferQueueProducer: [SurfaceTexture-1-27232-4](id:6a6000000013,api:3,p:27232,c:27232) detachBuffer: slot 26 is not owned by the producer (state = FREE)
02-21 16:16:01.923 27232 31796 W BufferQueueProducer: [SurfaceTexture-1-27232-4](id:6a6000000013,api:3,p:27232,c:27232) detachBuffer: slot 27 is not owned by the producer (state = FREE)
02-21 16:16:01.923 27232 31796 W BufferQueueProducer: [SurfaceTexture-1-27232-4](id:6a6000000013,api:3,p:27232,c:27232) detachBuffer: slot 28 is not owned by the producer (state = FREE)
02-21 16:16:01.923 27232 31796 W BufferQueueProducer: [SurfaceTexture-1-27232-4](id:6a6000000013,api:3,p:27232,c:27232) detachBuffer: slot 29 is not owned by the producer (state = FREE)
02-21 16:16:01.923 27232 31796 W BufferQueueProducer: [SurfaceTexture-1-27232-4](id:6a6000000013,api:3,p:27232,c:27232) detachBuffer: slot 30 is not owned by the producer (state = FREE)
02-21 16:16:01.923 27232 31796 W BufferQueueProducer: [SurfaceTexture-1-27232-4](id:6a6000000013,api:3,p:27232,c:27232) detachBuffer: slot 31 is not owned by the producer (state = FREE)
02-21 16:16:01.924 27232 31796 W BufferQueueProducer: [SurfaceTexture-1-27232-4](id:6a6000000013,api:3,p:27232,c:27232) detachBuffer: slot 32 is not owned by the producer (state = FREE)
02-21 16:16:01.924 27232 31796 W BufferQueueProducer: [SurfaceTexture-1-27232-4](id:6a6000000013,api:3,p:27232,c:27232) detachBuffer: slot 33 is not owned by the producer (state = FREE)
02-21 16:16:01.924 27232 31796 W BufferQueueProducer: [SurfaceTexture-1-27232-4](id:6a6000000013,api:3,p:27232,c:27232) detachBuffer: slot 34 is not owned by the producer (state = FREE)
02-21 16:16:01.924 27232 31796 W BufferQueueProducer: [SurfaceTexture-1-27232-4](id:6a6000000013,api:3,p:27232,c:27232) detachBuffer: slot 35 is not owned by the producer (state = FREE)
02-21 16:16:01.924 27232 31796 W BufferQueueProducer: [SurfaceTexture-1-27232-4](id:6a6000000013,api:3,p:27232,c:27232) detachBuffer: slot 36 is not owned by the producer (state = FREE)
02-21 16:16:01.924 27232 31796 W BufferQueueProducer: [SurfaceTexture-1-27232-4](id:6a6000000013,api:3,p:27232,c:27232) detachBuffer: slot 37 is not owned by the producer (state = FREE)
02-21 16:16:01.924 27232 31796 W BufferQueueProducer: [SurfaceTexture-1-27232-4](id:6a6000000013,api:3,p:27232,c:27232) detachBuffer: slot 38 is not owned by the producer (state = FREE)
02-21 16:16:01.924 27232 31796 W BufferQueueProducer: [SurfaceTexture-1-27232-4](id:6a6000000013,api:3,p:27232,c:27232) detachBuffer: slot 39 is not owned by the producer (state = FREE)
02-21 16:16:01.924 27232 31796 W BufferQueueProducer: [SurfaceTexture-1-27232-4](id:6a6000000013,api:3,p:27232,c:27232) detachBuffer: slot 40 is not owned by the producer (state = FREE)
02-21 16:16:01.924 27232 31796 W BufferQueueProducer: [SurfaceTexture-1-27232-4](id:6a6000000013,api:3,p:27232,c:27232) detachBuffer: slot 41 is not owned by the producer (state = FREE)
02-21 16:16:01.924 27232 31796 W BufferQueueProducer: [SurfaceTexture-1-27232-4](id:6a6000000013,api:3,p:27232,c:27232) detachBuffer: slot 42 is not owned by the producer (state = FREE)
02-21 16:16:01.924 27232 31796 W BufferQueueProducer: [SurfaceTexture-1-27232-4](id:6a6000000013,api:3,p:27232,c:27232) detachBuffer: slot 43 is not owned by the producer (state = FREE)
02-21 16:16:01.924 27232 31796 W BufferQueueProducer: [SurfaceTexture-1-27232-4](id:6a6000000013,api:3,p:27232,c:27232) detachBuffer: slot 44 is not owned by the producer (state = FREE)
02-21 16:16:01.924 27232 31796 W BufferQueueProducer: [SurfaceTexture-1-27232-4](id:6a6000000013,api:3,p:27232,c:27232) detachBuffer: slot 45 is not owned by the producer (state = FREE)
02-21 16:16:01.925 27232 31796 W BufferQueueProducer: [SurfaceTexture-1-27232-4](id:6a6000000013,api:3,p:27232,c:27232) detachBuffer: slot 46 is not owned by the producer (state = FREE)
02-21 16:16:01.925 27232 31796 W BufferQueueProducer: [SurfaceTexture-1-27232-4](id:6a6000000013,api:3,p:27232,c:27232) detachBuffer: slot 47 is not owned by the producer (state = FREE)
02-21 16:16:01.925 27232 31796 W BufferQueueProducer: [SurfaceTexture-1-27232-4](id:6a6000000013,api:3,p:27232,c:27232) detachBuffer: slot 48 is not owned by the producer (state = FREE)
02-21 16:16:01.925 27232 31796 W BufferQueueProducer: [SurfaceTexture-1-27232-4](id:6a6000000013,api:3,p:27232,c:27232) detachBuffer: slot 49 is not owned by the producer (state = FREE)
02-21 16:16:01.925 27232 31796 W BufferQueueProducer: [SurfaceTexture-1-27232-4](id:6a6000000013,api:3,p:27232,c:27232) detachBuffer: slot 50 is not owned by the producer (state = FREE)
02-21 16:16:01.925 27232 31796 W BufferQueueProducer: [SurfaceTexture-1-27232-4](id:6a6000000013,api:3,p:27232,c:27232) detachBuffer: slot 51 is not owned by the producer (state = FREE)
02-21 16:16:01.925 27232 31796 W BufferQueueProducer: [SurfaceTexture-1-27232-4](id:6a6000000013,api:3,p:27232,c:27232) detachBuffer: slot 52 is not owned by the producer (state = FREE)
02-21 16:16:01.925 27232 31796 W BufferQueueProducer: [SurfaceTexture-1-27232-4](id:6a6000000013,api:3,p:27232,c:27232) detachBuffer: slot 53 is not owned by the producer (state = FREE)
02-21 16:16:01.925 27232 31796 W BufferQueueProducer: [SurfaceTexture-1-27232-4](id:6a6000000013,api:3,p:27232,c:27232) detachBuffer: slot 54 is not owned by the producer (state = FREE)
02-21 16:16:01.925 27232 31796 W BufferQueueProducer: [SurfaceTexture-1-27232-4](id:6a6000000013,api:3,p:27232,c:27232) detachBuffer: slot 55 is not owned by the producer (state = FREE)
02-21 16:16:01.925 27232 31796 W BufferQueueProducer: [SurfaceTexture-1-27232-4](id:6a6000000013,api:3,p:27232,c:27232) detachBuffer: slot 56 is not owned by the producer (state = FREE)
02-21 16:16:01.925 27232 31796 W BufferQueueProducer: [SurfaceTexture-1-27232-4](id:6a6000000013,api:3,p:27232,c:27232) detachBuffer: slot 57 is not owned by the producer (state = FREE)
02-21 16:16:01.925 27232 31796 W BufferQueueProducer: [SurfaceTexture-1-27232-4](id:6a6000000013,api:3,p:27232,c:27232) detachBuffer: slot 58 is not owned by the producer (state = FREE)
02-21 16:16:01.926 27232 31796 W BufferQueueProducer: [SurfaceTexture-1-27232-4](id:6a6000000013,api:3,p:27232,c:27232) detachBuffer: slot 59 is not owned by the producer (state = FREE)
02-21 16:16:01.926 27232 31796 W BufferQueueProducer: [SurfaceTexture-1-27232-4](id:6a6000000013,api:3,p:27232,c:27232) detachBuffer: slot 60 is not owned by the producer (state = FREE)
02-21 16:16:01.926 27232 31796 W BufferQueueProducer: [SurfaceTexture-1-27232-4](id:6a6000000013,api:3,p:27232,c:27232) detachBuffer: slot 61 is not owned by the producer (state = FREE)
02-21 16:16:01.926 27232 31796 W BufferQueueProducer: [SurfaceTexture-1-27232-4](id:6a6000000013,api:3,p:27232,c:27232) detachBuffer: slot 62 is not owned by the producer (state = FREE)
02-21 16:16:01.926 27232 31796 W BufferQueueProducer: [SurfaceTexture-1-27232-4](id:6a6000000013,api:3,p:27232,c:27232) detachBuffer: slot 63 is not owned by the producer (state = FREE)
02-21 16:16:01.928 27232 31796 D Codec2Client: Surface configure completed
02-21 16:16:01.928 27232 31796 D SurfaceUtils: disconnecting from surface 0xb400007191875030, reason disconnectFromSurface
02-21 16:16:01.928 27232 31796 D Surface : Surface::disconnect
02-21 16:16:01.928 27232 31796 D BufferQueueProducer: [SurfaceTexture-1-27232-4](id:6a6000000013,api:3,p:27232,c:27232) disconnect: api 3
02-21 16:16:01.928 27232 31796 D CCodecBufferChannel: [c2.qti.avc.decoder#529] MediaCodec discarded an unknown buffer
02-21 16:16:01.928 27232 31796 D CCodecBufferChannel: [c2.qti.avc.decoder#529] MediaCodec discarded an unknown buffer
02-21 16:16:01.928 27232 31796 D CCodecBufferChannel: [c2.qti.avc.decoder#529] MediaCodec discarded an unknown buffer
02-21 16:16:01.928 27232 31796 D CCodecBufferChannel: [c2.qti.avc.decoder#529] MediaCodec discarded an unknown buffer
02-21 16:16:01.930 27232 31791 I MediaCodec: (0xb400007271843250) releaseAsync
02-21 16:16:01.930 27232 31850 W BufferQueueProducer: [MediaCodec.release](id:6a6000000014,api:3,p:27232,c:27232) detachBuffer: slot 10 is not owned by the producer (state = FREE)
02-21 16:16:01.930 27232 31803 D CCodecBufferChannel: [c2.android.aac.decoder#898] MediaCodec discarded an unknown buffer
02-21 16:16:01.930 27232 31850 W BufferQueueProducer: [MediaCodec.release](id:6a6000000014,api:3,p:27232,c:27232) detachBuffer: slot 11 is not owned by the producer (state = FREE)
02-21 16:16:01.930 27232 31803 D CCodecBufferChannel: [c2.android.aac.decoder#898] MediaCodec discarded an unknown buffer
02-21 16:16:01.930 27232 31850 W BufferQueueProducer: [MediaCodec.release](id:6a6000000014,api:3,p:27232,c:27232) detachBuffer: slot 12 is not owned by the producer (state = FREE)
02-21 16:16:01.930 27232 31803 D CCodecBufferChannel: [c2.android.aac.decoder#898] MediaCodec discarded an unknown buffer
02-21 16:16:01.930 27232 31803 D CCodecBufferChannel: [c2.android.aac.decoder#898] MediaCodec discarded an unknown buffer
02-21 16:16:01.930 27232 31850 W BufferQueueProducer: [MediaCodec.release](id:6a6000000014,api:3,p:27232,c:27232) detachBuffer: slot 13 is not owned by the producer (state = FREE)
02-21 16:16:01.930 27232 31850 W BufferQueueProducer: [MediaCodec.release](id:6a6000000014,api:3,p:27232,c:27232) detachBuffer: slot 14 is not owned by the producer (state = FREE)
02-21 16:16:01.930 27232 31850 W BufferQueueProducer: [MediaCodec.release](id:6a6000000014,api:3,p:27232,c:27232) detachBuffer: slot 15 is not owned by the producer (state = FREE)
02-21 16:16:01.930 27232 31850 W BufferQueueProducer: [MediaCodec.release](id:6a6000000014,api:3,p:27232,c:27232) detachBuffer: slot 16 is not owned by the producer (state = FREE)
02-21 16:16:01.931 27232 31850 W BufferQueueProducer: [MediaCodec.release](id:6a6000000014,api:3,p:27232,c:27232) detachBuffer: slot 17 is not owned by the producer (state = FREE)
02-21 16:16:01.931 27232 31850 W BufferQueueProducer: [MediaCodec.release](id:6a6000000014,api:3,p:27232,c:27232) detachBuffer: slot 18 is not owned by the producer (state = FREE)
02-21 16:16:01.931 27232 31850 W BufferQueueProducer: [MediaCodec.release](id:6a6000000014,api:3,p:27232,c:27232) detachBuffer: slot 19 is not owned by the producer (state = FREE)
02-21 16:16:01.931 27232 31803 I hw-BpHwBinder: onLastStrongRef automatically unlinking death recipients
02-21 16:16:01.931 27232 31850 W BufferQueueProducer: [MediaCodec.release](id:6a6000000014,api:3,p:27232,c:27232) detachBuffer: slot 20 is not owned by the producer (state = FREE)
02-21 16:16:01.931 27232 31850 W BufferQueueProducer: [MediaCodec.release](id:6a6000000014,api:3,p:27232,c:27232) detachBuffer: slot 21 is not owned by the producer (state = FREE)
02-21 16:16:01.931 27232 31850 W BufferQueueProducer: [MediaCodec.release](id:6a6000000014,api:3,p:27232,c:27232) detachBuffer: slot 22 is not owned by the producer (state = FREE)
02-21 16:16:01.931 27232 31850 W BufferQueueProducer: [MediaCodec.release](id:6a6000000014,api:3,p:27232,c:27232) detachBuffer: slot 23 is not owned by the producer (state = FREE)
02-21 16:16:01.931 27232 31850 W BufferQueueProducer: [MediaCodec.release](id:6a6000000014,api:3,p:27232,c:27232) detachBuffer: slot 24 is not owned by the producer (state = FREE)
02-21 16:16:01.931 27232 31850 W BufferQueueProducer: [MediaCodec.release](id:6a6000000014,api:3,p:27232,c:27232) detachBuffer: slot 25 is not owned by the producer (state = FREE)
02-21 16:16:01.932 27232 31850 W BufferQueueProducer: [MediaCodec.release](id:6a6000000014,api:3,p:27232,c:27232) detachBuffer: slot 26 is not owned by the producer (state = FREE)
02-21 16:16:01.932 27232 31850 W BufferQueueProducer: [MediaCodec.release](id:6a6000000014,api:3,p:27232,c:27232) detachBuffer: slot 27 is not owned by the producer (state = FREE)
02-21 16:16:01.932 27232 31850 W BufferQueueProducer: [MediaCodec.release](id:6a6000000014,api:3,p:27232,c:27232) detachBuffer: slot 28 is not owned by the producer (state = FREE)
02-21 16:16:01.932 27232 31850 W BufferQueueProducer: [MediaCodec.release](id:6a6000000014,api:3,p:27232,c:27232) detachBuffer: slot 29 is not owned by the producer (state = FREE)
02-21 16:16:01.932 27232 31850 W BufferQueueProducer: [MediaCodec.release](id:6a6000000014,api:3,p:27232,c:27232) detachBuffer: slot 30 is not owned by the producer (state = FREE)
02-21 16:16:01.932 27232 31850 W BufferQueueProducer: [MediaCodec.release](id:6a6000000014,api:3,p:27232,c:27232) detachBuffer: slot 31 is not owned by the producer (state = FREE)
02-21 16:16:01.932 27232 31850 W BufferQueueProducer: [MediaCodec.release](id:6a6000000014,api:3,p:27232,c:27232) detachBuffer: slot 32 is not owned by the producer (state = FREE)
02-21 16:16:01.932 27232 31850 W BufferQueueProducer: [MediaCodec.release](id:6a6000000014,api:3,p:27232,c:27232) detachBuffer: slot 33 is not owned by the producer (state = FREE)
02-21 16:16:01.932 27232 31850 W BufferQueueProducer: [MediaCodec.release](id:6a6000000014,api:3,p:27232,c:27232) detachBuffer: slot 34 is not owned by the producer (state = FREE)
02-21 16:16:01.932 27232 31850 W BufferQueueProducer: [MediaCodec.release](id:6a6000000014,api:3,p:27232,c:27232) detachBuffer: slot 35 is not owned by the producer (state = FREE)
02-21 16:16:01.932 27232 31850 W BufferQueueProducer: [MediaCodec.release](id:6a6000000014,api:3,p:27232,c:27232) detachBuffer: slot 36 is not owned by the producer (state = FREE)
02-21 16:16:01.932 27232 31850 W BufferQueueProducer: [MediaCodec.release](id:6a6000000014,api:3,p:27232,c:27232) detachBuffer: slot 37 is not owned by the producer (state = FREE)
02-21 16:16:01.932 27232 31850 W BufferQueueProducer: [MediaCodec.release](id:6a6000000014,api:3,p:27232,c:27232) detachBuffer: slot 38 is not owned by the producer (state = FREE)
02-21 16:16:01.932 27232 31850 W BufferQueueProducer: [MediaCodec.release](id:6a6000000014,api:3,p:27232,c:27232) detachBuffer: slot 39 is not owned by the producer (state = FREE)
02-21 16:16:01.933 27232 31850 W BufferQueueProducer: [MediaCodec.release](id:6a6000000014,api:3,p:27232,c:27232) detachBuffer: slot 40 is not owned by the producer (state = FREE)
02-21 16:16:01.933 27232 31850 W BufferQueueProducer: [MediaCodec.release](id:6a6000000014,api:3,p:27232,c:27232) detachBuffer: slot 41 is not owned by the producer (state = FREE)
02-21 16:16:01.933 27232 31850 W BufferQueueProducer: [MediaCodec.release](id:6a6000000014,api:3,p:27232,c:27232) detachBuffer: slot 42 is not owned by the producer (state = FREE)
02-21 16:16:01.933 27232 31850 W BufferQueueProducer: [MediaCodec.release](id:6a6000000014,api:3,p:27232,c:27232) detachBuffer: slot 43 is not owned by the producer (state = FREE)
02-21 16:16:01.933 27232 31850 W BufferQueueProducer: [MediaCodec.release](id:6a6000000014,api:3,p:27232,c:27232) detachBuffer: slot 44 is not owned by the producer (state = FREE)
02-21 16:16:01.933 27232 31850 W BufferQueueProducer: [MediaCodec.release](id:6a6000000014,api:3,p:27232,c:27232) detachBuffer: slot 45 is not owned by the producer (state = FREE)
02-21 16:16:01.933 27232 31850 W BufferQueueProducer: [MediaCodec.release](id:6a6000000014,api:3,p:27232,c:27232) detachBuffer: slot 46 is not owned by the producer (state = FREE)
02-21 16:16:01.933 27232 31850 W BufferQueueProducer: [MediaCodec.release](id:6a6000000014,api:3,p:27232,c:27232) detachBuffer: slot 47 is not owned by the producer (state = FREE)
02-21 16:16:01.933 27232 31850 W BufferQueueProducer: [MediaCodec.release](id:6a6000000014,api:3,p:27232,c:27232) detachBuffer: slot 48 is not owned by the producer (state = FREE)
02-21 16:16:01.933 27232 31850 W BufferQueueProducer: [MediaCodec.release](id:6a6000000014,api:3,p:27232,c:27232) detachBuffer: slot 49 is not owned by the producer (state = FREE)
02-21 16:16:01.933 27232 31850 W BufferQueueProducer: [MediaCodec.release](id:6a6000000014,api:3,p:27232,c:27232) detachBuffer: slot 50 is not owned by the producer (state = FREE)
02-21 16:16:01.933 27232 31850 W BufferQueueProducer: [MediaCodec.release](id:6a6000000014,api:3,p:27232,c:27232) detachBuffer: slot 51 is not owned by the producer (state = FREE)
02-21 16:16:01.933 27232 31850 W BufferQueueProducer: [MediaCodec.release](id:6a6000000014,api:3,p:27232,c:27232) detachBuffer: slot 52 is not owned by the producer (state = FREE)
02-21 16:16:01.934 27232 31850 W BufferQueueProducer: [MediaCodec.release](id:6a6000000014,api:3,p:27232,c:27232) detachBuffer: slot 53 is not owned by the producer (state = FREE)
02-21 16:16:01.934 27232 31850 W BufferQueueProducer: [MediaCodec.release](id:6a6000000014,api:3,p:27232,c:27232) detachBuffer: slot 54 is not owned by the producer (state = FREE)
02-21 16:16:01.934 27232 31850 W BufferQueueProducer: [MediaCodec.release](id:6a6000000014,api:3,p:27232,c:27232) detachBuffer: slot 55 is not owned by the producer (state = FREE)
