02-21 16:16:01.934 27232 31850 W BufferQueueProducer: [MediaCodec.release](id:6a6000000014,api:3,p:27232,c:27232) detachBuffer: slot 56 is not owned by the producer (state = FREE)
02-21 16:16:01.934 27232 31850 W BufferQueueProducer: [MediaCodec.release](id:6a6000000014,api:3,p:27232,c:27232) detachBuffer: slot 57 is not owned by the producer (state = FREE)
02-21 16:16:01.934 27232 31850 W BufferQueueProducer: [MediaCodec.release](id:6a6000000014,api:3,p:27232,c:27232) detachBuffer: slot 58 is not owned by the producer (state = FREE)
02-21 16:16:01.934 27232 31850 W BufferQueueProducer: [MediaCodec.release](id:6a6000000014,api:3,p:27232,c:27232) detachBuffer: slot 59 is not owned by the producer (state = FREE)
02-21 16:16:01.934 27232 31850 W BufferQueueProducer: [MediaCodec.release](id:6a6000000014,api:3,p:27232,c:27232) detachBuffer: slot 60 is not owned by the producer (state = FREE)
02-21 16:16:01.934 27232 31850 W BufferQueueProducer: [MediaCodec.release](id:6a6000000014,api:3,p:27232,c:27232) detachBuffer: slot 61 is not owned by the producer (state = FREE)
02-21 16:16:01.934 27232 31850 W BufferQueueProducer: [MediaCodec.release](id:6a6000000014,api:3,p:27232,c:27232) detachBuffer: slot 62 is not owned by the producer (state = FREE)
02-21 16:16:01.934 27232 31850 W BufferQueueProducer: [MediaCodec.release](id:6a6000000014,api:3,p:27232,c:27232) detachBuffer: slot 63 is not owned by the producer (state = FREE)
02-21 16:16:01.936 27232 30267 E BufferQueueProducer: [MediaCodec.release](id:6a6000000014,api:3,p:27232,c:27232) cancelBuffer: slot 7 is not owned by the producer (state = FREE)
02-21 16:16:01.937 27232 30267 E BufferQueueProducer: [MediaCodec.release](id:6a6000000014,api:3,p:27232,c:27232) cancelBuffer: slot 9 is not owned by the producer (state = FREE)
02-21 16:16:01.937 27232 30267 E BufferQueueProducer: [MediaCodec.release](id:6a6000000014,api:3,p:27232,c:27232) cancelBuffer: slot 5 is not owned by the producer (state = FREE)
02-21 16:16:01.937 27232 30267 E BufferQueueProducer: [MediaCodec.release](id:6a6000000014,api:3,p:27232,c:27232) cancelBuffer: slot 6 is not owned by the producer (state = FREE)
02-21 16:16:01.937 27232 30267 E BufferQueueProducer: [MediaCodec.release](id:6a6000000014,api:3,p:27232,c:27232) cancelBuffer: slot 3 is not owned by the producer (state = FREE)
02-21 16:16:01.945 27232 30267 E BufferQueueProducer: [MediaCodec.release](id:6a6000000014,api:3,p:27232,c:27232) cancelBuffer: slot 4 is not owned by the producer (state = FREE)
02-21 16:16:01.946 27232 30267 E BufferQueueProducer: [MediaCodec.release](id:6a6000000014,api:3,p:27232,c:27232) cancelBuffer: slot 8 is not owned by the producer (state = FREE)
02-21 16:16:01.946 27232 30267 E BufferQueueProducer: [MediaCodec.release](id:6a6000000014,api:3,p:27232,c:27232) cancelBuffer: slot 2 is not owned by the producer (state = FREE)
02-21 16:16:01.946 27232 30267 E BufferQueueProducer: [MediaCodec.release](id:6a6000000014,api:3,p:27232,c:27232) cancelBuffer: slot 1 is not owned by the producer (state = FREE)
02-21 16:16:01.946 27232 30267 E BufferQueueProducer: [MediaCodec.release](id:6a6000000014,api:3,p:27232,c:27232) cancelBuffer: slot 0 is not owned by the producer (state = FREE)
02-21 16:16:01.948 27232 31850 I hw-BpHwBinder: onLastStrongRef automatically unlinking death recipients
02-21 16:16:01.948 27232 31796 D SurfaceUtils: disconnecting from surface 0xb4000071916d5e00, reason disconnectFromSurface
02-21 16:16:01.948 27232 31796 D Surface : Surface::disconnect
02-21 16:16:01.948 27232 31796 D BufferQueueProducer: [MediaCodec.release](id:6a6000000014,api:3,p:27232,c:27232) disconnect: api 3
02-21 16:16:01.974 27232 31838 D StrictMode: StrictMode policy violation: android.os.strictmode.UntaggedSocketViolation: Untagged socket detected; use TrafficStats.setTrafficStatsTag() to track all network usage
02-21 16:16:01.974 27232 31838 D StrictMode: 	at android.os.StrictMode.onUntaggedSocket(StrictMode.java:2324)
02-21 16:16:01.974 27232 31838 D StrictMode: 	at android.os.StrictMode.noteUntaggedSocket(StrictMode.java:2808)
02-21 16:16:01.974 27232 31838 D StrictMode: 	at android.net.TrafficStats$SocketTagger.tag(TrafficStats.java:433)
02-21 16:16:01.974 27232 31838 D StrictMode: 	at libcore.io.BlockGuardOs.tagSocket(BlockGuardOs.java:55)
02-21 16:16:01.974 27232 31838 D StrictMode: 	at libcore.io.BlockGuardOs.socket(BlockGuardOs.java:404)
02-21 16:16:01.974 27232 31838 D StrictMode: 	at libcore.io.ForwardingOs.socket(ForwardingOs.java:826)
02-21 16:16:01.974 27232 31838 D StrictMode: 	at libcore.io.IoBridge.socket(IoBridge.java:840)
02-21 16:16:01.974 27232 31838 D StrictMode: 	at java.net.PlainSocketImpl.socketCreate(PlainSocketImpl.java:128)
02-21 16:16:01.974 27232 31838 D StrictMode: 	at java.net.AbstractPlainSocketImpl.create(AbstractPlainSocketImpl.java:128)
02-21 16:16:01.974 27232 31838 D StrictMode: 	at java.net.Socket.createImpl(Socket.java:514)
02-21 16:16:01.974 27232 31838 D StrictMode: 	at java.net.Socket.getImpl(Socket.java:577)
02-21 16:16:01.974 27232 31838 D StrictMode: 	at java.net.Socket.setSoTimeout(Socket.java:1203)
02-21 16:16:01.974 27232 31838 D StrictMode: 	at okhttp3.internal.connection.RealConnection.connectSocket(RealConnection.kt:293)
02-21 16:16:01.974 27232 31838 D StrictMode: 	at okhttp3.internal.connection.RealConnection.connect(RealConnection.kt:207)
02-21 16:16:01.974 27232 31838 D StrictMode: 	at okhttp3.internal.connection.ExchangeFinder.findConnection(ExchangeFinder.kt:226)
02-21 16:16:01.974 27232 31838 D StrictMode: 	at okhttp3.internal.connection.ExchangeFinder.findHealthyConnection(ExchangeFinder.kt:106)
02-21 16:16:01.974 27232 31838 D StrictMode: 	at okhttp3.internal.connection.ExchangeFinder.find(ExchangeFinder.kt:74)
02-21 16:16:01.974 27232 31838 D StrictMode: 	at okhttp3.internal.connection.RealCall.initExchange$okhttp(RealCall.kt:255)
02-21 16:16:01.974 27232 31838 D StrictMode: 	at okhttp3.internal.connection.ConnectInterceptor.intercept(ConnectInterceptor.kt:32)
02-21 16:16:01.974 27232 31838 D StrictMode: 	at okhttp3.internal.http.RealInterceptorChain.proceed(RealInterceptorChain.kt:109)
02-21 16:16:01.974 27232 31838 D StrictMode: 	at okhttp3.internal.cache.CacheInterceptor.intercept(CacheInterceptor.kt:95)
02-21 16:16:01.974 27232 31838 D StrictMode: 	at okhttp3.internal.http.RealInterceptorChain.proceed(RealInterceptorChain.kt:109)
02-21 16:16:01.974 27232 31838 D StrictMode: 	at okhttp3.internal.http.BridgeInterceptor.intercept(BridgeInterceptor.kt:83)
02-21 16:16:01.974 27232 31838 D StrictMode: 	at okhttp3.internal.http.RealInterceptorChain.proceed(RealInterceptorChain.kt:109)
02-21 16:16:01.974 27232 31838 D StrictMode: 	at okhttp3.internal.http.RetryAndFollowUpInterceptor.intercept(RetryAndFollowUpInterceptor.kt:76)
02-21 16:16:01.974 27232 31838 D StrictMode: 	at okhttp3.internal.http.RealInterceptorChain.proceed(RealInterceptorChain.kt:109)
02-21 16:16:01.974 27232 31838 D StrictMode: 	at okhttp3.internal.connection.RealCall.getResponseWithInterceptorChain$okhttp(RealCall.kt:201)
02-21 16:16:01.974 27232 31838 D StrictMode: 	at okhttp3.internal.connection.RealCall$AsyncCall.run(RealCall.kt:517)
02-21 16:16:01.974 27232 31838 D StrictMode: 	at java.util.concurrent.ThreadPoolExecutor.runWorker(ThreadPoolExecutor.java:1156)
02-21 16:16:01.974 27232 31838 D StrictMode: 	at java.util.concurrent.ThreadPoolExecutor$Worker.run(ThreadPoolExecutor.java:651)
02-21 16:16:01.974 27232 31838 D StrictMode: 	at java.lang.Thread.run(Thread.java:1119)
02-21 16:16:02.758 27232 31513 D NoteCountsRepository: Phase 2: sending kind-7 + kind-9735 enrichment
02-21 16:16:02.760 27232 31513 D NoteCountsRepository: Updating counts sub (phase=2): 181 notes across 1 relays (1 total)
02-21 16:16:02.763 27232 31513 D CybinRelayClient: [wss://relay.damus.io] Queued sub=ykdqeo1u7t (NORMAL) ΓÇö 8/8 active, 24 queued
02-21 16:16:03.470 27232 27232 W WindowOnBackDispatcher: OnBackInvokedCallback is not enabled for the application.
02-21 16:16:03.470 27232 27232 W WindowOnBackDispatcher: Set 'android:enableOnBackInvokedCallback="true"' in the application manifest.
02-21 16:16:03.505 27232 27232 W libc    : Access denied finding property "vendor.display.enable_optimal_refresh_rate"
02-21 16:16:03.505 27232 27232 W libc    : Access denied finding property "vendor.gpp.create_frc_extension"
02-21 16:16:03.502 27232 27232 W m.android.debug: type=1400 audit(0.0:2219009): avc:  denied  { read } for  name="u:object_r:vendor_display_prop:s0" dev="tmpfs" ino=459 scontext=u:r:untrusted_app:s0:c66,c258,c512,c768 tcontext=u:object_r:vendor_display_prop:s0 tclass=file permissive=0 app=social.mycelium.android.debug
02-21 16:16:03.851 27232 31015 W CybinRelayClient: [wss://ammetronics.com] Receive error: null
02-21 16:16:03.851 27232 31015 D RelayConnectionStateMachine: [wss://ammetronics.com] Disconnected ΓÇö pool will auto-reconnect if subs active
02-21 16:16:03.851 27232 31015 D CybinRelayClient: [wss://ammetronics.com] Scheduling reconnect attempt 1/6 in 2000ms
02-21 16:16:03.852 27232 31780 D RelayConnectionStateMachine: [wss://relay.og.coop] Disconnected ΓÇö pool will auto-reconnect if subs active
02-21 16:16:03.852 27232 31780 D CybinRelayClient: [wss://relay.og.coop] Scheduling reconnect attempt 1/6 in 2000ms
02-21 16:16:03.852 27232 30484 W CybinRelayClient: [wss://nostr-relay.moe.gift] Receive error: null
02-21 16:16:03.852 27232 30484 D RelayConnectionStateMachine: [wss://nostr-relay.moe.gift] Disconnected ΓÇö pool will auto-reconnect if subs active
02-21 16:16:03.852 27232 30484 D CybinRelayClient: [wss://nostr-relay.moe.gift] Scheduling reconnect attempt 1/6 in 2000ms
02-21 16:16:04.156 27232 31838 D StrictMode: StrictMode policy violation: android.os.strictmode.UntaggedSocketViolation: Untagged socket detected; use TrafficStats.setTrafficStatsTag() to track all network usage
02-21 16:16:04.156 27232 31838 D StrictMode: 	at android.os.StrictMode.onUntaggedSocket(StrictMode.java:2324)
02-21 16:16:04.156 27232 31838 D StrictMode: 	at android.os.StrictMode.noteUntaggedSocket(StrictMode.java:2808)
02-21 16:16:04.156 27232 31838 D StrictMode: 	at android.net.TrafficStats$SocketTagger.tag(TrafficStats.java:433)
02-21 16:16:04.156 27232 31838 D StrictMode: 	at libcore.io.BlockGuardOs.tagSocket(BlockGuardOs.java:55)
02-21 16:16:04.156 27232 31838 D StrictMode: 	at libcore.io.BlockGuardOs.socket(BlockGuardOs.java:404)
02-21 16:16:04.156 27232 31838 D StrictMode: 	at libcore.io.ForwardingOs.socket(ForwardingOs.java:826)
02-21 16:16:04.156 27232 31838 D StrictMode: 	at libcore.io.IoBridge.socket(IoBridge.java:840)
02-21 16:16:04.156 27232 31838 D StrictMode: 	at java.net.PlainSocketImpl.socketCreate(PlainSocketImpl.java:128)
02-21 16:16:04.156 27232 31838 D StrictMode: 	at java.net.AbstractPlainSocketImpl.create(AbstractPlainSocketImpl.java:128)
02-21 16:16:04.156 27232 31838 D StrictMode: 	at java.net.Socket.createImpl(Socket.java:514)
02-21 16:16:04.156 27232 31838 D StrictMode: 	at java.net.Socket.getImpl(Socket.java:577)
02-21 16:16:04.156 27232 31838 D StrictMode: 	at java.net.Socket.setSoTimeout(Socket.java:1203)
02-21 16:16:04.156 27232 31838 D StrictMode: 	at okhttp3.internal.connection.RealConnection.connectSocket(RealConnection.kt:293)
02-21 16:16:04.156 27232 31838 D StrictMode: 	at okhttp3.internal.connection.RealConnection.connect(RealConnection.kt:207)
02-21 16:16:04.156 27232 31838 D StrictMode: 	at okhttp3.internal.connection.ExchangeFinder.findConnection(ExchangeFinder.kt:226)
02-21 16:16:04.156 27232 31838 D StrictMode: 	at okhttp3.internal.connection.ExchangeFinder.findHealthyConnection(ExchangeFinder.kt:106)
02-21 16:16:04.156 27232 31838 D StrictMode: 	at okhttp3.internal.connection.ExchangeFinder.find(ExchangeFinder.kt:74)
02-21 16:16:04.156 27232 31838 D StrictMode: 	at okhttp3.internal.connection.RealCall.initExchange$okhttp(RealCall.kt:255)
02-21 16:16:04.156 27232 31838 D StrictMode: 	at okhttp3.internal.connection.ConnectInterceptor.intercept(ConnectInterceptor.kt:32)
02-21 16:16:04.156 27232 31838 D StrictMode: 	at okhttp3.internal.http.RealInterceptorChain.proceed(RealInterceptorChain.kt:109)
02-21 16:16:04.156 27232 31838 D StrictMode: 	at okhttp3.internal.cache.CacheInterceptor.intercept(CacheInterceptor.kt:95)
02-21 16:16:04.156 27232 31838 D StrictMode: 	at okhttp3.internal.http.RealInterceptorChain.proceed(RealInterceptorChain.kt:109)
02-21 16:16:04.156 27232 31838 D StrictMode: 	at okhttp3.internal.http.BridgeInterceptor.intercept(BridgeInterceptor.kt:83)
02-21 16:16:04.156 27232 31838 D StrictMode: 	at okhttp3.internal.http.RealInterceptorChain.proceed(RealInterceptorChain.kt:109)
02-21 16:16:04.156 27232 31838 D StrictMode: 	at okhttp3.internal.http.RetryAndFollowUpInterceptor.intercept(RetryAndFollowUpInterceptor.kt:76)
02-21 16:16:04.156 27232 31838 D StrictMode: 	at okhttp3.internal.http.RealInterceptorChain.proceed(RealInterceptorChain.kt:109)
02-21 16:16:04.156 27232 31838 D StrictMode: 	at okhttp3.internal.connection.RealCall.getResponseWithInterceptorChain$okhttp(RealCall.kt:201)
02-21 16:16:04.156 27232 31838 D StrictMode: 	at okhttp3.internal.connection.RealCall$AsyncCall.run(RealCall.kt:517)
02-21 16:16:04.156 27232 31838 D StrictMode: 	at java.util.concurrent.ThreadPoolExecutor.runWorker(ThreadPoolExecutor.java:1156)
02-21 16:16:04.156 27232 31838 D StrictMode: 	at java.util.concurrent.ThreadPoolExecutor$Worker.run(ThreadPoolExecutor.java:651)
02-21 16:16:04.156 27232 31838 D StrictMode: 	at java.lang.Thread.run(Thread.java:1119)
02-21 16:16:04.267 27232 31006 D Nip11CacheManager: ≡ƒôï Using cached NIP-11 data for wss://relay.damus.io
02-21 16:16:04.267 27232 30525 D Nip11CacheManager: ≡ƒôï Using cached NIP-11 data for wss://nostr-relay.moe.gift
02-21 16:16:04.267 27232 31513 D Nip11CacheManager: ≡ƒîÉ Fetching fresh NIP-11 data for wss://czas.xyz
02-21 16:16:04.268 27232 31591 D Nip11CacheManager: ≡ƒôï Using cached NIP-11 data for wss://relay.og.coop
02-21 16:16:04.268 27232 31780 D Nip11CacheManager: ≡ƒôï Using cached NIP-11 data for wss://relay.spacetomatoes.net
02-21 16:16:04.270 27232 31013 D RelayRepository: ≡ƒôí Fetching NIP-65 relay list for pubkey: 50809a53... from 5 indexer relays
02-21 16:16:04.271 27232 31013 D CybinRelayClient: [wss://relay.og.coop] Queued sub=zloy9n3gso (BACKGROUND) ΓÇö 8/8 active, 12 queued
02-21 16:16:04.271 27232 27232 D TopicsRepository: Computed stats for 6 hashtags
02-21 16:16:04.272 27232 31013 D CybinRelayClient: [wss://nostr-relay.moe.gift] Queued sub=zloy9n3gso (BACKGROUND) ΓÇö 8/8 active, 12 queued
02-21 16:16:04.272 27232 31013 D CybinRelayClient: [wss://ammetronics.com] Queued sub=zloy9n3gso (BACKGROUND) ΓÇö 8/8 active, 12 queued
02-21 16:16:04.273 27232 31013 D CybinRelayClient: [wss://relay.spacetomatoes.net] Queued sub=zloy9n3gso (BACKGROUND) ΓÇö 8/8 active, 12 queued
02-21 16:16:04.273 27232 31013 D CybinRelayClient: [wss://czas.xyz] Queued sub=zloy9n3gso (BACKGROUND) ΓÇö 8/8 active, 12 queued
02-21 16:16:04.274 27232 31524 D Nip11CacheManager: ≡ƒôï Using cached NIP-11 data for wss://ammetronics.com
02-21 16:16:04.363 27232 27232 W WindowOnBackDispatcher: sendCancelIfRunning: isInProgress=false callback=android.view.ViewRootImpl$$ExternalSyntheticLambda11@2b4b75
02-21 16:16:04.365 27232 27255 D Surface : Surface::disconnect
02-21 16:16:04.365 27232 27255 D BufferQueueProducer: [Pop-Up Window#153744(BLAST Consumer)pid:27232](id:6a6000000015,api:1,p:27232,c:27232) disconnect: api 1
02-21 16:16:04.366 27232 27255 D HWUI    : endAllActiveAnimators on 0xb4000071f1998a70 (UnprojectedRipple) with handle 0xb400007211729680
02-21 16:16:04.541 27232 31591 W CybinRelayClient: [wss://ammetronics.com] Send failed: null
02-21 16:16:04.541 27232 31524 W Nip42Auth: No signer available ΓÇö cannot respond to AUTH from wss://ammetronics.com
02-21 16:16:04.582 27232 31524 W Nip42Auth: No signer available ΓÇö cannot respond to AUTH from wss://nostr-relay.moe.gift
02-21 16:16:04.583 27232 31523 W CybinRelayClient: [wss://nostr-relay.moe.gift] Send failed: null
02-21 16:16:04.684 27232 31013 W CybinRelayClient: [wss://relay.og.coop] Send failed: Channel was cancelled
02-21 16:16:04.864 27232 31013 D Nip11CacheManager: Fetched NIP-11 info for wss://czas.xyz: Transmiter Nostr
02-21 16:16:05.665 27232 31013 D UrlPreviewService: Fetching preview for: https://pareto.town/.well-known/nostr.json?name=michael_meyen>
02-21 16:16:05.734 27232 27384 D StrictMode: StrictMode policy violation: android.os.strictmode.UntaggedSocketViolation: Untagged socket detected; use TrafficStats.setTrafficStatsTag() to track all network usage
02-21 16:16:05.734 27232 27384 D StrictMode: 	at android.os.StrictMode.onUntaggedSocket(StrictMode.java:2324)
02-21 16:16:05.734 27232 27384 D StrictMode: 	at android.os.StrictMode.noteUntaggedSocket(StrictMode.java:2808)
02-21 16:16:05.734 27232 27384 D StrictMode: 	at android.net.TrafficStats$SocketTagger.tag(TrafficStats.java:433)
02-21 16:16:05.734 27232 27384 D StrictMode: 	at libcore.io.BlockGuardOs.tagSocket(BlockGuardOs.java:55)
02-21 16:16:05.734 27232 27384 D StrictMode: 	at libcore.io.BlockGuardOs.socket(BlockGuardOs.java:404)
02-21 16:16:05.734 27232 27384 D StrictMode: 	at libcore.io.ForwardingOs.socket(ForwardingOs.java:826)
02-21 16:16:05.734 27232 27384 D StrictMode: 	at libcore.io.IoBridge.socket(IoBridge.java:840)
02-21 16:16:05.734 27232 27384 D StrictMode: 	at java.net.PlainSocketImpl.socketCreate(PlainSocketImpl.java:128)
02-21 16:16:05.734 27232 27384 D StrictMode: 	at java.net.AbstractPlainSocketImpl.create(AbstractPlainSocketImpl.java:128)
02-21 16:16:05.734 27232 27384 D StrictMode: 	at java.net.Socket.createImpl(Socket.java:514)
02-21 16:16:05.734 27232 27384 D StrictMode: 	at java.net.Socket.getImpl(Socket.java:577)
02-21 16:16:05.734 27232 27384 D StrictMode: 	at java.net.Socket.setSoTimeout(Socket.java:1203)
02-21 16:16:05.734 27232 27384 D StrictMode: 	at okhttp3.internal.connection.RealConnection.connectSocket(RealConnection.kt:293)
02-21 16:16:05.734 27232 27384 D StrictMode: 	at okhttp3.internal.connection.RealConnection.connect(RealConnection.kt:207)
02-21 16:16:05.734 27232 27384 D StrictMode: 	at okhttp3.internal.connection.ExchangeFinder.findConnection(ExchangeFinder.kt:226)
02-21 16:16:05.734 27232 27384 D StrictMode: 	at okhttp3.internal.connection.ExchangeFinder.findHealthyConnection(ExchangeFinder.kt:106)
02-21 16:16:05.734 27232 27384 D StrictMode: 	at okhttp3.internal.connection.ExchangeFinder.find(ExchangeFinder.kt:74)
02-21 16:16:05.734 27232 27384 D StrictMode: 	at okhttp3.internal.connection.RealCall.initExchange$okhttp(RealCall.kt:255)
02-21 16:16:05.734 27232 27384 D StrictMode: 	at okhttp3.internal.connection.ConnectInterceptor.intercept(ConnectInterceptor.kt:32)
02-21 16:16:05.734 27232 27384 D StrictMode: 	at okhttp3.internal.http.RealInterceptorChain.proceed(RealInterceptorChain.kt:109)
02-21 16:16:05.734 27232 27384 D StrictMode: 	at okhttp3.internal.cache.CacheInterceptor.intercept(CacheInterceptor.kt:95)
02-21 16:16:05.734 27232 27384 D StrictMode: 	at okhttp3.internal.http.RealInterceptorChain.proceed(RealInterceptorChain.kt:109)
02-21 16:16:05.734 27232 27384 D StrictMode: 	at okhttp3.internal.http.BridgeInterceptor.intercept(BridgeInterceptor.kt:83)
02-21 16:16:05.734 27232 27384 D StrictMode: 	at okhttp3.internal.http.RealInterceptorChain.proceed(RealInterceptorChain.kt:109)
02-21 16:16:05.734 27232 27384 D StrictMode: 	at okhttp3.internal.http.RetryAndFollowUpInterceptor.intercept(RetryAndFollowUpInterceptor.kt:76)
02-21 16:16:05.734 27232 27384 D StrictMode: 	at okhttp3.internal.http.RealInterceptorChain.proceed(RealInterceptorChain.kt:109)
02-21 16:16:05.734 27232 27384 D StrictMode: 	at okhttp3.internal.connection.RealCall.getResponseWithInterceptorChain$okhttp(RealCall.kt:201)
02-21 16:16:05.734 27232 27384 D StrictMode: 	at okhttp3.internal.connection.RealCall$AsyncCall.run(RealCall.kt:517)
02-21 16:16:05.734 27232 27384 D StrictMode: 	at java.util.concurrent.ThreadPoolExecutor.runWorker(ThreadPoolExecutor.java:1156)
02-21 16:16:05.734 27232 27384 D StrictMode: 	at java.util.concurrent.ThreadPoolExecutor$Worker.run(ThreadPoolExecutor.java:651)
02-21 16:16:05.734 27232 27384 D StrictMode: 	at java.lang.Thread.run(Thread.java:1119)
02-21 16:16:06.247 27232 31013 E UrlPreviewService: Error fetching preview for https://pareto.town/.well-known/nostr.json?name=michael_meyen>
02-21 16:16:06.247 27232 31013 E UrlPreviewService: java.io.IOException: Content is not HTML: application/json; charset=utf-8
02-21 16:16:06.247 27232 31013 E UrlPreviewService: 	at social.mycelium.android.services.UrlPreviewService.fetchHtml(UrlPreviewService.kt:124)
02-21 16:16:06.247 27232 31013 E UrlPreviewService: 	at social.mycelium.android.services.UrlPreviewService.access$fetchHtml(UrlPreviewService.kt:20)
02-21 16:16:06.247 27232 31013 E UrlPreviewService: 	at social.mycelium.android.services.UrlPreviewService$fetchHtml$1.invokeSuspend(Unknown Source:15)
02-21 16:16:06.247 27232 31013 E UrlPreviewService: 	at kotlin.coroutines.jvm.internal.BaseContinuationImpl.resumeWith(ContinuationImpl.kt:33)
02-21 16:16:06.247 27232 31013 E UrlPreviewService: 	at kotlinx.coroutines.DispatchedTask.run(DispatchedTask.kt:101)
02-21 16:16:06.247 27232 31013 E UrlPreviewService: 	at kotlinx.coroutines.internal.LimitedDispatcher$Worker.run(LimitedDispatcher.kt:113)
02-21 16:16:06.247 27232 31013 E UrlPreviewService: 	at kotlinx.coroutines.scheduling.TaskImpl.run(Tasks.kt:89)
02-21 16:16:06.247 27232 31013 E UrlPreviewService: 	at kotlinx.coroutines.scheduling.CoroutineScheduler.runSafely(CoroutineScheduler.kt:589)
02-21 16:16:06.247 27232 31013 E UrlPreviewService: 	at kotlinx.coroutines.scheduling.CoroutineScheduler$Worker.executeTask(CoroutineScheduler.kt:823)
02-21 16:16:06.247 27232 31013 E UrlPreviewService: 	at kotlinx.coroutines.scheduling.CoroutineScheduler$Worker.runWorker(CoroutineScheduler.kt:720)
02-21 16:16:06.247 27232 31013 E UrlPreviewService: 	at kotlinx.coroutines.scheduling.CoroutineScheduler$Worker.run(CoroutineScheduler.kt:707)
02-21 16:16:06.247 27232 31013 D UrlPreviewService: Fetching preview for: https://freie-medienakademie.de/.well-known/nostr.json>
02-21 16:16:06.258 27232 27232 D ThreadView: note=a39dff85 replyKind=1111 relays=1 alreadyLoaded=false relayUrls=[wss://relay.damus.io]
02-21 16:16:06.258 27232 27232 D ThreadView: LOADING replies: note=a39dff85 replyKind=1111 via threadRepliesVM
02-21 16:16:06.258 27232 27232 D ThreadRepliesViewModel: Loading replies for note a39dff85... from 1 relays
02-21 16:16:06.259 27232 27232 D ThreadRepliesRepository: Relay URLs set for thread replies: 1
02-21 16:16:06.259 27232 27232 D ThreadRepliesRepository: Fetching kind [1, 1111] replies for note a39dff85... from 1 relays (shared client)
02-21 16:16:06.260 27232 27232 D CybinRelayClient: [wss://relay.damus.io] Evicted sub=1nurwlqo9m (HIGH) to make room
02-21 16:16:06.260 27232 27232 D CybinRelayClient: [wss://relay.damus.io] Evicted sub=0kwop4rw92 (HIGH) to make room
02-21 16:16:06.260 27232 27232 D ThreadRepliesViewModel: Updated replies state: 0 replies, 0 threads
02-21 16:16:06.748 27232 31524 E UrlPreviewService: Error fetching preview for https://freie-medienakademie.de/.well-known/nostr.json>
02-21 16:16:06.748 27232 31524 E UrlPreviewService: javax.net.ssl.SSLPeerUnverifiedException: Hostname freie-medienakademie.de not verified:
02-21 16:16:06.748 27232 31524 E UrlPreviewService:     certificate: sha256/zyJDE4Effxco9QrY2CZMvaKsiA5bPKCdgSXZCRR+y5M=
02-21 16:16:06.748 27232 31524 E UrlPreviewService:     DN: CN=www.freie-medienakademie.de
02-21 16:16:06.748 27232 31524 E UrlPreviewService:     subjectAltNames: [www.freie-medienakademie.de]
02-21 16:16:06.748 27232 31524 E UrlPreviewService: 	at okhttp3.internal.connection.RealConnection.connectTls(RealConnection.kt:389)
02-21 16:16:06.748 27232 31524 E UrlPreviewService: 	at okhttp3.internal.connection.RealConnection.establishProtocol(RealConnection.kt:337)
02-21 16:16:06.748 27232 31524 E UrlPreviewService: 	at okhttp3.internal.connection.RealConnection.connect(RealConnection.kt:209)
02-21 16:16:06.748 27232 31524 E UrlPreviewService: 	at okhttp3.internal.connection.ExchangeFinder.findConnection(ExchangeFinder.kt:226)
02-21 16:16:06.748 27232 31524 E UrlPreviewService: 	at okhttp3.internal.connection.ExchangeFinder.findHealthyConnection(ExchangeFinder.kt:106)
02-21 16:16:06.748 27232 31524 E UrlPreviewService: 	at okhttp3.internal.connection.ExchangeFinder.find(ExchangeFinder.kt:74)
02-21 16:16:06.748 27232 31524 E UrlPreviewService: 	at okhttp3.internal.connection.RealCall.initExchange$okhttp(RealCall.kt:255)
02-21 16:16:06.748 27232 31524 E UrlPreviewService: 	at okhttp3.internal.connection.ConnectInterceptor.intercept(ConnectInterceptor.kt:32)
02-21 16:16:06.748 27232 31524 E UrlPreviewService: 	at okhttp3.internal.http.RealInterceptorChain.proceed(RealInterceptorChain.kt:109)
02-21 16:16:06.748 27232 31524 E UrlPreviewService: 	at okhttp3.internal.cache.CacheInterceptor.intercept(CacheInterceptor.kt:95)
02-21 16:16:06.748 27232 31524 E UrlPreviewService: 	at okhttp3.internal.http.RealInterceptorChain.proceed(RealInterceptorChain.kt:109)
02-21 16:16:06.748 27232 31524 E UrlPreviewService: 	at okhttp3.internal.http.BridgeInterceptor.intercept(BridgeInterceptor.kt:83)
02-21 16:16:06.748 27232 31524 E UrlPreviewService: 	at okhttp3.internal.http.RealInterceptorChain.proceed(RealInterceptorChain.kt:109)
02-21 16:16:06.748 27232 31524 E UrlPreviewService: 	at okhttp3.internal.http.RetryAndFollowUpInterceptor.intercept(RetryAndFollowUpInterceptor.kt:76)
02-21 16:16:06.748 27232 31524 E UrlPreviewService: 	at okhttp3.internal.http.RealInterceptorChain.proceed(RealInterceptorChain.kt:109)
02-21 16:16:06.748 27232 31524 E UrlPreviewService: 	at okhttp3.internal.connection.RealCall.getResponseWithInterceptorChain$okhttp(RealCall.kt:201)
02-21 16:16:06.748 27232 31524 E UrlPreviewService: 	at okhttp3.internal.connection.RealCall$AsyncCall.run(RealCall.kt:517)
02-21 16:16:06.748 27232 31524 E UrlPreviewService: 	at java.util.concurrent.ThreadPoolExecutor.runWorker(ThreadPoolExecutor.java:1156)
02-21 16:16:06.748 27232 31524 E UrlPreviewService: 	at java.util.concurrent.ThreadPoolExecutor$Worker.run(ThreadPoolExecutor.java:651)
02-21 16:16:06.748 27232 31524 E UrlPreviewService: 	at java.lang.Thread.run(Thread.java:1119)
02-21 16:16:06.756 27232 31524 D UrlPreviewService: Fetching preview for: https://www.fastcompany.com/91477977/ozempic-mac-vs-pc-ad
02-21 16:16:06.809 27232 27384 D StrictMode: StrictMode policy violation: android.os.strictmode.UntaggedSocketViolation: Untagged socket detected; use TrafficStats.setTrafficStatsTag() to track all network usage
02-21 16:16:06.809 27232 27384 D StrictMode: 	at android.os.StrictMode.onUntaggedSocket(StrictMode.java:2324)
02-21 16:16:06.809 27232 27384 D StrictMode: 	at android.os.StrictMode.noteUntaggedSocket(StrictMode.java:2808)
02-21 16:16:06.809 27232 27384 D StrictMode: 	at android.net.TrafficStats$SocketTagger.tag(TrafficStats.java:433)
02-21 16:16:06.809 27232 27384 D StrictMode: 	at libcore.io.BlockGuardOs.tagSocket(BlockGuardOs.java:55)
02-21 16:16:06.809 27232 27384 D StrictMode: 	at libcore.io.BlockGuardOs.socket(BlockGuardOs.java:404)
02-21 16:16:06.809 27232 27384 D StrictMode: 	at libcore.io.ForwardingOs.socket(ForwardingOs.java:826)
02-21 16:16:06.809 27232 27384 D StrictMode: 	at libcore.io.IoBridge.socket(IoBridge.java:840)
02-21 16:16:06.809 27232 27384 D StrictMode: 	at java.net.PlainSocketImpl.socketCreate(PlainSocketImpl.java:128)
02-21 16:16:06.809 27232 27384 D StrictMode: 	at java.net.AbstractPlainSocketImpl.create(AbstractPlainSocketImpl.java:128)
02-21 16:16:06.809 27232 27384 D StrictMode: 	at java.net.Socket.createImpl(Socket.java:514)
02-21 16:16:06.809 27232 27384 D StrictMode: 	at java.net.Socket.getImpl(Socket.java:577)
02-21 16:16:06.809 27232 27384 D StrictMode: 	at java.net.Socket.setSoTimeout(Socket.java:1203)
02-21 16:16:06.809 27232 27384 D StrictMode: 	at okhttp3.internal.connection.RealConnection.connectSocket(RealConnection.kt:293)
02-21 16:16:06.809 27232 27384 D StrictMode: 	at okhttp3.internal.connection.RealConnection.connect(RealConnection.kt:207)
02-21 16:16:06.809 27232 27384 D StrictMode: 	at okhttp3.internal.connection.ExchangeFinder.findConnection(ExchangeFinder.kt:226)
02-21 16:16:06.809 27232 27384 D StrictMode: 	at okhttp3.internal.connection.ExchangeFinder.findHealthyConnection(ExchangeFinder.kt:106)
02-21 16:16:06.809 27232 27384 D StrictMode: 	at okhttp3.internal.connection.ExchangeFinder.find(ExchangeFinder.kt:74)
02-21 16:16:06.809 27232 27384 D StrictMode: 	at okhttp3.internal.connection.RealCall.initExchange$okhttp(RealCall.kt:255)
02-21 16:16:06.809 27232 27384 D StrictMode: 	at okhttp3.internal.connection.ConnectInterceptor.intercept(ConnectInterceptor.kt:32)
02-21 16:16:06.809 27232 27384 D StrictMode: 	at okhttp3.internal.http.RealInterceptorChain.proceed(RealInterceptorChain.kt:109)
02-21 16:16:06.809 27232 27384 D StrictMode: 	at okhttp3.internal.cache.CacheInterceptor.intercept(CacheInterceptor.kt:95)
02-21 16:16:06.809 27232 27384 D StrictMode: 	at okhttp3.internal.http.RealInterceptorChain.proceed(RealInterceptorChain.kt:109)
02-21 16:16:06.809 27232 27384 D StrictMode: 	at okhttp3.internal.http.BridgeInterceptor.intercept(BridgeInterceptor.kt:83)
02-21 16:16:06.809 27232 27384 D StrictMode: 	at okhttp3.internal.http.RealInterceptorChain.proceed(RealInterceptorChain.kt:109)
02-21 16:16:06.809 27232 27384 D StrictMode: 	at okhttp3.internal.http.RetryAndFollowUpInterceptor.intercept(RetryAndFollowUpInterceptor.kt:76)
02-21 16:16:06.809 27232 27384 D StrictMode: 	at okhttp3.internal.http.RealInterceptorChain.proceed(RealInterceptorChain.kt:109)
02-21 16:16:06.809 27232 27384 D StrictMode: 	at okhttp3.internal.connection.RealCall.getResponseWithInterceptorChain$okhttp(RealCall.kt:201)
02-21 16:16:06.809 27232 27384 D StrictMode: 	at okhttp3.internal.connection.RealCall$AsyncCall.run(RealCall.kt:517)
02-21 16:16:06.809 27232 27384 D StrictMode: 	at java.util.concurrent.ThreadPoolExecutor.runWorker(ThreadPoolExecutor.java:1156)
02-21 16:16:06.809 27232 27384 D StrictMode: 	at java.util.concurrent.ThreadPoolExecutor$Worker.run(ThreadPoolExecutor.java:651)
02-21 16:16:06.809 27232 27384 D StrictMode: 	at java.lang.Thread.run(Thread.java:1119)
02-21 16:16:06.911 27232 30266 D BufferPoolAccessor2.0: bufferpool2 0xb4000072d1799008 : 0(0 size) total buffers - 0(0 size) used buffers - 196/202 (recycle/alloc) - 5/195 (fetch/transfer)
02-21 16:16:06.911 27232 30266 D BufferPoolAccessor2.0: evictor expired: 1, evicted: 1
02-21 16:16:07.096 27232 31524 E UrlPreviewService: Error fetching preview for https://www.fastcompany.com/91477977/ozempic-mac-vs-pc-ad
02-21 16:16:07.096 27232 31524 E UrlPreviewService: java.io.IOException: HTTP 403 
02-21 16:16:07.096 27232 31524 E UrlPreviewService: 	at social.mycelium.android.services.UrlPreviewService.fetchHtml(UrlPreviewService.kt:119)
02-21 16:16:07.096 27232 31524 E UrlPreviewService: 	at social.mycelium.android.services.UrlPreviewService.access$fetchHtml(UrlPreviewService.kt:20)
02-21 16:16:07.096 27232 31524 E UrlPreviewService: 	at social.mycelium.android.services.UrlPreviewService$fetchHtml$1.invokeSuspend(Unknown Source:15)
02-21 16:16:07.096 27232 31524 E UrlPreviewService: 	at kotlin.coroutines.jvm.internal.BaseContinuationImpl.resumeWith(ContinuationImpl.kt:33)
02-21 16:16:07.096 27232 31524 E UrlPreviewService: 	at kotlinx.coroutines.DispatchedTask.run(DispatchedTask.kt:101)
02-21 16:16:07.096 27232 31524 E UrlPreviewService: 	at kotlinx.coroutines.internal.LimitedDispatcher$Worker.run(LimitedDispatcher.kt:113)
02-21 16:16:07.096 27232 31524 E UrlPreviewService: 	at kotlinx.coroutines.scheduling.TaskImpl.run(Tasks.kt:89)
02-21 16:16:07.096 27232 31524 E UrlPreviewService: 	at kotlinx.coroutines.scheduling.CoroutineScheduler.runSafely(CoroutineScheduler.kt:589)
02-21 16:16:07.096 27232 31524 E UrlPreviewService: 	at kotlinx.coroutines.scheduling.CoroutineScheduler$Worker.executeTask(CoroutineScheduler.kt:823)
02-21 16:16:07.096 27232 31524 E UrlPreviewService: 	at kotlinx.coroutines.scheduling.CoroutineScheduler$Worker.runWorker(CoroutineScheduler.kt:720)
02-21 16:16:07.096 27232 31524 E UrlPreviewService: 	at kotlinx.coroutines.scheduling.CoroutineScheduler$Worker.run(CoroutineScheduler.kt:707)
02-21 16:16:07.098 27232 31524 D UrlPreviewService: Fetching preview for: https://blossom.primal.net/40b3fdab2b17f26573c68d9b08de301d5f626c7e5b3f9894dfdb990296a0baa1.xdc
02-21 16:16:07.663 27232 31524 D NoteCountsRepository: Phase 2: sending kind-7 + kind-9735 enrichment
02-21 16:16:07.664 27232 31524 D NoteCountsRepository: Updating counts sub (phase=2): 182 notes across 1 relays (1 total)
02-21 16:16:07.667 27232 31524 D CybinRelayClient: [wss://relay.damus.io] Queued sub=m6q1tpzzlf (NORMAL) ΓÇö 8/8 active, 26 queued
02-21 16:16:07.761 27232 27232 D ThreadRepliesRepository: Replies live for note a39dff85... (0 so far)
02-21 16:16:07.911 27232 30266 D BufferPoolAccessor2.0: bufferpool2 0xb4000072d17e0668 : 0(0 size) total buffers - 0(0 size) used buffers - 5/12 (recycle/alloc) - 2/3 (fetch/transfer)
02-21 16:16:07.911 27232 30266 D BufferPoolAccessor2.0: evictor expired: 1, evicted: 1
02-21 16:16:08.070 27232 31522 E UrlPreviewService: Error fetching preview for https://blossom.primal.net/40b3fdab2b17f26573c68d9b08de301d5f626c7e5b3f9894dfdb990296a0baa1.xdc
02-21 16:16:08.070 27232 31522 E UrlPreviewService: java.io.IOException: Content is not HTML: application/zip
02-21 16:16:08.070 27232 31522 E UrlPreviewService: 	at social.mycelium.android.services.UrlPreviewService.fetchHtml(UrlPreviewService.kt:124)
02-21 16:16:08.070 27232 31522 E UrlPreviewService: 	at social.mycelium.android.services.UrlPreviewService.access$fetchHtml(UrlPreviewService.kt:20)
02-21 16:16:08.070 27232 31522 E UrlPreviewService: 	at social.mycelium.android.services.UrlPreviewService$fetchHtml$1.invokeSuspend(Unknown Source:15)
02-21 16:16:08.070 27232 31522 E UrlPreviewService: 	at kotlin.coroutines.jvm.internal.BaseContinuationImpl.resumeWith(ContinuationImpl.kt:33)
02-21 16:16:08.070 27232 31522 E UrlPreviewService: 	at kotlinx.coroutines.DispatchedTask.run(DispatchedTask.kt:101)
02-21 16:16:08.070 27232 31522 E UrlPreviewService: 	at kotlinx.coroutines.internal.LimitedDispatcher$Worker.run(LimitedDispatcher.kt:113)
02-21 16:16:08.070 27232 31522 E UrlPreviewService: 	at kotlinx.coroutines.scheduling.TaskImpl.run(Tasks.kt:89)
02-21 16:16:08.070 27232 31522 E UrlPreviewService: 	at kotlinx.coroutines.scheduling.CoroutineScheduler.runSafely(CoroutineScheduler.kt:589)
02-21 16:16:08.070 27232 31522 E UrlPreviewService: 	at kotlinx.coroutines.scheduling.CoroutineScheduler$Worker.executeTask(CoroutineScheduler.kt:823)
02-21 16:16:08.070 27232 31522 E UrlPreviewService: 	at kotlinx.coroutines.scheduling.CoroutineScheduler$Worker.runWorker(CoroutineScheduler.kt:720)
02-21 16:16:08.070 27232 31522 E UrlPreviewService: 	at kotlinx.coroutines.scheduling.CoroutineScheduler$Worker.run(CoroutineScheduler.kt:707)
02-21 16:16:09.274 27232 31522 D RelayRepository: ≡ƒôí No kind 10002 event found for pubkey 50809a53...
02-21 16:16:09.678 27232 31522 D NoteCountsRepository: Phase 2: sending kind-7 + kind-9735 enrichment
02-21 16:16:09.680 27232 31522 D NoteCountsRepository: Updating counts sub (phase=2): 181 notes across 1 relays (1 total)
02-21 16:16:09.686 27232 31522 D CybinRelayClient: [wss://relay.damus.io] Queued sub=xjjt7prvqm (NORMAL) ΓÇö 8/8 active, 26 queued
02-21 16:16:11.400 27232 31522 D RelayRepository: ≡ƒôí Fetching NIP-65 relay list for pubkey: 50809a53... from 5 indexer relays
02-21 16:16:11.400 27232 31522 D CybinRelayClient: [wss://relay.og.coop] Queued sub=4ov0qcqw6a (BACKGROUND) ΓÇö 8/8 active, 12 queued
02-21 16:16:11.400 27232 31522 D CybinRelayClient: [wss://nostr-relay.moe.gift] Queued sub=4ov0qcqw6a (BACKGROUND) ΓÇö 8/8 active, 12 queued
02-21 16:16:11.401 27232 27232 D TopicsRepository: Computed stats for 6 hashtags
02-21 16:16:11.401 27232 31522 D CybinRelayClient: [wss://ammetronics.com] Queued sub=4ov0qcqw6a (BACKGROUND) ΓÇö 8/8 active, 12 queued
02-21 16:16:11.401 27232 31522 D CybinRelayClient: [wss://relay.spacetomatoes.net] Queued sub=4ov0qcqw6a (BACKGROUND) ΓÇö 8/8 active, 12 queued
02-21 16:16:11.401 27232 31522 D CybinRelayClient: [wss://czas.xyz] Queued sub=4ov0qcqw6a (BACKGROUND) ΓÇö 8/8 active, 12 queued
02-21 16:16:15.300 27232 31015 D Nip11CacheManager: ≡ƒôï Using cached NIP-11 data for wss://relay.og.coop
02-21 16:16:15.300 27232 31589 D Nip11CacheManager: ≡ƒôï Using cached NIP-11 data for wss://nostr-relay.moe.gift
02-21 16:16:15.301 27232 31006 D Nip11CacheManager: ≡ƒôï Using cached NIP-11 data for wss://ammetronics.com
02-21 16:16:15.301 27232 31524 D Nip11CacheManager: ≡ƒôï Using cached NIP-11 data for wss://relay.spacetomatoes.net
02-21 16:16:15.301 27232 31780 D Nip11CacheManager: ≡ƒôï Using cached NIP-11 data for wss://czas.xyz
02-21 16:16:15.301 27232 31522 D Nip11CacheManager: ≡ƒôï Using cached NIP-11 data for wss://relay.damus.io
02-21 16:16:15.304 27232 30359 D RelayRepository: ≡ƒôí Fetching NIP-65 relay list for pubkey: 50809a53... from 5 indexer relays
02-21 16:16:15.304 27232 27232 D ContactListRepository: Fetching kind-3 for 50809a53... from 6 relay(s)
02-21 16:16:15.304 27232 30359 D CybinRelayClient: [wss://relay.og.coop] Queued sub=ln0mysnwqj (BACKGROUND) ΓÇö 8/8 active, 13 queued
02-21 16:16:15.304 27232 30359 D CybinRelayClient: [wss://nostr-relay.moe.gift] Queued sub=ln0mysnwqj (BACKGROUND) ΓÇö 8/8 active, 13 queued
02-21 16:16:15.304 27232 30359 D CybinRelayClient: [wss://ammetronics.com] Queued sub=ln0mysnwqj (BACKGROUND) ΓÇö 8/8 active, 13 queued
02-21 16:16:15.304 27232 27232 D CybinRelayClient: [wss://relay.og.coop] Evicted sub=dkpj581x15 (BACKGROUND) to make room
02-21 16:16:15.305 27232 30359 D CybinRelayClient: [wss://relay.spacetomatoes.net] Queued sub=ln0mysnwqj (BACKGROUND) ΓÇö 8/8 active, 13 queued
02-21 16:16:15.305 27232 27232 D CybinRelayClient: [wss://nostr-relay.moe.gift] Evicted sub=dkpj581x15 (BACKGROUND) to make room
02-21 16:16:15.305 27232 30359 D CybinRelayClient: [wss://czas.xyz] Queued sub=ln0mysnwqj (BACKGROUND) ΓÇö 8/8 active, 13 queued
02-21 16:16:15.305 27232 27232 D CybinRelayClient: [wss://ammetronics.com] Evicted sub=dkpj581x15 (BACKGROUND) to make room
02-21 16:16:15.305 27232 27232 D CybinRelayClient: [wss://relay.spacetomatoes.net] Evicted sub=7zcjackeiq (BACKGROUND) to make room
02-21 16:16:15.306 27232 27232 D CybinRelayClient: [wss://czas.xyz] Evicted sub=7zcjackeiq (BACKGROUND) to make room
02-21 16:16:15.306 27232 27232 D CybinRelayClient: [wss://relay.damus.io] Queued sub=mfesnz1apg (HIGH) ΓÇö 8/8 active, 27 queued
02-21 16:16:15.306 27232 27232 D Nip65RelayListRepo: Kind-10002 fetch already completed for 50809a53, skipping
02-21 16:16:15.313 27232 27232 D RelayConnectionStateMachine: Subscription unchanged (1 relays), skipping
02-21 16:16:15.313 27232 27232 D NotesRepository: Re-subscribed: following (243 authors)
02-21 16:16:15.358 27232 27232 D ContactListRepository: Kind-3 fetch already in-flight for 50809a53..., waiting
02-21 16:16:15.359 27232 27232 D Nip65RelayListRepo: Kind-10002 fetch already completed for 50809a53, skipping
02-21 16:16:15.394 27232 30525 D CybinRelayClient: [wss://nostr-relay.moe.gift] CLOSED sub=dkpj581x15: Subscription cancelled
02-21 16:16:15.412 27232 30525 D CybinRelayClient: [wss://relay.og.coop] CLOSED sub=dkpj581x15: subscription closed
02-21 16:16:15.507 27232 27232 D NotesRepository: Display filter: 1 relay(s)
02-21 16:16:15.628 27232 31014 E RelayRepository: Γ¥î Failed to fetch relay list: Job was cancelled
02-21 16:16:15.628 27232 31014 E RelayRepository: kotlinx.coroutines.JobCancellationException: Job was cancelled; job=SupervisorJobImpl{Cancelling}@dc4c1cf
02-21 16:16:15.628 27232 27232 D ThreadRepliesRepository: Cleaning up kind 1111 reply subscriptions
02-21 16:16:15.629 27232 27232 D CybinRelayClient: [wss://relay.damus.io] Activated queued sub=9lkpaodwpp (HIGH) ΓÇö 8/8 active, 26 queued
02-21 16:16:15.629 27232 27232 D CybinRelayClient: [wss://relay.damus.io] Activated queued sub=1nurwlqo9m (HIGH) ΓÇö 8/8 active, 25 queued
02-21 16:16:15.629 27232 27232 D Kind1RepliesRepository: Cleaning up Kind 1 reply subscriptions
02-21 16:16:15.715 27232 31014 D NotesRepository: refreshAuthorsFromCache: updated feed with 280 profiles
02-21 16:16:15.787 27232 31522 D Kind1RepliesRepository: Flushed batch: +1 replies (1 events processed)
02-21 16:16:15.788 27232 27232 D Kind1RepliesViewModel: TRACE [aa8858e1]: 5 replies (5 direct, 0 nested), 5 root threads, depth=1
02-21 16:16:15.813 27232 27232 D DashboardViewModel: Loading notes: subscription=1 relays, display=1 relay(s)
02-21 16:16:15.813 27232 27232 D NotesRepository: ensureSubscriptionToNotes: already active for 1 relays, skipping
02-21 16:16:15.847 27232 31589 D NoteCountsRepository: Flushed 1 count events (0 reply count updates)
02-21 16:16:16.166 27232 31591 I MyceliumEvent: id=af8d1e84 relay=ΓÇªwss://relay.damus.io len=120 e=0 p=0 t=0 imeta=0 emoji=0 urls=0 img=0 vid=0 gif=false md=false
02-21 16:16:16.167 27232 31591 I MyceliumEvent: id=e99a5c8b relay=ΓÇªwss://relay.damus.io len=179 e=0 p=1 t=0 imeta=0 emoji=0 urls=0 img=0 vid=0 gif=false md=false
02-21 16:16:16.168 27232 31591 I MyceliumEvent: id=d86ca7be relay=ΓÇªwss://relay.damus.io len=65 e=2 p=45 t=0 imeta=0 emoji=0 urls=0 img=0 vid=0 gif=false md=false
02-21 16:16:16.169 27232 31591 I MyceliumEvent: id=3e790616 relay=ΓÇªwss://relay.damus.io len=229 e=0 p=1 t=0 imeta=1 emoji=0 urls=1 img=1 vid=0 gif=false md=false
02-21 16:16:16.171 27232 31591 I MyceliumEvent: id=283e48ec relay=ΓÇªwss://relay.damus.io len=110 e=5 p=1 t=0 imeta=0 emoji=0 urls=0 img=0 vid=0 gif=false md=false
02-21 16:16:16.171 27232 31591 I MyceliumEvent: id=efc25ae7 relay=ΓÇªwss://relay.damus.io len=18 e=1 p=2 t=0 imeta=0 emoji=0 urls=0 img=0 vid=0 gif=false md=false
02-21 16:16:16.172 27232 31591 I MyceliumEvent: id=3377636e relay=ΓÇªwss://relay.damus.io len=3 e=1 p=3 t=0 imeta=0 emoji=0 urls=0 img=0 vid=0 gif=false md=false
02-21 16:16:16.172 27232 31591 I MyceliumEvent: id=64da2b03 relay=ΓÇªwss://relay.damus.io len=8 e=2 p=2 t=0 imeta=0 emoji=0 urls=0 img=0 vid=0 gif=false md=false
02-21 16:16:16.173 27232 31591 I MyceliumEvent: id=eeaf3b25 relay=ΓÇªwss://relay.damus.io len=16 e=1 p=1 t=2 imeta=0 emoji=0 urls=0 img=0 vid=0 gif=false md=false
02-21 16:16:16.174 27232 31591 I MyceliumEvent: id=2e2201b6 relay=ΓÇªwss://relay.damus.io len=197 e=1 p=3 t=0 imeta=0 emoji=0 urls=0 img=0 vid=0 gif=false md=false
02-21 16:16:16.175 27232 31591 I MyceliumEvent: id=a2b3b71f relay=ΓÇªwss://relay.damus.io len=37 e=0 p=0 t=0 imeta=0 emoji=0 urls=0 img=0 vid=0 gif=false md=false
02-21 16:16:16.175 27232 31591 I MyceliumEvent: id=f280eec2 relay=ΓÇªwss://relay.damus.io len=94 e=2 p=2 t=0 imeta=1 emoji=0 urls=1 img=1 vid=0 gif=true md=false
02-21 16:16:16.176 27232 31591 I MyceliumEvent: id=d4677f73 relay=ΓÇªwss://relay.damus.io len=31 e=2 p=1 t=0 imeta=0 emoji=0 urls=0 img=0 vid=0 gif=false md=false
02-21 16:16:16.176 27232 31591 I MyceliumEvent: id=7290aa85 relay=ΓÇªwss://relay.damus.io len=52 e=1 p=1 t=0 imeta=0 emoji=0 urls=0 img=0 vid=0 gif=false md=false
02-21 16:16:16.176 27232 31591 D NotesRepository: Event sample: id=7290aa85 relay=ΓÇªwss://relay.damus.io len=52 e=1 p=1 t=0 imeta=0 emoji=0 urls=0 img=0 vid=0 gif=false md=false
02-21 16:16:16.177 27232 31591 I MyceliumEvent: id=d8a0c727 relay=ΓÇªwss://relay.damus.io len=21 e=1 p=2 t=0 imeta=0 emoji=0 urls=0 img=0 vid=0 gif=false md=false
02-21 16:16:16.177 27232 31591 I MyceliumEvent: id=071ce0c0 relay=ΓÇªwss://relay.damus.io len=251 e=2 p=47 t=0 imeta=1 emoji=0 urls=1 img=1 vid=0 gif=false md=false
02-21 16:16:16.179 27232 31591 I MyceliumEvent: id=62dfc741 relay=ΓÇªwss://relay.damus.io len=38 e=1 p=1 t=0 imeta=0 emoji=0 urls=0 img=0 vid=0 gif=false md=false
02-21 16:16:16.179 27232 31591 I MyceliumEvent: id=a327ee65 relay=ΓÇªwss://relay.damus.io len=255 e=0 p=2 t=0 imeta=1 emoji=0 urls=1 img=1 vid=0 gif=false md=false
02-21 16:16:16.181 27232 31591 I MyceliumEvent: id=d70af27a relay=ΓÇªwss://relay.damus.io len=705 e=4 p=11 t=0 imeta=0 emoji=0 urls=0 img=0 vid=0 gif=false md=false
02-21 16:16:16.181 27232 31591 I MyceliumEvent: id=b5a9f207 relay=ΓÇªwss://relay.damus.io len=16 e=2 p=46 t=0 imeta=0 emoji=0 urls=0 img=0 vid=0 gif=false md=false
02-21 16:16:16.182 27232 31591 I MyceliumEvent: id=6429e454 relay=ΓÇªwss://relay.damus.io len=308 e=1 p=1 t=0 imeta=0 emoji=0 urls=0 img=0 vid=0 gif=false md=false
02-21 16:16:16.183 27232 31591 I MyceliumEvent: id=d684710e relay=ΓÇªwss://relay.damus.io len=273 e=0 p=0 t=0 imeta=1 emoji=0 urls=1 img=1 vid=0 gif=false md=false
02-21 16:16:16.184 27232 31591 I MyceliumEvent: id=67d559d1 relay=ΓÇªwss://relay.damus.io len=287 e=1 p=2 t=0 imeta=0 emoji=0 urls=0 img=0 vid=0 gif=false md=false
02-21 16:16:16.185 27232 31591 I MyceliumEvent: id=cc10ef53 relay=ΓÇªwss://relay.damus.io len=31 e=1 p=1 t=0 imeta=0 emoji=0 urls=0 img=0 vid=0 gif=false md=false
02-21 16:16:16.185 27232 31591 I MyceliumEvent: id=e3c599ce relay=ΓÇªwss://relay.damus.io len=40 e=2 p=1 t=0 imeta=0 emoji=0 urls=0 img=0 vid=0 gif=false md=false
02-21 16:16:16.186 27232 31591 I MyceliumEvent: id=9c36a05e relay=ΓÇªwss://relay.damus.io len=100 e=0 p=0 t=0 imeta=0 emoji=0 urls=0 img=0 vid=0 gif=false md=false
02-21 16:16:16.186 27232 31591 I MyceliumEvent: id=ea193ff4 relay=ΓÇªwss://relay.damus.io len=5 e=2 p=45 t=0 imeta=0 emoji=0 urls=0 img=0 vid=0 gif=false md=false
02-21 16:16:16.187 27232 31591 I MyceliumEvent: id=58f00b05 relay=ΓÇªwss://relay.damus.io len=163 e=0 p=0 t=0 imeta=0 emoji=0 urls=1 img=1 vid=0 gif=false md=false
02-21 16:16:16.187 27232 31591 I MyceliumEvent: id=c36ec80d relay=ΓÇªwss://relay.damus.io len=325 e=2 p=46 t=0 imeta=0 emoji=0 urls=0 img=0 vid=0 gif=false md=false
02-21 16:16:16.188 27232 31591 I MyceliumEvent: id=9878daa6 relay=ΓÇªwss://relay.damus.io len=20 e=2 p=44 t=0 imeta=0 emoji=0 urls=0 img=0 vid=0 gif=false md=false
02-21 16:16:16.188 27232 31591 I MyceliumEvent: id=871ec6ce relay=ΓÇªwss://relay.damus.io len=99 e=2 p=1 t=0 imeta=0 emoji=0 urls=0 img=0 vid=0 gif=false md=false
02-21 16:16:16.189 27232 31591 I MyceliumEvent: id=dd7a23de relay=ΓÇªwss://relay.damus.io len=14 e=1 p=2 t=0 imeta=0 emoji=0 urls=0 img=0 vid=0 gif=false md=false
02-21 16:16:16.189 27232 31591 I MyceliumEvent: id=92b73ad3 relay=ΓÇªwss://relay.damus.io len=27 e=2 p=45 t=0 imeta=0 emoji=0 urls=0 img=0 vid=0 gif=false md=false
02-21 16:16:16.189 27232 31591 I MyceliumEvent: id=b78914e3 relay=ΓÇªwss://relay.damus.io len=69 e=1 p=2 t=0 imeta=0 emoji=0 urls=0 img=0 vid=0 gif=false md=false
02-21 16:16:16.189 27232 31591 D NotesRepository: Event sample: id=b78914e3 relay=ΓÇªwss://relay.damus.io len=69 e=1 p=2 t=0 imeta=0 emoji=0 urls=0 img=0 vid=0 gif=false md=false
02-21 16:16:16.190 27232 31591 I MyceliumEvent: id=0ea1edd3 relay=ΓÇªwss://relay.damus.io len=8 e=1 p=3 t=0 imeta=0 emoji=0 urls=0 img=0 vid=0 gif=false md=false
02-21 16:16:16.190 27232 31591 I MyceliumEvent: id=504a1ae1 relay=ΓÇªwss://relay.damus.io len=239 e=0 p=2 t=0 imeta=0 emoji=0 urls=0 img=0 vid=0 gif=false md=false
02-21 16:16:16.192 27232 31591 I MyceliumEvent: id=69465ccb relay=ΓÇªwss://relay.damus.io len=80 e=0 p=0 t=0 imeta=0 emoji=0 urls=0 img=0 vid=0 gif=false md=false
02-21 16:16:16.192 27232 31591 I MyceliumEvent: id=7ca55b47 relay=ΓÇªwss://relay.damus.io len=10 e=1 p=1 t=0 imeta=0 emoji=0 urls=0 img=0 vid=0 gif=false md=false
02-21 16:16:16.192 27232 31591 I MyceliumEvent: id=14e1174b relay=ΓÇªwss://relay.damus.io len=43 e=1 p=1 t=0 imeta=0 emoji=0 urls=0 img=0 vid=0 gif=false md=false
02-21 16:16:16.193 27232 31591 I MyceliumEvent: id=e3c1c2cf relay=ΓÇªwss://relay.damus.io len=25 e=2 p=2 t=0 imeta=0 emoji=0 urls=0 img=0 vid=0 gif=false md=false
02-21 16:16:16.193 27232 31591 I MyceliumEvent: id=23df5d54 relay=ΓÇªwss://relay.damus.io len=2 e=1 p=1 t=0 imeta=0 emoji=0 urls=0 img=0 vid=0 gif=false md=false
02-21 16:16:16.193 27232 31591 I MyceliumEvent: id=14ce1172 relay=ΓÇªwss://relay.damus.io len=23 e=3 p=5 t=0 imeta=0 emoji=0 urls=0 img=0 vid=0 gif=false md=false
02-21 16:16:16.194 27232 31591 I MyceliumEvent: id=08e7c65a relay=ΓÇªwss://relay.damus.io len=52 e=2 p=2 t=0 imeta=0 emoji=0 urls=0 img=0 vid=0 gif=false md=false
02-21 16:16:16.194 27232 31591 I MyceliumEvent: id=13cbb0d3 relay=ΓÇªwss://relay.damus.io len=81 e=0 p=0 t=0 imeta=0 emoji=0 urls=0 img=0 vid=0 gif=false md=false
02-21 16:16:16.194 27232 31591 I MyceliumEvent: id=aa8858e1 relay=ΓÇªwss://relay.damus.io len=3 e=1 p=3 t=0 imeta=0 emoji=0 urls=0 img=0 vid=0 gif=false md=false
02-21 16:16:16.195 27232 31591 I MyceliumEvent: id=8f23e35b relay=ΓÇªwss://relay.damus.io len=106 e=2 p=5 t=0 imeta=0 emoji=0 urls=0 img=0 vid=0 gif=false md=false
02-21 16:16:16.195 27232 31591 I MyceliumEvent: id=7c2559aa relay=ΓÇªwss://relay.damus.io len=276 e=0 p=0 t=0 imeta=0 emoji=0 urls=1 img=0 vid=1 gif=false md=false
02-21 16:16:16.197 27232 31591 I MyceliumEvent: id=5aa8bffa relay=ΓÇªwss://relay.damus.io len=138 e=1 p=2 t=0 imeta=0 emoji=0 urls=0 img=0 vid=0 gif=false md=false
02-21 16:16:16.197 27232 31591 I MyceliumEvent: id=09fa6c49 relay=ΓÇªwss://relay.damus.io len=72 e=2 p=4 t=0 imeta=0 emoji=0 urls=0 img=0 vid=0 gif=false md=false
02-21 16:16:16.198 27232 31591 I MyceliumEvent: id=8ae3398d relay=ΓÇªwss://relay.damus.io len=22 e=2 p=2 t=0 imeta=0 emoji=0 urls=0 img=0 vid=0 gif=false md=false
02-21 16:16:16.198 27232 31591 I MyceliumEvent: id=f61890c9 relay=ΓÇªwss://relay.damus.io len=388 e=0 p=1 t=0 imeta=0 emoji=0 urls=0 img=0 vid=0 gif=false md=false
02-21 16:16:16.199 27232 31591 I MyceliumEvent: id=518bf299 relay=ΓÇªwss://relay.damus.io len=106 e=2 p=3 t=0 imeta=0 emoji=0 urls=0 img=0 vid=0 gif=false md=false
