02-21 16:17:57.029  1886 27030 W qdgralloc: getInterlacedFlag: getMetaData returned -22, defaulting to interlaced_flag = 0
02-21 16:17:57.111  1886 27030 W qdgralloc: getInterlacedFlag: getMetaData returned -22, defaulting to interlaced_flag = 0
02-21 16:17:57.111  1886 27030 W qdgralloc: getInterlacedFlag: getMetaData returned -22, defaulting to interlaced_flag = 0
02-21 16:17:57.193  1886 27030 W qdgralloc: getInterlacedFlag: getMetaData returned -22, defaulting to interlaced_flag = 0
02-21 16:17:57.194  1886 27030 W qdgralloc: getInterlacedFlag: getMetaData returned -22, defaulting to interlaced_flag = 0
02-21 16:17:57.277  1886 27030 W qdgralloc: getInterlacedFlag: getMetaData returned -22, defaulting to interlaced_flag = 0
02-21 16:17:57.277  1886 27030 W qdgralloc: getInterlacedFlag: getMetaData returned -22, defaulting to interlaced_flag = 0
02-21 16:17:57.358  1886 27030 W qdgralloc: getInterlacedFlag: getMetaData returned -22, defaulting to interlaced_flag = 0
02-21 16:17:57.359  1886 27030 W qdgralloc: getInterlacedFlag: getMetaData returned -22, defaulting to interlaced_flag = 0
02-21 16:17:57.442  1886 27030 W qdgralloc: getInterlacedFlag: getMetaData returned -22, defaulting to interlaced_flag = 0
02-21 16:17:57.443  1886 27030 W qdgralloc: getInterlacedFlag: getMetaData returned -22, defaulting to interlaced_flag = 0
02-21 16:17:57.526  1886 27030 W qdgralloc: getInterlacedFlag: getMetaData returned -22, defaulting to interlaced_flag = 0
02-21 16:17:57.526  1886 27030 W qdgralloc: getInterlacedFlag: getMetaData returned -22, defaulting to interlaced_flag = 0
02-21 16:17:57.609  1886 27030 W qdgralloc: getInterlacedFlag: getMetaData returned -22, defaulting to interlaced_flag = 0
02-21 16:17:57.609  1886 27030 W qdgralloc: getInterlacedFlag: getMetaData returned -22, defaulting to interlaced_flag = 0
02-21 16:17:57.690  1886 27030 W qdgralloc: getInterlacedFlag: getMetaData returned -22, defaulting to interlaced_flag = 0
02-21 16:17:57.691  1886 27030 W qdgralloc: getInterlacedFlag: getMetaData returned -22, defaulting to interlaced_flag = 0
02-21 16:17:57.773  1886 27030 W qdgralloc: getInterlacedFlag: getMetaData returned -22, defaulting to interlaced_flag = 0
02-21 16:17:57.774  1886 27030 W qdgralloc: getInterlacedFlag: getMetaData returned -22, defaulting to interlaced_flag = 0
02-21 16:17:57.781 26985 27024 I MediaCodec: [0xb4000074a68ce330] dequeue 13 output frames in last 1081 ms, latest timeUs 533781711822, flags 0
02-21 16:17:57.857  1886 27030 W qdgralloc: getInterlacedFlag: getMetaData returned -22, defaulting to interlaced_flag = 0
02-21 16:17:57.857  1886 27030 W qdgralloc: getInterlacedFlag: getMetaData returned -22, defaulting to interlaced_flag = 0
02-21 16:17:57.908  3391  3393 I android.hardware.thermal@2.0-service.qti-v2: Sensor Name:skin1 temp: 37.65. prev severity:3. cur severity:0 New severity:0
02-21 16:17:57.940  1886 27030 W qdgralloc: getInterlacedFlag: getMetaData returned -22, defaulting to interlaced_flag = 0
02-21 16:17:57.940  1886 27030 W qdgralloc: getInterlacedFlag: getMetaData returned -22, defaulting to interlaced_flag = 0
02-21 16:17:57.946  1886 27059 D BufferPoolAccessor2.0: bufferpool2 0xb400007bca18db68 : 6(1916928 size) total buffers - 5(1597440 size) used buffers - 60165/60183 (recycle/alloc) - 251/60178 (fetch/transfer)
02-21 16:17:58.022  1886 27030 W qdgralloc: getInterlacedFlag: getMetaData returned -22, defaulting to interlaced_flag = 0
02-21 16:17:58.023  1886 27030 W qdgralloc: getInterlacedFlag: getMetaData returned -22, defaulting to interlaced_flag = 0
02-21 16:17:58.105  1886 27030 W qdgralloc: getInterlacedFlag: getMetaData returned -22, defaulting to interlaced_flag = 0
02-21 16:17:58.106  1886 27030 W qdgralloc: getInterlacedFlag: getMetaData returned -22, defaulting to interlaced_flag = 0
02-21 16:17:58.111 26985 27023 D BufferPoolAccessor2.0: bufferpool2 0xb4000074968a5568 : 5(19200 size) total buffers - 4(15360 size) used buffers - 67580/67585 (recycle/alloc) - 205/135161 (fetch/transfer)
02-21 16:17:58.189  1886 27030 W qdgralloc: getInterlacedFlag: getMetaData returned -22, defaulting to interlaced_flag = 0
02-21 16:17:58.189  1886 27030 W qdgralloc: getInterlacedFlag: getMetaData returned -22, defaulting to interlaced_flag = 0
02-21 16:17:58.261  2428 27031 D BufferPoolAccessor2.0: bufferpool2 0xb40000748c1325e8 : 2(6000 size) total buffers - 1(3000 size) used buffers - 67575/67590 (recycle/alloc) - 16/67588 (fetch/transfer)
02-21 16:17:58.271  1886 27030 W qdgralloc: getInterlacedFlag: getMetaData returned -22, defaulting to interlaced_flag = 0
02-21 16:17:58.272  1886 27030 W qdgralloc: getInterlacedFlag: getMetaData returned -22, defaulting to interlaced_flag = 0
02-21 16:17:58.354  1886 27030 W qdgralloc: getInterlacedFlag: getMetaData returned -22, defaulting to interlaced_flag = 0
02-21 16:17:58.354  1886 27030 W qdgralloc: getInterlacedFlag: getMetaData returned -22, defaulting to interlaced_flag = 0
02-21 16:17:58.437  1886 27030 W qdgralloc: getInterlacedFlag: getMetaData returned -22, defaulting to interlaced_flag = 0
02-21 16:17:58.437  1886 27030 W qdgralloc: getInterlacedFlag: getMetaData returned -22, defaulting to interlaced_flag = 0
02-21 16:17:58.520  1886 27030 W qdgralloc: getInterlacedFlag: getMetaData returned -22, defaulting to interlaced_flag = 0
02-21 16:17:58.520  1886 27030 W qdgralloc: getInterlacedFlag: getMetaData returned -22, defaulting to interlaced_flag = 0
02-21 16:17:58.602  1886 27030 W qdgralloc: getInterlacedFlag: getMetaData returned -22, defaulting to interlaced_flag = 0
02-21 16:17:58.603  1886 27030 W qdgralloc: getInterlacedFlag: getMetaData returned -22, defaulting to interlaced_flag = 0
02-21 16:17:58.685  1886 27030 W qdgralloc: getInterlacedFlag: getMetaData returned -22, defaulting to interlaced_flag = 0
02-21 16:17:58.685  1886 27030 W qdgralloc: getInterlacedFlag: getMetaData returned -22, defaulting to interlaced_flag = 0
02-21 16:17:58.768  1886 27030 W qdgralloc: getInterlacedFlag: getMetaData returned -22, defaulting to interlaced_flag = 0
02-21 16:17:58.769  1886 27030 W qdgralloc: getInterlacedFlag: getMetaData returned -22, defaulting to interlaced_flag = 0
02-21 16:17:58.852  1886 27030 W qdgralloc: getInterlacedFlag: getMetaData returned -22, defaulting to interlaced_flag = 0
02-21 16:17:58.852  1886 27030 W qdgralloc: getInterlacedFlag: getMetaData returned -22, defaulting to interlaced_flag = 0
02-21 16:17:58.859 26985 27024 I MediaCodec: [0xb4000074a68ce330] dequeue 13 output frames in last 1078 ms, latest timeUs 533782789853, flags 0
02-21 16:17:58.934  1886 27030 W qdgralloc: getInterlacedFlag: getMetaData returned -22, defaulting to interlaced_flag = 0
02-21 16:17:58.935  1886 27030 W qdgralloc: getInterlacedFlag: getMetaData returned -22, defaulting to interlaced_flag = 0
02-21 16:17:59.018  1886 27030 W qdgralloc: getInterlacedFlag: getMetaData returned -22, defaulting to interlaced_flag = 0
02-21 16:17:59.018  1886 27030 W qdgralloc: getInterlacedFlag: getMetaData returned -22, defaulting to interlaced_flag = 0
02-21 16:17:59.100  1886 27030 W qdgralloc: getInterlacedFlag: getMetaData returned -22, defaulting to interlaced_flag = 0
02-21 16:17:59.101  1886 27030 W qdgralloc: getInterlacedFlag: getMetaData returned -22, defaulting to interlaced_flag = 0
02-21 16:17:59.183  1886 27030 W qdgralloc: getInterlacedFlag: getMetaData returned -22, defaulting to interlaced_flag = 0
02-21 16:17:59.183  1886 27030 W qdgralloc: getInterlacedFlag: getMetaData returned -22, defaulting to interlaced_flag = 0
02-21 16:17:59.265  1886 27030 W qdgralloc: getInterlacedFlag: getMetaData returned -22, defaulting to interlaced_flag = 0
02-21 16:17:59.266  1886 27030 W qdgralloc: getInterlacedFlag: getMetaData returned -22, defaulting to interlaced_flag = 0
02-21 16:17:59.348  1886 27030 W qdgralloc: getInterlacedFlag: getMetaData returned -22, defaulting to interlaced_flag = 0
02-21 16:17:59.349  1886 27030 W qdgralloc: getInterlacedFlag: getMetaData returned -22, defaulting to interlaced_flag = 0
02-21 16:17:59.431  1886 27030 W qdgralloc: getInterlacedFlag: getMetaData returned -22, defaulting to interlaced_flag = 0
02-21 16:17:59.432  1886 27030 W qdgralloc: getInterlacedFlag: getMetaData returned -22, defaulting to interlaced_flag = 0
02-21 16:17:59.514  1886 27030 W qdgralloc: getInterlacedFlag: getMetaData returned -22, defaulting to interlaced_flag = 0
02-21 16:17:59.514  1886 27030 W qdgralloc: getInterlacedFlag: getMetaData returned -22, defaulting to interlaced_flag = 0
02-21 16:17:59.560  2994  3628 D WifiStaIfaceHidlImpl: getCachedScanData is not implemented by HIDL
02-21 16:17:59.563  2994  9813 I MotoWifiScorer: onWifiUsabilityStats, seqNum: 83456, isSameBssidAndFreq: true, RSSI: -58, isThroughputSufficient: true, LinkSpeed: 216 Mbps, RxLinkSpeed: 108 Mbps
02-21 16:17:59.563  2994  9813 I MotoWifiScorer: updateWifiUsabilityStats, seqNum: 83456, RSSI: -58, isThroughputSufficient: true, LinkSpeed: 216 Mbps, RxLinkSpeed: 108 Mbps
02-21 16:17:59.563  2994  9813 I MotoWifiScorer: updateWifiUsabilityStats, Duration: 3037, Rx Good: 1, Tx Good: 1, Tx Bad: 0 ( 0 % ), Tx Retry: 0 ( 0 % )
02-21 16:17:59.563  2994  9813 I MotoWifiScorer: onWifiUsabilityStats, FinalScore: 60, RssiBasedScore: 60, LinkBonus: 0, TcpBonus: 0
02-21 16:17:59.566  2994  9813 I MotoWifiScorer: onWifiUsabilityStats, WiFi Usable: true
02-21 16:17:59.568  2994  3641 D ConnectivityService: NetReassign [no changes] [c 0] [a 0] [i 1]
02-21 16:17:59.598  1886 27030 W qdgralloc: getInterlacedFlag: getMetaData returned -22, defaulting to interlaced_flag = 0
02-21 16:17:59.598  1886 27030 W qdgralloc: getInterlacedFlag: getMetaData returned -22, defaulting to interlaced_flag = 0
02-21 16:17:59.680  1886 27030 W qdgralloc: getInterlacedFlag: getMetaData returned -22, defaulting to interlaced_flag = 0
02-21 16:17:59.681  1886 27030 W qdgralloc: getInterlacedFlag: getMetaData returned -22, defaulting to interlaced_flag = 0
02-21 16:17:59.763  1886 27030 W qdgralloc: getInterlacedFlag: getMetaData returned -22, defaulting to interlaced_flag = 0
02-21 16:17:59.763  1886 27030 W qdgralloc: getInterlacedFlag: getMetaData returned -22, defaulting to interlaced_flag = 0
02-21 16:17:59.845  1886 27030 W qdgralloc: getInterlacedFlag: getMetaData returned -22, defaulting to interlaced_flag = 0
02-21 16:17:59.846  1886 27030 W qdgralloc: getInterlacedFlag: getMetaData returned -22, defaulting to interlaced_flag = 0
02-21 16:17:59.929  1886 27030 W qdgralloc: getInterlacedFlag: getMetaData returned -22, defaulting to interlaced_flag = 0
02-21 16:17:59.929  1886 27030 W qdgralloc: getInterlacedFlag: getMetaData returned -22, defaulting to interlaced_flag = 0
02-21 16:17:59.936 26985 27024 I MediaCodec: [0xb4000074a68ce330] dequeue 13 output frames in last 1077 ms, latest timeUs 533783866779, flags 0
02-21 16:18:00.002  3904  3904 V KeyguardStatusViewController: onTimeChanged
02-21 16:18:00.012  1886 27030 D BufferPoolAccessor2.0: bufferpool2 0xb400007bca16b758 : 4(1703936 size) total buffers - 1(425984 size) used buffers - 60187/60204 (recycle/alloc) - 0/0 (fetch/transfer)
02-21 16:18:00.012  1886 27030 W qdgralloc: getInterlacedFlag: getMetaData returned -22, defaulting to interlaced_flag = 0
02-21 16:18:00.013  1886 27030 W qdgralloc: getInterlacedFlag: getMetaData returned -22, defaulting to interlaced_flag = 0
02-21 16:18:00.018  3904  3904 V KeyguardStatusViewController: onTimeChanged
02-21 16:18:00.036  1886 27030 W qdgralloc: getInterlacedFlag: getMetaData returned -22, defaulting to interlaced_flag = 0
02-21 16:18:00.037  1886 27030 W qdgralloc: getInterlacedFlag: getMetaData returned -22, defaulting to interlaced_flag = 0
02-21 16:18:00.094  1886 27030 W qdgralloc: getInterlacedFlag: getMetaData returned -22, defaulting to interlaced_flag = 0
02-21 16:18:00.094  1886 27030 W qdgralloc: getInterlacedFlag: getMetaData returned -22, defaulting to interlaced_flag = 0
02-21 16:18:00.177  1886 27030 W qdgralloc: getInterlacedFlag: getMetaData returned -22, defaulting to interlaced_flag = 0
02-21 16:18:00.178  1886 27030 W qdgralloc: getInterlacedFlag: getMetaData returned -22, defaulting to interlaced_flag = 0
02-21 16:18:00.260  1886 27030 W qdgralloc: getInterlacedFlag: getMetaData returned -22, defaulting to interlaced_flag = 0
02-21 16:18:00.260  1886 27030 W qdgralloc: getInterlacedFlag: getMetaData returned -22, defaulting to interlaced_flag = 0
02-21 16:18:00.343  1886 27030 W qdgralloc: getInterlacedFlag: getMetaData returned -22, defaulting to interlaced_flag = 0
02-21 16:18:00.344  1886 27030 W qdgralloc: getInterlacedFlag: getMetaData returned -22, defaulting to interlaced_flag = 0
02-21 16:18:00.426  1886 27030 W qdgralloc: getInterlacedFlag: getMetaData returned -22, defaulting to interlaced_flag = 0
02-21 16:18:00.426  1886 27030 W qdgralloc: getInterlacedFlag: getMetaData returned -22, defaulting to interlaced_flag = 0
02-21 16:18:00.509  1886 27030 W qdgralloc: getInterlacedFlag: getMetaData returned -22, defaulting to interlaced_flag = 0
02-21 16:18:00.509  1886 27030 W qdgralloc: getInterlacedFlag: getMetaData returned -22, defaulting to interlaced_flag = 0
02-21 16:18:00.532  2994  3086 V DisplayPowerController2[0]: Brightness [0.026506964] reason changing to: 'manual [ dim ]', previous reason: 'manual'.
02-21 16:18:00.533  2994  3086 I DisplayPowerController2[0]: 02-21 16:18:00.532 - BrightnessEvent: disp=0, physDisp=local:4630947043778501762, displayState=ON, displayPolicy=DIM, brt=0.026506964, initBrt=0.30452847, rcmdBrt=NaN, preBrt=NaN, lux=0.0, preLux=0.0, brtNits=4.2367406, hdrNits=NaN, initNits=63.948193, preNits=NaN, rcmdNits=NaN, hdrBrightness=NaN, brt(%)=3%, brtInt=8, hbmPolicy=normal, hbmMax=0.85440856, hbmMode=off, rbcStrength=50, thrmMax=1.0, powerFactor=1.0, wasShortTermModelActive=false, flags=, reason=manual [ dim ], autoBrightness=false, strategy=InvalidBrightnessStrategy, autoBrightnessMode=default
02-21 16:18:00.534  2994  3086 I DisplayPowerController2[15]: 02-21 16:18:00.534 - BrightnessEvent: disp=15, physDisp=virtual:com.android.shell,2000,scrcpy,12, displayState=ON, displayPolicy=DIM, brt=0.0, initBrt=0.0, rcmdBrt=NaN, preBrt=NaN, lux=0.0, preLux=0.0, brtNits=-1.0, hdrNits=NaN, initNits=-1.0, preNits=-1.0, rcmdNits=-1.0, hdrBrightness=NaN, brt(%)=0%, brtInt=1, hbmPolicy=none, hbmMax=1.0, hbmMode=off, rbcStrength=-1, thrmMax=1.0, powerFactor=1.0, wasShortTermModelActive=false, flags=, reason=manual, autoBrightness=false, strategy=InvalidBrightnessStrategy, autoBrightnessMode=default
02-21 16:18:00.535  1953  3939 I SurfaceFlinger: mBrightnessDiming=1, isCli=0, mBrightnessDimingCnt=0
02-21 16:18:00.537  2994  2994 I BrightnessSynchronizer: New Update: {[8302] 0.30452847(f), mUpdatedTypes=0, mConfirmedTypes=0, mTimeUpdated=0, mState=2}
02-21 16:18:00.589  1886 27030 W qdgralloc: getInterlacedFlag: getMetaData returned -22, defaulting to interlaced_flag = 0
02-21 16:18:00.589  1886 27030 W qdgralloc: getInterlacedFlag: getMetaData returned -22, defaulting to interlaced_flag = 0
02-21 16:18:00.673  1886 27030 W qdgralloc: getInterlacedFlag: getMetaData returned -22, defaulting to interlaced_flag = 0
02-21 16:18:00.673  1886 27030 W qdgralloc: getInterlacedFlag: getMetaData returned -22, defaulting to interlaced_flag = 0
02-21 16:18:00.755  1886 27030 W qdgralloc: getInterlacedFlag: getMetaData returned -22, defaulting to interlaced_flag = 0
02-21 16:18:00.756  1886 27030 W qdgralloc: getInterlacedFlag: getMetaData returned -22, defaulting to interlaced_flag = 0
02-21 16:18:00.838  1886 27030 W qdgralloc: getInterlacedFlag: getMetaData returned -22, defaulting to interlaced_flag = 0
02-21 16:18:00.839  1886 27030 W qdgralloc: getInterlacedFlag: getMetaData returned -22, defaulting to interlaced_flag = 0
02-21 16:18:00.922  1886 27030 W qdgralloc: getInterlacedFlag: getMetaData returned -22, defaulting to interlaced_flag = 0
02-21 16:18:00.923  1886 27030 W qdgralloc: getInterlacedFlag: getMetaData returned -22, defaulting to interlaced_flag = 0
02-21 16:18:00.933  1953  3293 I SurfaceFlinger: mBrightnessDiming=0, isCli=0, mBrightnessDimingCnt=0
02-21 16:18:00.933  1953  1953 I SurfaceFlinger: doPolicyValidationAndCorrection for Prim to {4, false, PR={p[90.00-90.00]Hz, r[24.00-90.00]Hz}, AR={p[0.00-120.00]Hz, r[0.00-120.00]Hz}} 
02-21 16:18:00.933  1953  1953 I SurfaceFlinger: setDesiredModeSpecsByBrightnessZone Prim brightness[0.052311 4.236740] sys[p(24~120) r(24~120)] zone[90~90] -> target[p(90~90) r(24~90)], cur[p(24~120) r(24~120)] upperLimit[80~10], intersection=1, brightnessTrigger=1
02-21 16:18:00.934  1953  1953 D RefreshRateSelector: constructAvailableRefreshRates: {defaultModeId=4, allowGroupSwitching=false, primaryRanges={physical=[90.00 Hz, 90.00 Hz], render=[24.00 Hz, 90.00 Hz]}, appRequestRanges={physical=[0.00 Hz, 120.00 Hz], render=[0.00 Hz, 120.00 Hz]} idleScreenConfig=nullptr} 
02-21 16:18:00.934  1953  1953 D RefreshRateSelector: primary render rates: {fps=30.00 Hz, modePtr={id=4, vsyncRate=90.00 Hz, peakRefreshRate=90.00 Hz}} {fps=45.00 Hz, modePtr={id=4, vsyncRate=90.00 Hz, peakRefreshRate=90.00 Hz}} {fps=90.00 Hz, modePtr={id=4, vsyncRate=90.00 Hz, peakRefreshRate=90.00 Hz}} , isVrrDevice? 0
02-21 16:18:00.934  1953  1953 D RefreshRateSelector: app request render rates: {fps=24.00 Hz, modePtr={id=7, vsyncRate=24.00 Hz, peakRefreshRate=24.00 Hz}} {fps=30.00 Hz, modePtr={id=5, vsyncRate=60.00 Hz, peakRefreshRate=60.00 Hz}} {fps=30.00 Hz, modePtr={id=4, vsyncRate=90.00 Hz, peakRefreshRate=90.00 Hz}} {fps=30.00 Hz, modePtr={id=6, vsyncRate=30.00 Hz, peakRefreshRate=30.00 Hz}} {fps=40.00 Hz, modePtr={id=0, vsyncRate=120.00 Hz, peakRefreshRate=120.00 Hz}} {fps=45.00 Hz, modePtr={id=4, vsyncRate=90.00 Hz, peakRefreshRate=90.00 Hz}} {fps=60.00 Hz, modePtr={id=5, vsyncRate=60.00 Hz, peakRefreshRate=60.00 Hz}} {fps=90.00 Hz, modePtr={id=4, vsyncRate=90.00 Hz, peakRefreshRate=90.00 Hz}} {fps=120.00 Hz, modePtr={id=0, vsyncRate=120.00 Hz, peakRefreshRate=120.00 Hz}} , isVrrDevice? 0
02-21 16:18:00.934  1953  1953 I RefreshRateSelector: constructAvailableRefreshRates: Found m90HzRefreshRateModeOpt at index 4
02-21 16:18:00.934  1953  1953 I RefreshRateSelector: constructAvailableRefreshRates: Found m90HzRefreshRateModeOpt at index 4
02-21 16:18:00.934  2994  2994 I BrightnessSynchronizer: New Update: {[8303] 0.30452847(f), mUpdatedTypes=0, mConfirmedTypes=0, mTimeUpdated=0, mState=2}
02-21 16:18:00.934  1953  1953 I RefreshRateSelector: constructAvailableRefreshRates: Found m90HzRefreshRateModeOpt at index 4
02-21 16:18:00.934  1953  1953 D RefreshRateSelector: Special render rates: [{fps=120.00 Hz, modePtr={id=0, vsyncRate=120.00 Hz, peakRefreshRate=120.00 Hz}} (1Hz)] [{fps=120.00 Hz, modePtr={id=1, vsyncRate=120.00 Hz, peakRefreshRate=120.00 Hz}} (10Hz)] 
02-21 16:18:00.934  1953  1953 D RefreshRateSelector: found  TouchBoostRefreshRate: {fps=90.00 Hz, modePtr={id=4, vsyncRate=90.00 Hz, peakRefreshRate=90.00 Hz}}
02-21 16:18:00.935  1953  1953 D RefreshRateSelector: [90:120:0]: mTouchBoostRefreshRateAvailable=1, mScrollBoostRefreshRateAvailable=0, mTouchOnBlankNotBoostRefreshRateAvailable=0
02-21 16:18:00.935  2994  3037 D DisplayManagerService: Ignore redundant display event 0/4 to 10456/4700
02-21 16:18:00.935  2994  3037 D DisplayManagerService: Ignore redundant display event 0/4 to 10452/12725
02-21 16:18:00.935  2994  3037 D DisplayManagerService: Ignore redundant display event 0/4 to 10465/17987
02-21 16:18:00.935  2994  3037 D DisplayManagerService: Ignore redundant display event 0/4 to 10454/27925
02-21 16:18:00.935  2994  3037 D DisplayManagerService: Ignore redundant display event 0/4 to 10309/30880
02-21 16:18:00.935  1953  1953 I RefreshRateSelector: Display 4630947043778501762 policy changed
02-21 16:18:00.935  1953  1953 I RefreshRateSelector: Previous: {defaultModeId=0, allowGroupSwitching=false, primaryRanges={physical=[24.00 Hz, 120.00 Hz], render=[24.00 Hz, 120.00 Hz]}, appRequestRanges={physical=[0.00 Hz, 120.00 Hz], render=[0.00 Hz, 120.00 Hz]} idleScreenConfig=nullptr}
02-21 16:18:00.935  1953  1953 I RefreshRateSelector: Current:  DisplayManagerPolicy{defaultModeId=4, allowGroupSwitching=false, primaryRanges={physical=[90.00 Hz, 90.00 Hz], render=[24.00 Hz, 90.00 Hz]}, appRequestRanges={physical=[0.00 Hz, 120.00 Hz], render=[0.00 Hz, 120.00 Hz]} idleScreenConfig=nullptr}
02-21 16:18:00.935  1953  1953 I RefreshRateSelector: 3 mode changes were performed under the previous policy
02-21 16:18:00.935  1953  1953 D SurfaceFlinger: Setting desired display mode specs: {4, false, PR={p[90.00-90.00]Hz, r[24.00-90.00]Hz}, AR={p[0.00-120.00]Hz, r[0.00-120.00]Hz}} for display 4630947043778501762
02-21 16:18:00.935  1953  1953 I SurfaceFlinger: Switching to Scheduler preferred mode 4 (90.00 Hz) for display 4630947043778501762
02-21 16:18:00.935  1953  1953 D DisplayModeController: setDesiredMode 4630947043778501762 {mode={fps=90.00 Hz, modePtr={id=4, vsyncRate=90.00 Hz, peakRefreshRate=90.00 Hz}}, emitEvent=true, force=false}
02-21 16:18:00.936  1953  1953 I SurfaceFlinger: setDesiredModeSpecsByBrightnessZone Prim done to {4, false, PR={p[90.00-90.00]Hz, r[24.00-90.00]Hz}, AR={p[0.00-120.00]Hz, r[0.00-120.00]Hz}} from {0, false, PR={p[24.00-120.00]Hz, r[24.00-120.00]Hz}, AR={p[0.00-120.00]Hz, r[0.00-120.00]Hz}}, NitUpperLimit=10 inZone=1 due to [0.052311-4.236740]
02-21 16:18:00.939  1953  1953 I SurfaceFlinger: initiateDisplayModeChanges changing active mode from 0(120.00 Hz:3) to 4(90.00 Hz:5) for display 4630947043778501762
02-21 16:18:00.939  1953  1953 I SurfaceFlinger: initiateDisplayModeChanges active mode changed to 4(90.00 Hz) for display 4630947043778501762. mBrightnessDimingCnt=0
02-21 16:18:00.940  1856  2073 W SDM     : HWDeviceDRM::GetSupportedBitClkRate: Requested rate not supported: 0
02-21 16:18:00.941  1953  2100 D VSyncReactor: 4630947043778501762: confirming period 8->11(cnt1)
02-21 16:18:00.941  1856  2073 I SDM     : HWDeviceDRM::UpdateMixerAttributes: Mixer WxH 1080x2640-0 for Peripheral
02-21 16:18:00.942  1856  2073 I SDM     : HWCDisplay::SubmitDisplayConfig: Active configuration changed from config 0 to 4
02-21 16:18:00.945  1953  1953 I SurfaceFlinger: initiateDisplayModeChanges changing active mode from 4(90.00 Hz:5) to 4(90.00 Hz:5) for display 4630947043778501762
02-21 16:18:00.946  2994  3037 I DisplayDeviceRepository: Display device changed render timings: "Built-in Screen", renderFrameRate=90.0, presentationDeadlineNanos=17111110, appVsyncOffsetNanos=1000000
02-21 16:18:00.949  1953  2100 D VSyncReactor: 4630947043778501762: period 11 confirmed(cnt1)
02-21 16:18:00.951  2994  3035 D CLI/Transition: displaygroup 0, state ON, pendingdisplaygroup -1
02-21 16:18:00.952 12151 12929 D MCLOG   : [BrightnessTrigger] onDisplayChanged displayId = 0
02-21 16:18:00.952  2994  3086 D BrightnessThermalClamper: Thermal status observer already started
02-21 16:18:00.954  6670  6670 I MotoDesktopLog: [ R4DisplayService ] - getFoldType, mFoldType1
02-21 16:18:00.957 12151 12929 D MCLOG   : [BrightnessManager] displayId = 0 brightness = 0.30452847 nit = 63.948193 level = br1
02-21 16:18:00.960  6670  6670 D CLIManagerHelper: getCLIState : 1
02-21 16:18:00.960  6670  6670 I MotoDesktopLog: [ R4DisplayService ] - handleDefaultDisplayChanged, newFoldState:0
02-21 16:18:00.961  1720 29545 D AHAL: AudioDevice: SetParameters: 1564: enter: screen_state=on
02-21 16:18:00.961  1720 29545 D AHAL: AudioVoice: VoiceSetParameters: 87: Enter params: screen_state=on
02-21 16:18:00.961  1720 29545 D AHAL: AudioVoice: VoiceSetParameters: 360: Exit ret: 0
02-21 16:18:00.961  1720 29545 D AHAL: FM: fm_set_parameters: 262: Enter
02-21 16:18:00.961  1720 29545 D AHAL: FM: fm_set_parameters: 320: exit
02-21 16:18:00.961  1720 29545 D AHAL: AudioDevice: SetParameters: 1625:  - screen = on
02-21 16:18:00.961  1720 29545 I PAL: ResourceManager: setParameter: 8311: Screen State:1
02-21 16:18:00.961  1720 29545 D AHAL: AudioDevice: SetParameters: 2361: exit: screen_state=on
02-21 16:18:00.961  6670  6670 I MotoDesktopLog: [ FS_ScreenSizeManager ] - [Display] Changed display: 0
02-21 16:18:00.961  6670  6670 I MotoDesktopLog: [ FS_ScreenSizeManager ] - [Display] Current activity display id: null
02-21 16:18:00.961  6670  6670 I MotoDesktopLog: [ FS_ScreenSizeManager ] - [Logic] Retrieved display info: LogicDisplayInfo(width=1080, height=2640, orientation=1, rotation=0, displayId=0)
02-21 16:18:00.961  6670  6670 I MotoDesktopLog: [ FS_ScreenSizeManager ] - [Display] New logical size: 1080x2640
02-21 16:18:00.961  6670  6670 I MotoDesktopLog: [ FS_ScreenSizeManager ] - [Display] Screen width unchanged: 1080
02-21 16:18:01.008  1886 27030 W qdgralloc: getInterlacedFlag: getMetaData returned -22, defaulting to interlaced_flag = 0
02-21 16:18:01.009  1886 27030 W qdgralloc: getInterlacedFlag: getMetaData returned -22, defaulting to interlaced_flag = 0
02-21 16:18:01.016 26985 27024 I MediaCodec: [0xb4000074a68ce330] dequeue 14 output frames in last 1079 ms, latest timeUs 533784946172, flags 0
02-21 16:18:01.083  1886 27030 W qdgralloc: getInterlacedFlag: getMetaData returned -22, defaulting to interlaced_flag = 0
02-21 16:18:01.084  1886 27030 W qdgralloc: getInterlacedFlag: getMetaData returned -22, defaulting to interlaced_flag = 0
02-21 16:18:01.162  1886 27030 W qdgralloc: getInterlacedFlag: getMetaData returned -22, defaulting to interlaced_flag = 0
02-21 16:18:01.163  1886 27030 W qdgralloc: getInterlacedFlag: getMetaData returned -22, defaulting to interlaced_flag = 0
02-21 16:18:01.239  1886 27030 W qdgralloc: getInterlacedFlag: getMetaData returned -22, defaulting to interlaced_flag = 0
02-21 16:18:01.240  1886 27030 W qdgralloc: getInterlacedFlag: getMetaData returned -22, defaulting to interlaced_flag = 0
02-21 16:18:01.317  1886 27030 W qdgralloc: getInterlacedFlag: getMetaData returned -22, defaulting to interlaced_flag = 0
02-21 16:18:01.318  1886 27030 W qdgralloc: getInterlacedFlag: getMetaData returned -22, defaulting to interlaced_flag = 0
02-21 16:18:01.394  1886 27030 W qdgralloc: getInterlacedFlag: getMetaData returned -22, defaulting to interlaced_flag = 0
02-21 16:18:01.395  1886 27030 W qdgralloc: getInterlacedFlag: getMetaData returned -22, defaulting to interlaced_flag = 0
02-21 16:18:01.472  1886 27030 W qdgralloc: getInterlacedFlag: getMetaData returned -22, defaulting to interlaced_flag = 0
02-21 16:18:01.472  1886 27030 W qdgralloc: getInterlacedFlag: getMetaData returned -22, defaulting to interlaced_flag = 0
02-21 16:18:01.549  1886 27030 W qdgralloc: getInterlacedFlag: getMetaData returned -22, defaulting to interlaced_flag = 0
02-21 16:18:01.550  1886 27030 W qdgralloc: getInterlacedFlag: getMetaData returned -22, defaulting to interlaced_flag = 0
02-21 16:18:01.626  1886 27030 W qdgralloc: getInterlacedFlag: getMetaData returned -22, defaulting to interlaced_flag = 0
02-21 16:18:01.626  1886 27030 W qdgralloc: getInterlacedFlag: getMetaData returned -22, defaulting to interlaced_flag = 0
02-21 16:18:01.704  1886 27030 W qdgralloc: getInterlacedFlag: getMetaData returned -22, defaulting to interlaced_flag = 0
02-21 16:18:01.705  1886 27030 W qdgralloc: getInterlacedFlag: getMetaData returned -22, defaulting to interlaced_flag = 0
02-21 16:18:01.781  1886 27030 W qdgralloc: getInterlacedFlag: getMetaData returned -22, defaulting to interlaced_flag = 0
02-21 16:18:01.782  1886 27030 W qdgralloc: getInterlacedFlag: getMetaData returned -22, defaulting to interlaced_flag = 0
02-21 16:18:01.859  1886 27030 W qdgralloc: getInterlacedFlag: getMetaData returned -22, defaulting to interlaced_flag = 0
02-21 16:18:01.860  1886 27030 W qdgralloc: getInterlacedFlag: getMetaData returned -22, defaulting to interlaced_flag = 0
02-21 16:18:01.936  1886 27030 W qdgralloc: getInterlacedFlag: getMetaData returned -22, defaulting to interlaced_flag = 0
02-21 16:18:01.936  1886 27030 W qdgralloc: getInterlacedFlag: getMetaData returned -22, defaulting to interlaced_flag = 0
02-21 16:18:02.005  1886 27030 I QC2Comp : [avcE_2856] Stats: Pending(0) i/p-done(0) Works: Q: 60229/Done 60229|Work-Rate: Q(12.4/s Avg=44.4/s) Done(12.399/s Avg=44.424/s)| Stream: 13.08fps 56.3Kbps
02-21 16:18:02.005  1886 27030 I QC2Comp : [avcE_2856] Mem-usage:  [In-2D: 6 bufs 10.594 MB] [2D-Conv-5194: 17 bufs 13.016 MB] [1D-5193: 18 bufs 5.484 MB] [1D-5195: 7 bufs 0.109 MB] | Total: 29.203 MB
02-21 16:18:02.013  1886 27030 W qdgralloc: getInterlacedFlag: getMetaData returned -22, defaulting to interlaced_flag = 0
02-21 16:18:02.014  1886 27030 W qdgralloc: getInterlacedFlag: getMetaData returned -22, defaulting to interlaced_flag = 0
02-21 16:18:02.021 26985 27024 I MediaCodec: [0xb4000074a68ce330] dequeue 13 output frames in last 1005 ms, latest timeUs 533785951610, flags 0
02-21 16:18:02.090  1886 27030 W qdgralloc: getInterlacedFlag: getMetaData returned -22, defaulting to interlaced_flag = 0
02-21 16:18:02.091  1886 27030 W qdgralloc: getInterlacedFlag: getMetaData returned -22, defaulting to interlaced_flag = 0
02-21 16:18:02.168  1886 27030 W qdgralloc: getInterlacedFlag: getMetaData returned -22, defaulting to interlaced_flag = 0
02-21 16:18:02.169  1886 27030 W qdgralloc: getInterlacedFlag: getMetaData returned -22, defaulting to interlaced_flag = 0
02-21 16:18:02.245  1886 27030 W qdgralloc: getInterlacedFlag: getMetaData returned -22, defaulting to interlaced_flag = 0
02-21 16:18:02.246  1886 27030 W qdgralloc: getInterlacedFlag: getMetaData returned -22, defaulting to interlaced_flag = 0
02-21 16:18:02.333  1886 27030 W qdgralloc: getInterlacedFlag: getMetaData returned -22, defaulting to interlaced_flag = 0
02-21 16:18:02.334  1886 27030 W qdgralloc: getInterlacedFlag: getMetaData returned -22, defaulting to interlaced_flag = 0
02-21 16:18:02.412  1886 27030 W qdgralloc: getInterlacedFlag: getMetaData returned -22, defaulting to interlaced_flag = 0
02-21 16:18:02.412  1886 27030 W qdgralloc: getInterlacedFlag: getMetaData returned -22, defaulting to interlaced_flag = 0
02-21 16:18:02.488  1886 27030 W qdgralloc: getInterlacedFlag: getMetaData returned -22, defaulting to interlaced_flag = 0
02-21 16:18:02.489  1886 27030 W qdgralloc: getInterlacedFlag: getMetaData returned -22, defaulting to interlaced_flag = 0
02-21 16:18:02.565  1886 27030 W qdgralloc: getInterlacedFlag: getMetaData returned -22, defaulting to interlaced_flag = 0
02-21 16:18:02.566  1886 27030 W qdgralloc: getInterlacedFlag: getMetaData returned -22, defaulting to interlaced_flag = 0
02-21 16:18:02.587  2994  3628 D WifiStaIfaceHidlImpl: getCachedScanData is not implemented by HIDL
02-21 16:18:02.589  2994  9813 I MotoWifiScorer: onWifiUsabilityStats, seqNum: 83457, isSameBssidAndFreq: true, RSSI: -57, isThroughputSufficient: true, LinkSpeed: 216 Mbps, RxLinkSpeed: 108 Mbps
02-21 16:18:02.590  2994  9813 I MotoWifiScorer: updateWifiUsabilityStats, seqNum: 83457, RSSI: -57, isThroughputSufficient: true, LinkSpeed: 216 Mbps, RxLinkSpeed: 108 Mbps
02-21 16:18:02.590  2994  9813 I MotoWifiScorer: updateWifiUsabilityStats, Duration: 3026, Rx Good: 1, Tx Good: 2, Tx Bad: 0 ( 0 % ), Tx Retry: 0 ( 0 % )
02-21 16:18:02.590  2994  9813 I MotoWifiScorer: onWifiUsabilityStats, FinalScore: 60, RssiBasedScore: 60, LinkBonus: 0, TcpBonus: 0
02-21 16:18:02.592  2994  9813 I MotoWifiScorer: onWifiUsabilityStats, WiFi Usable: true
02-21 16:18:02.594  2994  3641 D ConnectivityService: NetReassign [no changes] [c 0] [a 1] [i 1]
02-21 16:18:02.654  1886 27030 W qdgralloc: getInterlacedFlag: getMetaData returned -22, defaulting to interlaced_flag = 0
02-21 16:18:02.654  1886 27030 W qdgralloc: getInterlacedFlag: getMetaData returned -22, defaulting to interlaced_flag = 0
02-21 16:18:02.731  1886 27030 W qdgralloc: getInterlacedFlag: getMetaData returned -22, defaulting to interlaced_flag = 0
02-21 16:18:02.732  1886 27030 W qdgralloc: getInterlacedFlag: getMetaData returned -22, defaulting to interlaced_flag = 0
02-21 16:18:02.809  1886 27030 W qdgralloc: getInterlacedFlag: getMetaData returned -22, defaulting to interlaced_flag = 0
02-21 16:18:02.809  1886 27030 W qdgralloc: getInterlacedFlag: getMetaData returned -22, defaulting to interlaced_flag = 0
02-21 16:18:02.886  1886 27030 W qdgralloc: getInterlacedFlag: getMetaData returned -22, defaulting to interlaced_flag = 0
02-21 16:18:02.887  1886 27030 W qdgralloc: getInterlacedFlag: getMetaData returned -22, defaulting to interlaced_flag = 0
02-21 16:18:02.908  3391  3393 I android.hardware.thermal@2.0-service.qti-v2: Sensor Name:skin1 temp: 37.631. prev severity:3. cur severity:0 New severity:0
02-21 16:18:02.963  1886 27030 W qdgralloc: getInterlacedFlag: getMetaData returned -22, defaulting to interlaced_flag = 0
02-21 16:18:02.964  1886 27030 W qdgralloc: getInterlacedFlag: getMetaData returned -22, defaulting to interlaced_flag = 0
02-21 16:18:03.051  1886 27030 W qdgralloc: getInterlacedFlag: getMetaData returned -22, defaulting to interlaced_flag = 0
02-21 16:18:03.052  1886 27030 W qdgralloc: getInterlacedFlag: getMetaData returned -22, defaulting to interlaced_flag = 0
02-21 16:18:03.058  1886 27059 D BufferPoolAccessor2.0: bufferpool2 0xb400007bca18db68 : 6(1916928 size) total buffers - 5(1597440 size) used buffers - 60229/60247 (recycle/alloc) - 251/60242 (fetch/transfer)
02-21 16:18:03.059 26985 27024 I MediaCodec: [0xb4000074a68ce330] dequeue 13 output frames in last 1037 ms, latest timeUs 533786989872, flags 0
02-21 16:18:03.129  1886 27030 W qdgralloc: getInterlacedFlag: getMetaData returned -22, defaulting to interlaced_flag = 0
02-21 16:18:03.130  1886 27030 W qdgralloc: getInterlacedFlag: getMetaData returned -22, defaulting to interlaced_flag = 0
02-21 16:18:03.207  1886 27030 W qdgralloc: getInterlacedFlag: getMetaData returned -22, defaulting to interlaced_flag = 0
02-21 16:18:03.207  1886 27030 W qdgralloc: getInterlacedFlag: getMetaData returned -22, defaulting to interlaced_flag = 0
02-21 16:18:03.229  2994  3561 I InputDispatcher: Canceling pointers for device 7 in [Gesture Monitor] swipe-up (server) with event MotionEvent
02-21 16:18:03.230  2994  3561 I InputDispatcher: Canceling pointers for device 7 in [Gesture Monitor] moto_actions_input_channel (server) with event MotionEvent
02-21 16:18:03.230  2994  3561 I InputDispatcher: Canceling pointers for device 7 in [Gesture Monitor] sysui_input_dispatcher (server) with event MotionEvent
02-21 16:18:03.231  2994  3561 I InputDispatcher: Canceling pointers for device 7 in [Gesture Monitor] onehanded-touch (server) with event MotionEvent
02-21 16:18:03.231 26985 27023 D BufferPoolAccessor2.0: bufferpool2 0xb4000074968a5568 : 5(19200 size) total buffers - 4(15360 size) used buffers - 67836/67841 (recycle/alloc) - 205/135673 (fetch/transfer)
02-21 16:18:03.232  2994  3561 I InputDispatcher: Canceling pointers for device 7 in PointerEventDispatcher0 (server) with event MotionEvent
02-21 16:18:03.233  2994  3561 W BoostOptController: not supported hint: 118
02-21 16:18:03.236  2994  3086 V DisplayPowerController2[0]: Brightness [0.30452847] reason changing to: 'manual', previous reason: 'manual [ dim ]'.
02-21 16:18:03.237  2994  3086 I DisplayPowerController2[0]: 02-21 16:18:03.236 - BrightnessEvent: disp=0, physDisp=local:4630947043778501762, displayState=ON, displayPolicy=BRIGHT, brt=0.30452847, initBrt=0.026506964, rcmdBrt=NaN, preBrt=NaN, lux=0.0, preLux=0.0, brtNits=63.948193, hdrNits=NaN, initNits=4.2367406, preNits=NaN, rcmdNits=NaN, hdrBrightness=NaN, brt(%)=36%, brtInt=78, hbmPolicy=normal, hbmMax=0.85440856, hbmMode=off, rbcStrength=50, thrmMax=1.0, powerFactor=1.0, wasShortTermModelActive=false, flags=, reason=manual, autoBrightness=false, strategy=InvalidBrightnessStrategy, autoBrightnessMode=default
02-21 16:18:03.237  2994  3086 I DisplayPowerController2[15]: 02-21 16:18:03.237 - BrightnessEvent: disp=15, physDisp=virtual:com.android.shell,2000,scrcpy,12, displayState=ON, displayPolicy=BRIGHT, brt=0.0, initBrt=0.0, rcmdBrt=NaN, preBrt=NaN, lux=0.0, preLux=0.0, brtNits=-1.0, hdrNits=NaN, initNits=-1.0, preNits=-1.0, rcmdNits=-1.0, hdrBrightness=NaN, brt(%)=0%, brtInt=1, hbmPolicy=none, hbmMax=1.0, hbmMode=off, rbcStrength=-1, thrmMax=1.0, powerFactor=1.0, wasShortTermModelActive=false, flags=, reason=manual, autoBrightness=false, strategy=InvalidBrightnessStrategy, autoBrightnessMode=default
02-21 16:18:03.238  1953  3293 I SurfaceFlinger: mBrightnessDiming=1, isCli=0, mBrightnessDimingCnt=0
02-21 16:18:03.239  2994  2994 I BrightnessSynchronizer: New Update: {[8304] 0.30452847(f), mUpdatedTypes=0, mConfirmedTypes=0, mTimeUpdated=0, mState=2}
02-21 16:18:03.286  1886 27030 W qdgralloc: getInterlacedFlag: getMetaData returned -22, defaulting to interlaced_flag = 0
02-21 16:18:03.286  1886 27030 W qdgralloc: getInterlacedFlag: getMetaData returned -22, defaulting to interlaced_flag = 0
02-21 16:18:03.312  1886 27030 W qdgralloc: getInterlacedFlag: getMetaData returned -22, defaulting to interlaced_flag = 0
02-21 16:18:03.313  1886 27030 W qdgralloc: getInterlacedFlag: getMetaData returned -22, defaulting to interlaced_flag = 0
02-21 16:18:03.323  1886 27030 W qdgralloc: getInterlacedFlag: getMetaData returned -22, defaulting to interlaced_flag = 0
02-21 16:18:03.323  1886 27030 W qdgralloc: getInterlacedFlag: getMetaData returned -22, defaulting to interlaced_flag = 0
02-21 16:18:03.325  2994  3035 W BoostOptController: not supported hint: 118
02-21 16:18:03.334  1886 27030 W qdgralloc: getInterlacedFlag: getMetaData returned -22, defaulting to interlaced_flag = 0
02-21 16:18:03.335  1886 27030 W qdgralloc: getInterlacedFlag: getMetaData returned -22, defaulting to interlaced_flag = 0
02-21 16:18:03.345  1886 27030 W qdgralloc: getInterlacedFlag: getMetaData returned -22, defaulting to interlaced_flag = 0
02-21 16:18:03.345  1886 27030 W qdgralloc: getInterlacedFlag: getMetaData returned -22, defaulting to interlaced_flag = 0
02-21 16:18:03.367  1886 27030 W qdgralloc: getInterlacedFlag: getMetaData returned -22, defaulting to interlaced_flag = 0
02-21 16:18:03.368  1886 27030 W qdgralloc: getInterlacedFlag: getMetaData returned -22, defaulting to interlaced_flag = 0
02-21 16:18:03.379  1886 27030 W qdgralloc: getInterlacedFlag: getMetaData returned -22, defaulting to interlaced_flag = 0
02-21 16:18:03.379  1886 27030 W qdgralloc: getInterlacedFlag: getMetaData returned -22, defaulting to interlaced_flag = 0
02-21 16:18:03.380  2428 27031 D BufferPoolAccessor2.0: bufferpool2 0xb40000748c1325e8 : 2(6000 size) total buffers - 1(3000 size) used buffers - 67831/67846 (recycle/alloc) - 16/67844 (fetch/transfer)
02-21 16:18:03.400  1886 27030 W qdgralloc: getInterlacedFlag: getMetaData returned -22, defaulting to interlaced_flag = 0
02-21 16:18:03.401  1886 27030 W qdgralloc: getInterlacedFlag: getMetaData returned -22, defaulting to interlaced_flag = 0
02-21 16:18:03.402  1886 27030 W qdgralloc: getInterlacedFlag: getMetaData returned -22, defaulting to interlaced_flag = 0
02-21 16:18:03.403  1886 27030 W qdgralloc: getInterlacedFlag: getMetaData returned -22, defaulting to interlaced_flag = 0
02-21 16:18:03.412  1886 27030 W qdgralloc: getInterlacedFlag: getMetaData returned -22, defaulting to interlaced_flag = 0
02-21 16:18:03.412  1886 27030 W qdgralloc: getInterlacedFlag: getMetaData returned -22, defaulting to interlaced_flag = 0
02-21 16:18:03.433  1886 27030 W qdgralloc: getInterlacedFlag: getMetaData returned -22, defaulting to interlaced_flag = 0
02-21 16:18:03.433  1886 27030 W qdgralloc: getInterlacedFlag: getMetaData returned -22, defaulting to interlaced_flag = 0
02-21 16:18:03.435  1886 27030 W qdgralloc: getInterlacedFlag: getMetaData returned -22, defaulting to interlaced_flag = 0
02-21 16:18:03.435  1886 27030 W qdgralloc: getInterlacedFlag: getMetaData returned -22, defaulting to interlaced_flag = 0
02-21 16:18:03.445  1886 27030 W qdgralloc: getInterlacedFlag: getMetaData returned -22, defaulting to interlaced_flag = 0
02-21 16:18:03.445  1886 27030 W qdgralloc: getInterlacedFlag: getMetaData returned -22, defaulting to interlaced_flag = 0
02-21 16:18:03.455  1886 27030 W qdgralloc: getInterlacedFlag: getMetaData returned -22, defaulting to interlaced_flag = 0
02-21 16:18:03.455  1886 27030 W qdgralloc: getInterlacedFlag: getMetaData returned -22, defaulting to interlaced_flag = 0
02-21 16:18:03.467  1886 27030 W qdgralloc: getInterlacedFlag: getMetaData returned -22, defaulting to interlaced_flag = 0
02-21 16:18:03.467  1886 27030 W qdgralloc: getInterlacedFlag: getMetaData returned -22, defaulting to interlaced_flag = 0
02-21 16:18:03.478  1886 27030 W qdgralloc: getInterlacedFlag: getMetaData returned -22, defaulting to interlaced_flag = 0
02-21 16:18:03.478  1886 27030 W qdgralloc: getInterlacedFlag: getMetaData returned -22, defaulting to interlaced_flag = 0
02-21 16:18:03.488  1886 27030 W qdgralloc: getInterlacedFlag: getMetaData returned -22, defaulting to interlaced_flag = 0
02-21 16:18:03.489  1886 27030 W qdgralloc: getInterlacedFlag: getMetaData returned -22, defaulting to interlaced_flag = 0
02-21 16:18:03.512  1886 27030 W qdgralloc: getInterlacedFlag: getMetaData returned -22, defaulting to interlaced_flag = 0
02-21 16:18:03.512  1886 27030 W qdgralloc: getInterlacedFlag: getMetaData returned -22, defaulting to interlaced_flag = 0
02-21 16:18:03.524  1886 27030 W qdgralloc: getInterlacedFlag: getMetaData returned -22, defaulting to interlaced_flag = 0
02-21 16:18:03.524  1886 27030 W qdgralloc: getInterlacedFlag: getMetaData returned -22, defaulting to interlaced_flag = 0
02-21 16:18:03.602  1886 27030 W qdgralloc: getInterlacedFlag: getMetaData returned -22, defaulting to interlaced_flag = 0
02-21 16:18:03.602  1886 27030 W qdgralloc: getInterlacedFlag: getMetaData returned -22, defaulting to interlaced_flag = 0
02-21 16:18:03.634  1953  3293 I SurfaceFlinger: mBrightnessDiming=0, isCli=0, mBrightnessDimingCnt=0
02-21 16:18:03.634  1953  1953 I SurfaceFlinger: doPolicyValidationAndCorrection for Prim to {0, false, PR={p[24.00-120.00]Hz, r[24.00-120.00]Hz}, AR={p[0.00-120.00]Hz, r[0.00-120.00]Hz}} 
02-21 16:18:03.634  1953  1953 I SurfaceFlinger: setDesiredModeSpecsByBrightnessZone Prim brightness[0.322963 63.948181] sys[p(24~120) r(24~120)] zone[24~120] -> target[p(24~120) r(24~120)], cur[p(90~90) r(24~90)] upperLimit[10~80], intersection=1, brightnessTrigger=1
02-21 16:18:03.634  1953  1953 D RefreshRateSelector: constructAvailableRefreshRates: {defaultModeId=0, allowGroupSwitching=false, primaryRanges={physical=[24.00 Hz, 120.00 Hz], render=[24.00 Hz, 120.00 Hz]}, appRequestRanges={physical=[0.00 Hz, 120.00 Hz], render=[0.00 Hz, 120.00 Hz]} idleScreenConfig=nullptr} 
02-21 16:18:03.634  1953  1953 D RefreshRateSelector: primary render rates: {fps=24.00 Hz, modePtr={id=7, vsyncRate=24.00 Hz, peakRefreshRate=24.00 Hz}} {fps=30.00 Hz, modePtr={id=5, vsyncRate=60.00 Hz, peakRefreshRate=60.00 Hz}} {fps=30.00 Hz, modePtr={id=4, vsyncRate=90.00 Hz, peakRefreshRate=90.00 Hz}} {fps=30.00 Hz, modePtr={id=6, vsyncRate=30.00 Hz, peakRefreshRate=30.00 Hz}} {fps=40.00 Hz, modePtr={id=0, vsyncRate=120.00 Hz, peakRefreshRate=120.00 Hz}} {fps=45.00 Hz, modePtr={id=4, vsyncRate=90.00 Hz, peakRefreshRate=90.00 Hz}} {fps=60.00 Hz, modePtr={id=5, vsyncRate=60.00 Hz, peakRefreshRate=60.00 Hz}} {fps=90.00 Hz, modePtr={id=4, vsyncRate=90.00 Hz, peakRefreshRate=90.00 Hz}} {fps=120.00 Hz, modePtr={id=0, vsyncRate=120.00 Hz, peakRefreshRate=120.00 Hz}} , isVrrDevice? 0
02-21 16:18:03.634  1953  1953 D RefreshRateSelector: app request render rates: {fps=24.00 Hz, modePtr={id=7, vsyncRate=24.00 Hz, peakRefreshRate=24.00 Hz}} {fps=30.00 Hz, modePtr={id=5, vsyncRate=60.00 Hz, peakRefreshRate=60.00 Hz}} {fps=30.00 Hz, modePtr={id=4, vsyncRate=90.00 Hz, peakRefreshRate=90.00 Hz}} {fps=30.00 Hz, modePtr={id=6, vsyncRate=30.00 Hz, peakRefreshRate=30.00 Hz}} {fps=40.00 Hz, modePtr={id=0, vsyncRate=120.00 Hz, peakRefreshRate=120.00 Hz}} {fps=45.00 Hz, modePtr={id=4, vsyncRate=90.00 Hz, peakRefreshRate=90.00 Hz}} {fps=60.00 Hz, modePtr={id=5, vsyncRate=60.00 Hz, peakRefreshRate=60.00 Hz}} {fps=90.00 Hz, modePtr={id=4, vsyncRate=90.00 Hz, peakRefreshRate=90.00 Hz}} {fps=120.00 Hz, modePtr={id=0, vsyncRate=120.00 Hz, peakRefreshRate=120.00 Hz}} , isVrrDevice? 0
02-21 16:18:03.634  1953  1953 I RefreshRateSelector: constructAvailableRefreshRates: Found m60HzRefreshRateModeOpt at index 5
02-21 16:18:03.634  1953  1953 I RefreshRateSelector: constructAvailableRefreshRates: Found m90HzRefreshRateModeOpt at index 4
02-21 16:18:03.634  1953  1953 I RefreshRateSelector: constructAvailableRefreshRates: Found m90HzRefreshRateModeOpt at index 4
02-21 16:18:03.634  1953  1953 I RefreshRateSelector: constructAvailableRefreshRates: Found m60HzRefreshRateModeOpt at index 5
02-21 16:18:03.634  1953  1953 I RefreshRateSelector: constructAvailableRefreshRates: Found m90HzRefreshRateModeOpt at index 4
02-21 16:18:03.634  1953  1953 D RefreshRateSelector: Special render rates: [{fps=120.00 Hz, modePtr={id=0, vsyncRate=120.00 Hz, peakRefreshRate=120.00 Hz}} (1Hz)] [{fps=120.00 Hz, modePtr={id=1, vsyncRate=120.00 Hz, peakRefreshRate=120.00 Hz}} (10Hz)] 
02-21 16:18:03.634  1953  1953 D RefreshRateSelector: found  TouchBoostRefreshRate: {fps=90.00 Hz, modePtr={id=4, vsyncRate=90.00 Hz, peakRefreshRate=90.00 Hz}}
02-21 16:18:03.634  1953  1953 D RefreshRateSelector: found  ScrollBoostRefreshRate: {fps=120.00 Hz, modePtr={id=0, vsyncRate=120.00 Hz, peakRefreshRate=120.00 Hz}}
02-21 16:18:03.634  1953  1953 D RefreshRateSelector: [90:120:0]: mTouchBoostRefreshRateAvailable=1, mScrollBoostRefreshRateAvailable=1, mTouchOnBlankNotBoostRefreshRateAvailable=0
02-21 16:18:03.634  1953  1953 I RefreshRateSelector: Display 4630947043778501762 policy changed
02-21 16:18:03.634  1953  1953 I RefreshRateSelector: Previous: {defaultModeId=4, allowGroupSwitching=false, primaryRanges={physical=[90.00 Hz, 90.00 Hz], render=[24.00 Hz, 90.00 Hz]}, appRequestRanges={physical=[0.00 Hz, 120.00 Hz], render=[0.00 Hz, 120.00 Hz]} idleScreenConfig=nullptr}
02-21 16:18:03.634  1953  1953 I RefreshRateSelector: Current:  DisplayManagerPolicy{defaultModeId=0, allowGroupSwitching=false, primaryRanges={physical=[24.00 Hz, 120.00 Hz], render=[24.00 Hz, 120.00 Hz]}, appRequestRanges={physical=[0.00 Hz, 120.00 Hz], render=[0.00 Hz, 120.00 Hz]} idleScreenConfig=nullptr}
02-21 16:18:03.634  1953  1953 I RefreshRateSelector: 1 mode changes were performed under the previous policy
02-21 16:18:03.634  1953  1953 D SurfaceFlinger: Setting desired display mode specs: {0, false, PR={p[24.00-120.00]Hz, r[24.00-120.00]Hz}, AR={p[0.00-120.00]Hz, r[0.00-120.00]Hz}} for display 4630947043778501762
02-21 16:18:03.634  1953  1953 I SurfaceFlinger: Switching to Scheduler preferred mode 0 (120.00 Hz) for display 4630947043778501762
02-21 16:18:03.634  1953  1953 D DisplayModeController: setDesiredMode 4630947043778501762 {mode={fps=120.00 Hz, modePtr={id=0, vsyncRate=120.00 Hz, peakRefreshRate=120.00 Hz}}, emitEvent=true, force=false}
02-21 16:18:03.634  2994  2994 I BrightnessSynchronizer: New Update: {[8305] 0.30452847(f), mUpdatedTypes=0, mConfirmedTypes=0, mTimeUpdated=0, mState=2}
02-21 16:18:03.634  2994  3037 D DisplayManagerService: Ignore redundant display event 0/4 to 10456/4700
02-21 16:18:03.634  1953  1953 I SurfaceFlinger: setDesiredModeSpecsByBrightnessZone Prim done to {0, false, PR={p[24.00-120.00]Hz, r[24.00-120.00]Hz}, AR={p[0.00-120.00]Hz, r[0.00-120.00]Hz}} from {4, false, PR={p[90.00-90.00]Hz, r[24.00-90.00]Hz}, AR={p[0.00-120.00]Hz, r[0.00-120.00]Hz}}, NitUpperLimit=80 inZone=1 due to [0.322963-63.948181]
02-21 16:18:03.634  2994  3037 D DisplayManagerService: Ignore redundant display event 0/4 to 10452/12725
02-21 16:18:03.634  2994  3037 D DisplayManagerService: Ignore redundant display event 0/4 to 10465/17987
02-21 16:18:03.634  2994  3037 D DisplayManagerService: Ignore redundant display event 0/4 to 10454/27925
02-21 16:18:03.634  2994  3037 D DisplayManagerService: Ignore redundant display event 0/4 to 10309/30880
02-21 16:18:03.642  1953  1953 I SurfaceFlinger: initiateDisplayModeChanges changing active mode from 4(90.00 Hz:5) to 0(120.00 Hz:3) for display 4630947043778501762
02-21 16:18:03.642  1953  1953 I SurfaceFlinger: initiateDisplayModeChanges active mode changed to 0(120.00 Hz) for display 4630947043778501762. mBrightnessDimingCnt=0
02-21 16:18:03.642  1953  2100 D VSyncReactor: 4630947043778501762: confirming period 11->8(cnt1)
02-21 16:18:03.642  1856  2269 W SDM     : HWDeviceDRM::GetSupportedBitClkRate: Requested rate not supported: 0
02-21 16:18:03.643  1856  2269 I SDM     : HWDeviceDRM::UpdateMixerAttributes: Mixer WxH 1080x2640-0 for Peripheral
02-21 16:18:03.643  1856  2269 I SDM     : HWCDisplay::SubmitDisplayConfig: Active configuration changed from config 4 to 0
02-21 16:18:03.652  1953  1953 I SurfaceFlinger: initiateDisplayModeChanges changing active mode from 0(120.00 Hz:3) to 0(120.00 Hz:3) for display 4630947043778501762
02-21 16:18:03.653  2994  3037 I DisplayDeviceRepository: Display device changed render timings: "Built-in Screen", renderFrameRate=120.00001, presentationDeadlineNanos=13333332, appVsyncOffsetNanos=1000000
02-21 16:18:03.653  1953  2100 D VSyncReactor: 4630947043778501762: period 8 confirmed(cnt1)
02-21 16:18:03.655  2994  3086 D BrightnessThermalClamper: Thermal status observer already started
02-21 16:18:03.656  2994  3035 D CLI/Transition: displaygroup 0, state ON, pendingdisplaygroup -1
02-21 16:18:03.657  1720 29545 D AHAL: AudioDevice: SetParameters: 1564: enter: screen_state=on
02-21 16:18:03.658  1720 29545 D AHAL: AudioVoice: VoiceSetParameters: 87: Enter params: screen_state=on
02-21 16:18:03.658  1720 29545 D AHAL: AudioVoice: VoiceSetParameters: 360: Exit ret: 0
02-21 16:18:03.658  1720 29545 D AHAL: FM: fm_set_parameters: 262: Enter
02-21 16:18:03.658  1720 29545 D AHAL: FM: fm_set_parameters: 320: exit
