02-21 16:17:31.999  1886 27030 I QC2Comp : [avcE_2856] Stats: Pending(0) i/p-done(0) Works: Q: 59865/Done 59865|Work-Rate: Q(12.2/s Avg=45.2/s) Done(12.199/s Avg=45.155/s)| Stream: 12.13fps 55.4Kbps
02-21 16:17:31.999  1886 27030 I QC2Comp : [avcE_2856] Mem-usage:  [In-2D: 6 bufs 10.594 MB] [2D-Conv-5194: 17 bufs 13.016 MB] [1D-5193: 18 bufs 5.484 MB] [1D-5195: 7 bufs 0.109 MB] | Total: 29.203 MB
02-21 16:17:32.003  1886 27030 W qdgralloc: getInterlacedFlag: getMetaData returned -22, defaulting to interlaced_flag = 0
02-21 16:17:32.003  1886 27030 W qdgralloc: getInterlacedFlag: getMetaData returned -22, defaulting to interlaced_flag = 0
02-21 16:17:32.061 27232 31591 D RelayConnectionStateMachine: [wss://relay.og.coop] Disconnected ΓÇö pool will auto-reconnect if subs active
02-21 16:17:32.061 27232 31591 D CybinRelayClient: [wss://relay.og.coop] Scheduling reconnect attempt 1/6 in 2000ms
02-21 16:17:32.084  1886 27030 W qdgralloc: getInterlacedFlag: getMetaData returned -22, defaulting to interlaced_flag = 0
02-21 16:17:32.085  1886 27030 W qdgralloc: getInterlacedFlag: getMetaData returned -22, defaulting to interlaced_flag = 0
02-21 16:17:32.090 27232 31013 W CybinRelayClient: [wss://ammetronics.com] Receive error: null
02-21 16:17:32.090 27232 31013 D RelayConnectionStateMachine: [wss://ammetronics.com] Disconnected ΓÇö pool will auto-reconnect if subs active
02-21 16:17:32.090 27232 31013 D CybinRelayClient: [wss://ammetronics.com] Scheduling reconnect attempt 1/6 in 2000ms
02-21 16:17:32.168  1886 27030 W qdgralloc: getInterlacedFlag: getMetaData returned -22, defaulting to interlaced_flag = 0
02-21 16:17:32.168  1886 27030 W qdgralloc: getInterlacedFlag: getMetaData returned -22, defaulting to interlaced_flag = 0
02-21 16:17:32.172 27232 31524 W CybinRelayClient: [wss://nostr-relay.moe.gift] Receive error: null
02-21 16:17:32.172 27232 31524 D RelayConnectionStateMachine: [wss://nostr-relay.moe.gift] Disconnected ΓÇö pool will auto-reconnect if subs active
02-21 16:17:32.172 27232 31524 D CybinRelayClient: [wss://nostr-relay.moe.gift] Scheduling reconnect attempt 1/6 in 2000ms
02-21 16:17:32.251  1886 27030 W qdgralloc: getInterlacedFlag: getMetaData returned -22, defaulting to interlaced_flag = 0
02-21 16:17:32.251  1886 27030 W qdgralloc: getInterlacedFlag: getMetaData returned -22, defaulting to interlaced_flag = 0
02-21 16:17:32.288  2994  3628 D WifiStaIfaceHidlImpl: getCachedScanData is not implemented by HIDL
02-21 16:17:32.290  2994  9813 I MotoWifiScorer: onWifiUsabilityStats, seqNum: 83447, isSameBssidAndFreq: true, RSSI: -59, isThroughputSufficient: true, LinkSpeed: 216 Mbps, RxLinkSpeed: 108 Mbps
02-21 16:17:32.290  2994  9813 I MotoWifiScorer: updateWifiUsabilityStats, seqNum: 83447, RSSI: -59, isThroughputSufficient: true, LinkSpeed: 216 Mbps, RxLinkSpeed: 108 Mbps
02-21 16:17:32.290  2994  9813 I MotoWifiScorer: updateWifiUsabilityStats, Duration: 3012, Rx Good: 11, Tx Good: 7, Tx Bad: 0 ( 0 % ), Tx Retry: 0 ( 0 % )
02-21 16:17:32.290  2994  9813 I MotoWifiScorer: onWifiUsabilityStats, FinalScore: 60, RssiBasedScore: 60, LinkBonus: 0, TcpBonus: 0
02-21 16:17:32.292  2994  9813 I MotoWifiScorer: onWifiUsabilityStats, WiFi Usable: true
02-21 16:17:32.296  2994  3641 D ConnectivityService: NetReassign [no changes] [c 1] [a 1] [i 1]
02-21 16:17:32.334  1886 27030 W qdgralloc: getInterlacedFlag: getMetaData returned -22, defaulting to interlaced_flag = 0
02-21 16:17:32.335  1886 27030 W qdgralloc: getInterlacedFlag: getMetaData returned -22, defaulting to interlaced_flag = 0
02-21 16:17:32.417  1886 27030 W qdgralloc: getInterlacedFlag: getMetaData returned -22, defaulting to interlaced_flag = 0
02-21 16:17:32.417  1886 27030 W qdgralloc: getInterlacedFlag: getMetaData returned -22, defaulting to interlaced_flag = 0
02-21 16:17:32.500  1886 27030 W qdgralloc: getInterlacedFlag: getMetaData returned -22, defaulting to interlaced_flag = 0
02-21 16:17:32.500  1886 27030 W qdgralloc: getInterlacedFlag: getMetaData returned -22, defaulting to interlaced_flag = 0
02-21 16:17:32.511 26985 27023 D BufferPoolAccessor2.0: bufferpool2 0xb4000074968a5568 : 5(19200 size) total buffers - 4(15360 size) used buffers - 66300/66305 (recycle/alloc) - 205/132601 (fetch/transfer)
02-21 16:17:32.582  1886 27030 W qdgralloc: getInterlacedFlag: getMetaData returned -22, defaulting to interlaced_flag = 0
02-21 16:17:32.583  1886 27030 W qdgralloc: getInterlacedFlag: getMetaData returned -22, defaulting to interlaced_flag = 0
02-21 16:17:32.661  2428 27031 D BufferPoolAccessor2.0: bufferpool2 0xb40000748c1325e8 : 2(6000 size) total buffers - 1(3000 size) used buffers - 66295/66310 (recycle/alloc) - 16/66308 (fetch/transfer)
02-21 16:17:32.666  1886 27030 W qdgralloc: getInterlacedFlag: getMetaData returned -22, defaulting to interlaced_flag = 0
02-21 16:17:32.666  1886 27030 W qdgralloc: getInterlacedFlag: getMetaData returned -22, defaulting to interlaced_flag = 0
02-21 16:17:32.748  1886 27030 W qdgralloc: getInterlacedFlag: getMetaData returned -22, defaulting to interlaced_flag = 0
02-21 16:17:32.749  1886 27030 W qdgralloc: getInterlacedFlag: getMetaData returned -22, defaulting to interlaced_flag = 0
02-21 16:17:32.830  1886 27030 W qdgralloc: getInterlacedFlag: getMetaData returned -22, defaulting to interlaced_flag = 0
02-21 16:17:32.831  1886 27030 W qdgralloc: getInterlacedFlag: getMetaData returned -22, defaulting to interlaced_flag = 0
02-21 16:17:32.908  3391  3393 I android.hardware.thermal@2.0-service.qti-v2: Sensor Name:skin1 temp: 37.904. prev severity:3. cur severity:0 New severity:0
02-21 16:17:32.913  1886 27030 W qdgralloc: getInterlacedFlag: getMetaData returned -22, defaulting to interlaced_flag = 0
02-21 16:17:32.914  1886 27030 W qdgralloc: getInterlacedFlag: getMetaData returned -22, defaulting to interlaced_flag = 0
02-21 16:17:32.996  1886 27030 W qdgralloc: getInterlacedFlag: getMetaData returned -22, defaulting to interlaced_flag = 0
02-21 16:17:32.997  1886 27030 W qdgralloc: getInterlacedFlag: getMetaData returned -22, defaulting to interlaced_flag = 0
02-21 16:17:33.004 26985 27024 I MediaCodec: [0xb4000074a68ce330] dequeue 13 output frames in last 1074 ms, latest timeUs 533756934469, flags 0
02-21 16:17:33.079  1886 27030 W qdgralloc: getInterlacedFlag: getMetaData returned -22, defaulting to interlaced_flag = 0
02-21 16:17:33.080  1886 27030 W qdgralloc: getInterlacedFlag: getMetaData returned -22, defaulting to interlaced_flag = 0
02-21 16:17:33.162  1886 27030 W qdgralloc: getInterlacedFlag: getMetaData returned -22, defaulting to interlaced_flag = 0
02-21 16:17:33.163  1886 27030 W qdgralloc: getInterlacedFlag: getMetaData returned -22, defaulting to interlaced_flag = 0
02-21 16:17:33.245  1886 27030 W qdgralloc: getInterlacedFlag: getMetaData returned -22, defaulting to interlaced_flag = 0
02-21 16:17:33.246  1886 27030 W qdgralloc: getInterlacedFlag: getMetaData returned -22, defaulting to interlaced_flag = 0
02-21 16:17:33.328  1886 27030 W qdgralloc: getInterlacedFlag: getMetaData returned -22, defaulting to interlaced_flag = 0
02-21 16:17:33.328  1886 27030 W qdgralloc: getInterlacedFlag: getMetaData returned -22, defaulting to interlaced_flag = 0
02-21 16:17:33.411  1886 27030 W qdgralloc: getInterlacedFlag: getMetaData returned -22, defaulting to interlaced_flag = 0
02-21 16:17:33.411  1886 27030 W qdgralloc: getInterlacedFlag: getMetaData returned -22, defaulting to interlaced_flag = 0
02-21 16:17:33.493  1886 27030 W qdgralloc: getInterlacedFlag: getMetaData returned -22, defaulting to interlaced_flag = 0
02-21 16:17:33.494  1886 27030 W qdgralloc: getInterlacedFlag: getMetaData returned -22, defaulting to interlaced_flag = 0
02-21 16:17:33.577  1886 27030 W qdgralloc: getInterlacedFlag: getMetaData returned -22, defaulting to interlaced_flag = 0
02-21 16:17:33.577  1886 27030 W qdgralloc: getInterlacedFlag: getMetaData returned -22, defaulting to interlaced_flag = 0
02-21 16:17:33.660  1886 27030 W qdgralloc: getInterlacedFlag: getMetaData returned -22, defaulting to interlaced_flag = 0
02-21 16:17:33.660  1886 27030 W qdgralloc: getInterlacedFlag: getMetaData returned -22, defaulting to interlaced_flag = 0
02-21 16:17:33.742  1886 27030 W qdgralloc: getInterlacedFlag: getMetaData returned -22, defaulting to interlaced_flag = 0
02-21 16:17:33.743  1886 27030 W qdgralloc: getInterlacedFlag: getMetaData returned -22, defaulting to interlaced_flag = 0
02-21 16:17:33.825  1886 27030 W qdgralloc: getInterlacedFlag: getMetaData returned -22, defaulting to interlaced_flag = 0
02-21 16:17:33.826  1886 27030 W qdgralloc: getInterlacedFlag: getMetaData returned -22, defaulting to interlaced_flag = 0
02-21 16:17:33.907  1886 27030 D BufferPoolAccessor2.0: bufferpool2 0xb400007bca16b758 : 4(1703936 size) total buffers - 1(425984 size) used buffers - 59872/59889 (recycle/alloc) - 0/0 (fetch/transfer)
02-21 16:17:33.908  1886 27030 W qdgralloc: getInterlacedFlag: getMetaData returned -22, defaulting to interlaced_flag = 0
02-21 16:17:33.908  1886 27030 W qdgralloc: getInterlacedFlag: getMetaData returned -22, defaulting to interlaced_flag = 0
02-21 16:17:33.991  1886 27030 W qdgralloc: getInterlacedFlag: getMetaData returned -22, defaulting to interlaced_flag = 0
02-21 16:17:33.992  1886 27030 W qdgralloc: getInterlacedFlag: getMetaData returned -22, defaulting to interlaced_flag = 0
02-21 16:17:34.062 27232 31589 D CybinRelayClient: [wss://relay.og.coop] Reconnecting (attempt 1)
02-21 16:17:34.073  1886 27030 W qdgralloc: getInterlacedFlag: getMetaData returned -22, defaulting to interlaced_flag = 0
02-21 16:17:34.074  1886 27030 W qdgralloc: getInterlacedFlag: getMetaData returned -22, defaulting to interlaced_flag = 0
02-21 16:17:34.080 26985 27024 I MediaCodec: [0xb4000074a68ce330] dequeue 13 output frames in last 1076 ms, latest timeUs 533758012467, flags 0
02-21 16:17:34.092 27232 31589 D CybinRelayClient: [wss://ammetronics.com] Reconnecting (attempt 1)
02-21 16:17:34.110 27232 31863 D StrictMode: StrictMode policy violation: android.os.strictmode.UntaggedSocketViolation: Untagged socket detected; use TrafficStats.setTrafficStatsTag() to track all network usage
02-21 16:17:34.110 27232 31863 D StrictMode: 	at android.os.StrictMode.onUntaggedSocket(StrictMode.java:2324)
02-21 16:17:34.110 27232 31863 D StrictMode: 	at android.os.StrictMode.noteUntaggedSocket(StrictMode.java:2808)
02-21 16:17:34.110 27232 31863 D StrictMode: 	at android.net.TrafficStats$SocketTagger.tag(TrafficStats.java:433)
02-21 16:17:34.110 27232 31863 D StrictMode: 	at libcore.io.BlockGuardOs.tagSocket(BlockGuardOs.java:55)
02-21 16:17:34.110 27232 31863 D StrictMode: 	at libcore.io.BlockGuardOs.socket(BlockGuardOs.java:404)
02-21 16:17:34.110 27232 31863 D StrictMode: 	at libcore.io.ForwardingOs.socket(ForwardingOs.java:826)
02-21 16:17:34.110 27232 31863 D StrictMode: 	at libcore.io.IoBridge.socket(IoBridge.java:840)
02-21 16:17:34.110 27232 31863 D StrictMode: 	at java.net.PlainSocketImpl.socketCreate(PlainSocketImpl.java:128)
02-21 16:17:34.110 27232 31863 D StrictMode: 	at java.net.AbstractPlainSocketImpl.create(AbstractPlainSocketImpl.java:128)
02-21 16:17:34.110 27232 31863 D StrictMode: 	at java.net.Socket.createImpl(Socket.java:514)
02-21 16:17:34.110 27232 31863 D StrictMode: 	at java.net.Socket.getImpl(Socket.java:577)
02-21 16:17:34.110 27232 31863 D StrictMode: 	at java.net.Socket.setSoTimeout(Socket.java:1203)
02-21 16:17:34.110 27232 31863 D StrictMode: 	at okhttp3.internal.connection.RealConnection.connectSocket(RealConnection.kt:293)
02-21 16:17:34.110 27232 31863 D StrictMode: 	at okhttp3.internal.connection.RealConnection.connect(RealConnection.kt:207)
02-21 16:17:34.110 27232 31863 D StrictMode: 	at okhttp3.internal.connection.ExchangeFinder.findConnection(ExchangeFinder.kt:226)
02-21 16:17:34.110 27232 31863 D StrictMode: 	at okhttp3.internal.connection.ExchangeFinder.findHealthyConnection(ExchangeFinder.kt:106)
02-21 16:17:34.110 27232 31863 D StrictMode: 	at okhttp3.internal.connection.ExchangeFinder.find(ExchangeFinder.kt:74)
02-21 16:17:34.110 27232 31863 D StrictMode: 	at okhttp3.internal.connection.RealCall.initExchange$okhttp(RealCall.kt:255)
02-21 16:17:34.110 27232 31863 D StrictMode: 	at okhttp3.internal.connection.ConnectInterceptor.intercept(ConnectInterceptor.kt:32)
02-21 16:17:34.110 27232 31863 D StrictMode: 	at okhttp3.internal.http.RealInterceptorChain.proceed(RealInterceptorChain.kt:109)
02-21 16:17:34.110 27232 31863 D StrictMode: 	at okhttp3.internal.cache.CacheInterceptor.intercept(CacheInterceptor.kt:95)
02-21 16:17:34.110 27232 31863 D StrictMode: 	at okhttp3.internal.http.RealInterceptorChain.proceed(RealInterceptorChain.kt:109)
02-21 16:17:34.110 27232 31863 D StrictMode: 	at okhttp3.internal.http.BridgeInterceptor.intercept(BridgeInterceptor.kt:83)
02-21 16:17:34.110 27232 31863 D StrictMode: 	at okhttp3.internal.http.RealInterceptorChain.proceed(RealInterceptorChain.kt:109)
02-21 16:17:34.110 27232 31863 D StrictMode: 	at okhttp3.internal.http.RetryAndFollowUpInterceptor.intercept(RetryAndFollowUpInterceptor.kt:76)
02-21 16:17:34.110 27232 31863 D StrictMode: 	at okhttp3.internal.http.RealInterceptorChain.proceed(RealInterceptorChain.kt:109)
02-21 16:17:34.110 27232 31863 D StrictMode: 	at okhttp3.internal.connection.RealCall.getResponseWithInterceptorChain$okhttp(RealCall.kt:201)
02-21 16:17:34.110 27232 31863 D StrictMode: 	at okhttp3.internal.connection.RealCall$AsyncCall.run(RealCall.kt:517)
02-21 16:17:34.110 27232 31863 D StrictMode: 	at java.util.concurrent.ThreadPoolExecutor.runWorker(ThreadPoolExecutor.java:1156)
02-21 16:17:34.110 27232 31863 D StrictMode: 	at java.util.concurrent.ThreadPoolExecutor$Worker.run(ThreadPoolExecutor.java:651)
02-21 16:17:34.110 27232 31863 D StrictMode: 	at java.lang.Thread.run(Thread.java:1119)
02-21 16:17:34.158  1886 27030 W qdgralloc: getInterlacedFlag: getMetaData returned -22, defaulting to interlaced_flag = 0
02-21 16:17:34.159  1886 27030 W qdgralloc: getInterlacedFlag: getMetaData returned -22, defaulting to interlaced_flag = 0
02-21 16:17:34.175 27232 30525 D CybinRelayClient: [wss://nostr-relay.moe.gift] Reconnecting (attempt 1)
02-21 16:17:34.240  1886 27030 W qdgralloc: getInterlacedFlag: getMetaData returned -22, defaulting to interlaced_flag = 0
02-21 16:17:34.241  1886 27030 W qdgralloc: getInterlacedFlag: getMetaData returned -22, defaulting to interlaced_flag = 0
02-21 16:17:34.322  1886 27030 W qdgralloc: getInterlacedFlag: getMetaData returned -22, defaulting to interlaced_flag = 0
02-21 16:17:34.323  1886 27030 W qdgralloc: getInterlacedFlag: getMetaData returned -22, defaulting to interlaced_flag = 0
02-21 16:17:34.351 27232 31780 W CybinRelayClient: [wss://ammetronics.com] Send failed: null
02-21 16:17:34.351 27232 30525 W Nip42Auth: No signer available ΓÇö cannot respond to AUTH from wss://ammetronics.com
02-21 16:17:34.405  1886 27030 W qdgralloc: getInterlacedFlag: getMetaData returned -22, defaulting to interlaced_flag = 0
02-21 16:17:34.405  1886 27030 W qdgralloc: getInterlacedFlag: getMetaData returned -22, defaulting to interlaced_flag = 0
02-21 16:17:34.489  1886 27030 W qdgralloc: getInterlacedFlag: getMetaData returned -22, defaulting to interlaced_flag = 0
02-21 16:17:34.489  1886 27030 W qdgralloc: getInterlacedFlag: getMetaData returned -22, defaulting to interlaced_flag = 0
02-21 16:17:34.531 27232 31591 W Nip42Auth: No signer available ΓÇö cannot respond to AUTH from wss://nostr-relay.moe.gift
02-21 16:17:34.531 27232 31013 W CybinRelayClient: [wss://nostr-relay.moe.gift] Send failed: null
02-21 16:17:34.558 27232 31013 W CybinRelayClient: [wss://relay.og.coop] Send failed: Channel was cancelled
02-21 16:17:34.571  1886 27030 W qdgralloc: getInterlacedFlag: getMetaData returned -22, defaulting to interlaced_flag = 0
02-21 16:17:34.571  1886 27030 W qdgralloc: getInterlacedFlag: getMetaData returned -22, defaulting to interlaced_flag = 0
02-21 16:17:34.654  1886 27030 W qdgralloc: getInterlacedFlag: getMetaData returned -22, defaulting to interlaced_flag = 0
02-21 16:17:34.654  1886 27030 W qdgralloc: getInterlacedFlag: getMetaData returned -22, defaulting to interlaced_flag = 0
02-21 16:17:34.737  1886 27030 W qdgralloc: getInterlacedFlag: getMetaData returned -22, defaulting to interlaced_flag = 0
02-21 16:17:34.738  1886 27030 W qdgralloc: getInterlacedFlag: getMetaData returned -22, defaulting to interlaced_flag = 0
02-21 16:17:34.820  1886 27030 W qdgralloc: getInterlacedFlag: getMetaData returned -22, defaulting to interlaced_flag = 0
02-21 16:17:34.821  1886 27030 W qdgralloc: getInterlacedFlag: getMetaData returned -22, defaulting to interlaced_flag = 0
02-21 16:17:34.903  1886 27030 W qdgralloc: getInterlacedFlag: getMetaData returned -22, defaulting to interlaced_flag = 0
02-21 16:17:34.903  1886 27030 W qdgralloc: getInterlacedFlag: getMetaData returned -22, defaulting to interlaced_flag = 0
02-21 16:17:34.986  1886 27030 W qdgralloc: getInterlacedFlag: getMetaData returned -22, defaulting to interlaced_flag = 0
02-21 16:17:34.986  1886 27030 W qdgralloc: getInterlacedFlag: getMetaData returned -22, defaulting to interlaced_flag = 0
02-21 16:17:35.068  1886 27030 W qdgralloc: getInterlacedFlag: getMetaData returned -22, defaulting to interlaced_flag = 0
02-21 16:17:35.068  1886 27030 W qdgralloc: getInterlacedFlag: getMetaData returned -22, defaulting to interlaced_flag = 0
02-21 16:17:35.151  1886 27030 W qdgralloc: getInterlacedFlag: getMetaData returned -22, defaulting to interlaced_flag = 0
02-21 16:17:35.152  1886 27030 W qdgralloc: getInterlacedFlag: getMetaData returned -22, defaulting to interlaced_flag = 0
02-21 16:17:35.159 26985 27024 I MediaCodec: [0xb4000074a68ce330] dequeue 13 output frames in last 1079 ms, latest timeUs 533759089435, flags 0
02-21 16:17:35.235  1886 27030 W qdgralloc: getInterlacedFlag: getMetaData returned -22, defaulting to interlaced_flag = 0
02-21 16:17:35.235  1886 27030 W qdgralloc: getInterlacedFlag: getMetaData returned -22, defaulting to interlaced_flag = 0
02-21 16:17:35.305  2994  3628 D WifiStaIfaceHidlImpl: getCachedScanData is not implemented by HIDL
02-21 16:17:35.307  2994  9813 I MotoWifiScorer: onWifiUsabilityStats, seqNum: 83448, isSameBssidAndFreq: true, RSSI: -59, isThroughputSufficient: true, LinkSpeed: 216 Mbps, RxLinkSpeed: 108 Mbps
02-21 16:17:35.307  2994  9813 I MotoWifiScorer: updateWifiUsabilityStats, seqNum: 83448, RSSI: -59, isThroughputSufficient: true, LinkSpeed: 216 Mbps, RxLinkSpeed: 108 Mbps
02-21 16:17:35.307  2994  9813 I MotoWifiScorer: updateWifiUsabilityStats, Duration: 3017, Rx Good: 57, Tx Good: 44, Tx Bad: 0 ( 0 % ), Tx Retry: 9 ( 16 % )
02-21 16:17:35.308  2994  9813 I MotoWifiScorer: onWifiUsabilityStats, FinalScore: 60, RssiBasedScore: 60, LinkBonus: 0, TcpBonus: 0
02-21 16:17:35.309  2994  9813 I MotoWifiScorer: onWifiUsabilityStats, WiFi Usable: true
02-21 16:17:35.316  2994  3641 D ConnectivityService: NetReassign [no changes] [c 2] [a 1] [i 3]
02-21 16:17:35.318  1886 27030 W qdgralloc: getInterlacedFlag: getMetaData returned -22, defaulting to interlaced_flag = 0
02-21 16:17:35.318  1886 27030 W qdgralloc: getInterlacedFlag: getMetaData returned -22, defaulting to interlaced_flag = 0
02-21 16:17:35.400  1886 27030 W qdgralloc: getInterlacedFlag: getMetaData returned -22, defaulting to interlaced_flag = 0
02-21 16:17:35.401  1886 27030 W qdgralloc: getInterlacedFlag: getMetaData returned -22, defaulting to interlaced_flag = 0
02-21 16:17:35.484  1886 27030 W qdgralloc: getInterlacedFlag: getMetaData returned -22, defaulting to interlaced_flag = 0
02-21 16:17:35.484  1886 27030 W qdgralloc: getInterlacedFlag: getMetaData returned -22, defaulting to interlaced_flag = 0
02-21 16:17:35.566  1886 27030 W qdgralloc: getInterlacedFlag: getMetaData returned -22, defaulting to interlaced_flag = 0
02-21 16:17:35.567  1886 27030 W qdgralloc: getInterlacedFlag: getMetaData returned -22, defaulting to interlaced_flag = 0
02-21 16:17:35.649  1886 27030 W qdgralloc: getInterlacedFlag: getMetaData returned -22, defaulting to interlaced_flag = 0
02-21 16:17:35.649  1886 27030 W qdgralloc: getInterlacedFlag: getMetaData returned -22, defaulting to interlaced_flag = 0
02-21 16:17:35.732  1886 27030 W qdgralloc: getInterlacedFlag: getMetaData returned -22, defaulting to interlaced_flag = 0
02-21 16:17:35.732  1886 27030 W qdgralloc: getInterlacedFlag: getMetaData returned -22, defaulting to interlaced_flag = 0
02-21 16:17:35.814  1886 27030 W qdgralloc: getInterlacedFlag: getMetaData returned -22, defaulting to interlaced_flag = 0
02-21 16:17:35.815  1886 27030 W qdgralloc: getInterlacedFlag: getMetaData returned -22, defaulting to interlaced_flag = 0
02-21 16:17:35.897  1886 27030 W qdgralloc: getInterlacedFlag: getMetaData returned -22, defaulting to interlaced_flag = 0
02-21 16:17:35.898  1886 27030 W qdgralloc: getInterlacedFlag: getMetaData returned -22, defaulting to interlaced_flag = 0
02-21 16:17:35.980  1886 27030 W qdgralloc: getInterlacedFlag: getMetaData returned -22, defaulting to interlaced_flag = 0
02-21 16:17:35.981  1886 27030 W qdgralloc: getInterlacedFlag: getMetaData returned -22, defaulting to interlaced_flag = 0
02-21 16:17:36.063  1886 27030 W qdgralloc: getInterlacedFlag: getMetaData returned -22, defaulting to interlaced_flag = 0
02-21 16:17:36.064  1886 27030 W qdgralloc: getInterlacedFlag: getMetaData returned -22, defaulting to interlaced_flag = 0
02-21 16:17:36.145  1886 27030 W qdgralloc: getInterlacedFlag: getMetaData returned -22, defaulting to interlaced_flag = 0
02-21 16:17:36.146  1886 27030 W qdgralloc: getInterlacedFlag: getMetaData returned -22, defaulting to interlaced_flag = 0
02-21 16:17:36.229  1886 27030 W qdgralloc: getInterlacedFlag: getMetaData returned -22, defaulting to interlaced_flag = 0
02-21 16:17:36.229  1886 27030 W qdgralloc: getInterlacedFlag: getMetaData returned -22, defaulting to interlaced_flag = 0
02-21 16:17:36.236 26985 27024 I MediaCodec: [0xb4000074a68ce330] dequeue 13 output frames in last 1077 ms, latest timeUs 533760166792, flags 0
02-21 16:17:36.311  1886 27030 W qdgralloc: getInterlacedFlag: getMetaData returned -22, defaulting to interlaced_flag = 0
02-21 16:17:36.312  1886 27030 W qdgralloc: getInterlacedFlag: getMetaData returned -22, defaulting to interlaced_flag = 0
02-21 16:17:36.394  1886 27030 W qdgralloc: getInterlacedFlag: getMetaData returned -22, defaulting to interlaced_flag = 0
02-21 16:17:36.395  1886 27030 W qdgralloc: getInterlacedFlag: getMetaData returned -22, defaulting to interlaced_flag = 0
02-21 16:17:36.477  1886 27030 W qdgralloc: getInterlacedFlag: getMetaData returned -22, defaulting to interlaced_flag = 0
02-21 16:17:36.478  1886 27030 W qdgralloc: getInterlacedFlag: getMetaData returned -22, defaulting to interlaced_flag = 0
02-21 16:17:36.560  1886 27030 W qdgralloc: getInterlacedFlag: getMetaData returned -22, defaulting to interlaced_flag = 0
02-21 16:17:36.561  1886 27030 W qdgralloc: getInterlacedFlag: getMetaData returned -22, defaulting to interlaced_flag = 0
02-21 16:17:36.643  1886 27030 W qdgralloc: getInterlacedFlag: getMetaData returned -22, defaulting to interlaced_flag = 0
02-21 16:17:36.644  1886 27030 W qdgralloc: getInterlacedFlag: getMetaData returned -22, defaulting to interlaced_flag = 0
02-21 16:17:36.726  1886 27030 W qdgralloc: getInterlacedFlag: getMetaData returned -22, defaulting to interlaced_flag = 0
02-21 16:17:36.727  1886 27030 W qdgralloc: getInterlacedFlag: getMetaData returned -22, defaulting to interlaced_flag = 0
02-21 16:17:36.809  1886 27030 W qdgralloc: getInterlacedFlag: getMetaData returned -22, defaulting to interlaced_flag = 0
02-21 16:17:36.810  1886 27030 W qdgralloc: getInterlacedFlag: getMetaData returned -22, defaulting to interlaced_flag = 0
02-21 16:17:36.892  1886 27030 W qdgralloc: getInterlacedFlag: getMetaData returned -22, defaulting to interlaced_flag = 0
02-21 16:17:36.892  1886 27030 W qdgralloc: getInterlacedFlag: getMetaData returned -22, defaulting to interlaced_flag = 0
02-21 16:17:36.975  1886 27030 W qdgralloc: getInterlacedFlag: getMetaData returned -22, defaulting to interlaced_flag = 0
02-21 16:17:36.976  1886 27030 W qdgralloc: getInterlacedFlag: getMetaData returned -22, defaulting to interlaced_flag = 0
02-21 16:17:37.000  1886 27030 I QC2Comp : [avcE_2856] Stats: Pending(0) i/p-done(0) Works: Q: 59926/Done 59926|Work-Rate: Q(12.2/s Avg=45.0/s) Done(12.199/s Avg=45.031/s)| Stream: 12.10fps 55.8Kbps
02-21 16:17:37.000  1886 27030 I QC2Comp : [avcE_2856] Mem-usage:  [In-2D: 6 bufs 10.594 MB] [2D-Conv-5194: 17 bufs 13.016 MB] [1D-5193: 18 bufs 5.484 MB] [1D-5195: 7 bufs 0.109 MB] | Total: 29.203 MB
02-21 16:17:37.057  1886 27030 W qdgralloc: getInterlacedFlag: getMetaData returned -22, defaulting to interlaced_flag = 0
02-21 16:17:37.058  1886 27030 W qdgralloc: getInterlacedFlag: getMetaData returned -22, defaulting to interlaced_flag = 0
02-21 16:17:37.064  1886 27059 D BufferPoolAccessor2.0: bufferpool2 0xb400007bca18db68 : 6(1916928 size) total buffers - 5(1597440 size) used buffers - 59913/59931 (recycle/alloc) - 251/59926 (fetch/transfer)
02-21 16:17:37.140  1886 27030 W qdgralloc: getInterlacedFlag: getMetaData returned -22, defaulting to interlaced_flag = 0
02-21 16:17:37.140  1886 27030 W qdgralloc: getInterlacedFlag: getMetaData returned -22, defaulting to interlaced_flag = 0
02-21 16:17:37.223  1886 27030 W qdgralloc: getInterlacedFlag: getMetaData returned -22, defaulting to interlaced_flag = 0
02-21 16:17:37.223  1886 27030 W qdgralloc: getInterlacedFlag: getMetaData returned -22, defaulting to interlaced_flag = 0
02-21 16:17:37.306  1886 27030 W qdgralloc: getInterlacedFlag: getMetaData returned -22, defaulting to interlaced_flag = 0
02-21 16:17:37.306  1886 27030 W qdgralloc: getInterlacedFlag: getMetaData returned -22, defaulting to interlaced_flag = 0
02-21 16:17:37.314 26985 27024 I MediaCodec: [0xb4000074a68ce330] dequeue 13 output frames in last 1077 ms, latest timeUs 533761244387, flags 0
02-21 16:17:37.389  1886 27030 W qdgralloc: getInterlacedFlag: getMetaData returned -22, defaulting to interlaced_flag = 0
02-21 16:17:37.390  1886 27030 W qdgralloc: getInterlacedFlag: getMetaData returned -22, defaulting to interlaced_flag = 0
02-21 16:17:37.472  1886 27030 W qdgralloc: getInterlacedFlag: getMetaData returned -22, defaulting to interlaced_flag = 0
02-21 16:17:37.473  1886 27030 W qdgralloc: getInterlacedFlag: getMetaData returned -22, defaulting to interlaced_flag = 0
02-21 16:17:37.554  1886 27030 W qdgralloc: getInterlacedFlag: getMetaData returned -22, defaulting to interlaced_flag = 0
02-21 16:17:37.555  1886 27030 W qdgralloc: getInterlacedFlag: getMetaData returned -22, defaulting to interlaced_flag = 0
02-21 16:17:37.631 26985 27023 D BufferPoolAccessor2.0: bufferpool2 0xb4000074968a5568 : 5(19200 size) total buffers - 4(15360 size) used buffers - 66556/66561 (recycle/alloc) - 205/133113 (fetch/transfer)
02-21 16:17:37.637  1886 27030 W qdgralloc: getInterlacedFlag: getMetaData returned -22, defaulting to interlaced_flag = 0
02-21 16:17:37.638  1886 27030 W qdgralloc: getInterlacedFlag: getMetaData returned -22, defaulting to interlaced_flag = 0
02-21 16:17:37.721  1886 27030 W qdgralloc: getInterlacedFlag: getMetaData returned -22, defaulting to interlaced_flag = 0
02-21 16:17:37.721  1886 27030 W qdgralloc: getInterlacedFlag: getMetaData returned -22, defaulting to interlaced_flag = 0
02-21 16:17:37.781  2428 27031 D BufferPoolAccessor2.0: bufferpool2 0xb40000748c1325e8 : 2(6000 size) total buffers - 1(3000 size) used buffers - 66551/66566 (recycle/alloc) - 16/66564 (fetch/transfer)
02-21 16:17:37.803  1886 27030 W qdgralloc: getInterlacedFlag: getMetaData returned -22, defaulting to interlaced_flag = 0
02-21 16:17:37.803  1886 27030 W qdgralloc: getInterlacedFlag: getMetaData returned -22, defaulting to interlaced_flag = 0
02-21 16:17:37.886  1886 27030 W qdgralloc: getInterlacedFlag: getMetaData returned -22, defaulting to interlaced_flag = 0
02-21 16:17:37.886  1886 27030 W qdgralloc: getInterlacedFlag: getMetaData returned -22, defaulting to interlaced_flag = 0
02-21 16:17:37.908  3391  3393 I android.hardware.thermal@2.0-service.qti-v2: Sensor Name:skin1 temp: 37.849. prev severity:3. cur severity:0 New severity:0
02-21 16:17:37.969  1886 27030 W qdgralloc: getInterlacedFlag: getMetaData returned -22, defaulting to interlaced_flag = 0
02-21 16:17:37.970  1886 27030 W qdgralloc: getInterlacedFlag: getMetaData returned -22, defaulting to interlaced_flag = 0
02-21 16:17:38.051  1886 27030 W qdgralloc: getInterlacedFlag: getMetaData returned -22, defaulting to interlaced_flag = 0
02-21 16:17:38.051  1886 27030 W qdgralloc: getInterlacedFlag: getMetaData returned -22, defaulting to interlaced_flag = 0
02-21 16:17:38.135  1886 27030 W qdgralloc: getInterlacedFlag: getMetaData returned -22, defaulting to interlaced_flag = 0
02-21 16:17:38.135  1886 27030 W qdgralloc: getInterlacedFlag: getMetaData returned -22, defaulting to interlaced_flag = 0
02-21 16:17:38.218  1886 27030 W qdgralloc: getInterlacedFlag: getMetaData returned -22, defaulting to interlaced_flag = 0
02-21 16:17:38.218  1886 27030 W qdgralloc: getInterlacedFlag: getMetaData returned -22, defaulting to interlaced_flag = 0
02-21 16:17:38.300  1886 27030 W qdgralloc: getInterlacedFlag: getMetaData returned -22, defaulting to interlaced_flag = 0
02-21 16:17:38.301  1886 27030 W qdgralloc: getInterlacedFlag: getMetaData returned -22, defaulting to interlaced_flag = 0
02-21 16:17:38.323  2994  3628 D WifiStaIfaceHidlImpl: getCachedScanData is not implemented by HIDL
02-21 16:17:38.326  2994  9813 I MotoWifiScorer: onWifiUsabilityStats, seqNum: 83449, isSameBssidAndFreq: true, RSSI: -59, isThroughputSufficient: true, LinkSpeed: 216 Mbps, RxLinkSpeed: 108 Mbps
02-21 16:17:38.326  2994  9813 I MotoWifiScorer: updateWifiUsabilityStats, seqNum: 83449, RSSI: -59, isThroughputSufficient: true, LinkSpeed: 216 Mbps, RxLinkSpeed: 108 Mbps
02-21 16:17:38.326  2994  9813 I MotoWifiScorer: updateWifiUsabilityStats, Duration: 3018, Rx Good: 12, Tx Good: 6, Tx Bad: 0 ( 0 % ), Tx Retry: 1 ( 14 % )
02-21 16:17:38.326  2994  9813 I MotoWifiScorer: onWifiUsabilityStats, FinalScore: 60, RssiBasedScore: 60, LinkBonus: 0, TcpBonus: 0
02-21 16:17:38.328  2994  9813 I MotoWifiScorer: onWifiUsabilityStats, WiFi Usable: true
02-21 16:17:38.334  2994  3641 D ConnectivityService: NetReassign [no changes] [c 1] [a 1] [i 3]
02-21 16:17:38.383  1886 27030 W qdgralloc: getInterlacedFlag: getMetaData returned -22, defaulting to interlaced_flag = 0
02-21 16:17:38.384  1886 27030 W qdgralloc: getInterlacedFlag: getMetaData returned -22, defaulting to interlaced_flag = 0
02-21 16:17:38.392 26985 27024 I MediaCodec: [0xb4000074a68ce330] dequeue 13 output frames in last 1078 ms, latest timeUs 533762321295, flags 0
02-21 16:17:38.468  1886 27030 W qdgralloc: getInterlacedFlag: getMetaData returned -22, defaulting to interlaced_flag = 0
02-21 16:17:38.469  1886 27030 W qdgralloc: getInterlacedFlag: getMetaData returned -22, defaulting to interlaced_flag = 0
02-21 16:17:38.549  1886 27030 W qdgralloc: getInterlacedFlag: getMetaData returned -22, defaulting to interlaced_flag = 0
02-21 16:17:38.549  1886 27030 W qdgralloc: getInterlacedFlag: getMetaData returned -22, defaulting to interlaced_flag = 0
02-21 16:17:38.633  1886 27030 W qdgralloc: getInterlacedFlag: getMetaData returned -22, defaulting to interlaced_flag = 0
02-21 16:17:38.634  1886 27030 W qdgralloc: getInterlacedFlag: getMetaData returned -22, defaulting to interlaced_flag = 0
02-21 16:17:38.714  1886 27030 W qdgralloc: getInterlacedFlag: getMetaData returned -22, defaulting to interlaced_flag = 0
02-21 16:17:38.714  1886 27030 W qdgralloc: getInterlacedFlag: getMetaData returned -22, defaulting to interlaced_flag = 0
02-21 16:17:38.797  1886 27030 W qdgralloc: getInterlacedFlag: getMetaData returned -22, defaulting to interlaced_flag = 0
02-21 16:17:38.797  1886 27030 W qdgralloc: getInterlacedFlag: getMetaData returned -22, defaulting to interlaced_flag = 0
02-21 16:17:38.880  1886 27030 W qdgralloc: getInterlacedFlag: getMetaData returned -22, defaulting to interlaced_flag = 0
02-21 16:17:38.881  1886 27030 W qdgralloc: getInterlacedFlag: getMetaData returned -22, defaulting to interlaced_flag = 0
02-21 16:17:38.964  1886 27030 W qdgralloc: getInterlacedFlag: getMetaData returned -22, defaulting to interlaced_flag = 0
02-21 16:17:38.964  1886 27030 W qdgralloc: getInterlacedFlag: getMetaData returned -22, defaulting to interlaced_flag = 0
02-21 16:17:39.046  1886 27030 W qdgralloc: getInterlacedFlag: getMetaData returned -22, defaulting to interlaced_flag = 0
02-21 16:17:39.046  1886 27030 W qdgralloc: getInterlacedFlag: getMetaData returned -22, defaulting to interlaced_flag = 0
02-21 16:17:39.129  1886 27030 D BufferPoolAccessor2.0: bufferpool2 0xb400007bca16b758 : 4(1703936 size) total buffers - 1(425984 size) used buffers - 59935/59952 (recycle/alloc) - 0/0 (fetch/transfer)
02-21 16:17:39.129  1886 27030 W qdgralloc: getInterlacedFlag: getMetaData returned -22, defaulting to interlaced_flag = 0
02-21 16:17:39.130  1886 27030 W qdgralloc: getInterlacedFlag: getMetaData returned -22, defaulting to interlaced_flag = 0
02-21 16:17:39.212  1886 27030 W qdgralloc: getInterlacedFlag: getMetaData returned -22, defaulting to interlaced_flag = 0
02-21 16:17:39.212  1886 27030 W qdgralloc: getInterlacedFlag: getMetaData returned -22, defaulting to interlaced_flag = 0
02-21 16:17:39.294  1886 27030 W qdgralloc: getInterlacedFlag: getMetaData returned -22, defaulting to interlaced_flag = 0
02-21 16:17:39.295  1886 27030 W qdgralloc: getInterlacedFlag: getMetaData returned -22, defaulting to interlaced_flag = 0
02-21 16:17:39.377  1886 27030 W qdgralloc: getInterlacedFlag: getMetaData returned -22, defaulting to interlaced_flag = 0
02-21 16:17:39.378  1886 27030 W qdgralloc: getInterlacedFlag: getMetaData returned -22, defaulting to interlaced_flag = 0
02-21 16:17:39.461  1886 27030 W qdgralloc: getInterlacedFlag: getMetaData returned -22, defaulting to interlaced_flag = 0
02-21 16:17:39.461  1886 27030 W qdgralloc: getInterlacedFlag: getMetaData returned -22, defaulting to interlaced_flag = 0
02-21 16:17:39.468 26985 27024 I MediaCodec: [0xb4000074a68ce330] dequeue 13 output frames in last 1076 ms, latest timeUs 533763398652, flags 0
02-21 16:17:39.543  1886 27030 W qdgralloc: getInterlacedFlag: getMetaData returned -22, defaulting to interlaced_flag = 0
02-21 16:17:39.544  1886 27030 W qdgralloc: getInterlacedFlag: getMetaData returned -22, defaulting to interlaced_flag = 0
02-21 16:17:39.626  1886 27030 W qdgralloc: getInterlacedFlag: getMetaData returned -22, defaulting to interlaced_flag = 0
02-21 16:17:39.627  1886 27030 W qdgralloc: getInterlacedFlag: getMetaData returned -22, defaulting to interlaced_flag = 0
02-21 16:17:39.709  1886 27030 W qdgralloc: getInterlacedFlag: getMetaData returned -22, defaulting to interlaced_flag = 0
02-21 16:17:39.709  1886 27030 W qdgralloc: getInterlacedFlag: getMetaData returned -22, defaulting to interlaced_flag = 0
02-21 16:17:39.791  1886 27030 W qdgralloc: getInterlacedFlag: getMetaData returned -22, defaulting to interlaced_flag = 0
02-21 16:17:39.792  1886 27030 W qdgralloc: getInterlacedFlag: getMetaData returned -22, defaulting to interlaced_flag = 0
02-21 16:17:39.876  1886 27030 W qdgralloc: getInterlacedFlag: getMetaData returned -22, defaulting to interlaced_flag = 0
02-21 16:17:39.876  1886 27030 W qdgralloc: getInterlacedFlag: getMetaData returned -22, defaulting to interlaced_flag = 0
02-21 16:17:39.957  1886 27030 W qdgralloc: getInterlacedFlag: getMetaData returned -22, defaulting to interlaced_flag = 0
02-21 16:17:39.958  1886 27030 W qdgralloc: getInterlacedFlag: getMetaData returned -22, defaulting to interlaced_flag = 0
02-21 16:17:40.040  1886 27030 W qdgralloc: getInterlacedFlag: getMetaData returned -22, defaulting to interlaced_flag = 0
02-21 16:17:40.041  1886 27030 W qdgralloc: getInterlacedFlag: getMetaData returned -22, defaulting to interlaced_flag = 0
02-21 16:17:40.123  1886 27030 W qdgralloc: getInterlacedFlag: getMetaData returned -22, defaulting to interlaced_flag = 0
02-21 16:17:40.124  1886 27030 W qdgralloc: getInterlacedFlag: getMetaData returned -22, defaulting to interlaced_flag = 0
02-21 16:17:40.206  1886 27030 W qdgralloc: getInterlacedFlag: getMetaData returned -22, defaulting to interlaced_flag = 0
02-21 16:17:40.207  1886 27030 W qdgralloc: getInterlacedFlag: getMetaData returned -22, defaulting to interlaced_flag = 0
02-21 16:17:40.289  1886 27030 W qdgralloc: getInterlacedFlag: getMetaData returned -22, defaulting to interlaced_flag = 0
02-21 16:17:40.289  1886 27030 W qdgralloc: getInterlacedFlag: getMetaData returned -22, defaulting to interlaced_flag = 0
02-21 16:17:40.372  1886 27030 W qdgralloc: getInterlacedFlag: getMetaData returned -22, defaulting to interlaced_flag = 0
02-21 16:17:40.372  1886 27030 W qdgralloc: getInterlacedFlag: getMetaData returned -22, defaulting to interlaced_flag = 0
02-21 16:17:40.454  1886 27030 W qdgralloc: getInterlacedFlag: getMetaData returned -22, defaulting to interlaced_flag = 0
02-21 16:17:40.455  1886 27030 W qdgralloc: getInterlacedFlag: getMetaData returned -22, defaulting to interlaced_flag = 0
02-21 16:17:40.538  1886 27030 W qdgralloc: getInterlacedFlag: getMetaData returned -22, defaulting to interlaced_flag = 0
02-21 16:17:40.538  1886 27030 W qdgralloc: getInterlacedFlag: getMetaData returned -22, defaulting to interlaced_flag = 0
02-21 16:17:40.546 26985 27024 I MediaCodec: [0xb4000074a68ce330] dequeue 13 output frames in last 1077 ms, latest timeUs 533764475904, flags 0
02-21 16:17:40.621  1886 27030 W qdgralloc: getInterlacedFlag: getMetaData returned -22, defaulting to interlaced_flag = 0
02-21 16:17:40.621  1886 27030 W qdgralloc: getInterlacedFlag: getMetaData returned -22, defaulting to interlaced_flag = 0
02-21 16:17:40.703  1886 27030 W qdgralloc: getInterlacedFlag: getMetaData returned -22, defaulting to interlaced_flag = 0
02-21 16:17:40.704  1886 27030 W qdgralloc: getInterlacedFlag: getMetaData returned -22, defaulting to interlaced_flag = 0
02-21 16:17:40.786  1886 27030 W qdgralloc: getInterlacedFlag: getMetaData returned -22, defaulting to interlaced_flag = 0
02-21 16:17:40.786  1886 27030 W qdgralloc: getInterlacedFlag: getMetaData returned -22, defaulting to interlaced_flag = 0
02-21 16:17:40.869  1886 27030 W qdgralloc: getInterlacedFlag: getMetaData returned -22, defaulting to interlaced_flag = 0
02-21 16:17:40.869  1886 27030 W qdgralloc: getInterlacedFlag: getMetaData returned -22, defaulting to interlaced_flag = 0
02-21 16:17:40.952  1886 27030 W qdgralloc: getInterlacedFlag: getMetaData returned -22, defaulting to interlaced_flag = 0
02-21 16:17:40.953  1886 27030 W qdgralloc: getInterlacedFlag: getMetaData returned -22, defaulting to interlaced_flag = 0
02-21 16:17:41.035  1886 27030 W qdgralloc: getInterlacedFlag: getMetaData returned -22, defaulting to interlaced_flag = 0
02-21 16:17:41.036  1886 27030 W qdgralloc: getInterlacedFlag: getMetaData returned -22, defaulting to interlaced_flag = 0
02-21 16:17:41.117  1886 27030 W qdgralloc: getInterlacedFlag: getMetaData returned -22, defaulting to interlaced_flag = 0
02-21 16:17:41.118  1886 27030 W qdgralloc: getInterlacedFlag: getMetaData returned -22, defaulting to interlaced_flag = 0
02-21 16:17:41.201  1886 27030 W qdgralloc: getInterlacedFlag: getMetaData returned -22, defaulting to interlaced_flag = 0
02-21 16:17:41.202  1886 27030 W qdgralloc: getInterlacedFlag: getMetaData returned -22, defaulting to interlaced_flag = 0
02-21 16:17:41.284  1886 27030 W qdgralloc: getInterlacedFlag: getMetaData returned -22, defaulting to interlaced_flag = 0
02-21 16:17:41.285  1886 27030 W qdgralloc: getInterlacedFlag: getMetaData returned -22, defaulting to interlaced_flag = 0
02-21 16:17:41.361  2994  3628 D WifiStaIfaceHidlImpl: getCachedScanData is not implemented by HIDL
02-21 16:17:41.364  2994  9813 I MotoWifiScorer: onWifiUsabilityStats, seqNum: 83450, isSameBssidAndFreq: true, RSSI: -63, isThroughputSufficient: true, LinkSpeed: 243 Mbps, RxLinkSpeed: 108 Mbps
02-21 16:17:41.364  2994  9813 I MotoWifiScorer: updateWifiUsabilityStats, seqNum: 83450, RSSI: -63, isThroughputSufficient: true, LinkSpeed: 243 Mbps, RxLinkSpeed: 108 Mbps
02-21 16:17:41.364  2994  9813 I MotoWifiScorer: updateWifiUsabilityStats, Duration: 3039, Rx Good: 4, Tx Good: 2, Tx Bad: 0 ( 0 % ), Tx Retry: 0 ( 0 % )
02-21 16:17:41.364  2994  9813 I MotoWifiScorer: onWifiUsabilityStats, FinalScore: 60, RssiBasedScore: 60, LinkBonus: 0, TcpBonus: 0
02-21 16:17:41.366  2994  9813 I MotoWifiScorer: onWifiUsabilityStats, WiFi Usable: true
02-21 16:17:41.367  1886 27030 W qdgralloc: getInterlacedFlag: getMetaData returned -22, defaulting to interlaced_flag = 0
02-21 16:17:41.367  1886 27030 W qdgralloc: getInterlacedFlag: getMetaData returned -22, defaulting to interlaced_flag = 0
02-21 16:17:41.369  2994  3641 D ConnectivityService: NetReassign [no changes] [c 1] [a 0] [i 1]
02-21 16:17:41.449  1886 27030 W qdgralloc: getInterlacedFlag: getMetaData returned -22, defaulting to interlaced_flag = 0
02-21 16:17:41.450  1886 27030 W qdgralloc: getInterlacedFlag: getMetaData returned -22, defaulting to interlaced_flag = 0
02-21 16:17:41.532  1886 27030 W qdgralloc: getInterlacedFlag: getMetaData returned -22, defaulting to interlaced_flag = 0
02-21 16:17:41.533  1886 27030 W qdgralloc: getInterlacedFlag: getMetaData returned -22, defaulting to interlaced_flag = 0
02-21 16:17:41.614  1886 27030 W qdgralloc: getInterlacedFlag: getMetaData returned -22, defaulting to interlaced_flag = 0
02-21 16:17:41.615  1886 27030 W qdgralloc: getInterlacedFlag: getMetaData returned -22, defaulting to interlaced_flag = 0
02-21 16:17:41.622 26985 27024 I MediaCodec: [0xb4000074a68ce330] dequeue 13 output frames in last 1076 ms, latest timeUs 533765552861, flags 0
02-21 16:17:41.698  1886 27030 W qdgralloc: getInterlacedFlag: getMetaData returned -22, defaulting to interlaced_flag = 0
02-21 16:17:41.699  1886 27030 W qdgralloc: getInterlacedFlag: getMetaData returned -22, defaulting to interlaced_flag = 0
02-21 16:17:41.780  1886 27030 W qdgralloc: getInterlacedFlag: getMetaData returned -22, defaulting to interlaced_flag = 0
02-21 16:17:41.781  1886 27030 W qdgralloc: getInterlacedFlag: getMetaData returned -22, defaulting to interlaced_flag = 0
02-21 16:17:41.864  1886 27030 W qdgralloc: getInterlacedFlag: getMetaData returned -22, defaulting to interlaced_flag = 0
02-21 16:17:41.864  1886 27030 W qdgralloc: getInterlacedFlag: getMetaData returned -22, defaulting to interlaced_flag = 0
02-21 16:17:41.946  1886 27030 W qdgralloc: getInterlacedFlag: getMetaData returned -22, defaulting to interlaced_flag = 0
02-21 16:17:41.947  1886 27030 W qdgralloc: getInterlacedFlag: getMetaData returned -22, defaulting to interlaced_flag = 0
02-21 16:17:42.000  1886 27030 I QC2Comp : [avcE_2856] Stats: Pending(0) i/p-done(0) Works: Q: 59986/Done 59986|Work-Rate: Q(12.0/s Avg=44.9/s) Done(11.999/s Avg=44.908/s)| Stream: 12.20fps 55.4Kbps
02-21 16:17:42.000  1886 27030 I QC2Comp : [avcE_2856] Mem-usage:  [In-2D: 6 bufs 10.594 MB] [2D-Conv-5194: 17 bufs 13.016 MB] [1D-5193: 18 bufs 5.484 MB] [1D-5195: 7 bufs 0.109 MB] | Total: 29.203 MB
02-21 16:17:42.030  1886 27030 W qdgralloc: getInterlacedFlag: getMetaData returned -22, defaulting to interlaced_flag = 0
02-21 16:17:42.030  1886 27030 W qdgralloc: getInterlacedFlag: getMetaData returned -22, defaulting to interlaced_flag = 0
02-21 16:17:42.112  1886 27030 W qdgralloc: getInterlacedFlag: getMetaData returned -22, defaulting to interlaced_flag = 0
02-21 16:17:42.112  1886 27030 W qdgralloc: getInterlacedFlag: getMetaData returned -22, defaulting to interlaced_flag = 0
02-21 16:17:42.195  1886 27030 W qdgralloc: getInterlacedFlag: getMetaData returned -22, defaulting to interlaced_flag = 0
02-21 16:17:42.195  1886 27030 W qdgralloc: getInterlacedFlag: getMetaData returned -22, defaulting to interlaced_flag = 0
02-21 16:17:42.278  1886 27030 W qdgralloc: getInterlacedFlag: getMetaData returned -22, defaulting to interlaced_flag = 0
02-21 16:17:42.279  1886 27030 W qdgralloc: getInterlacedFlag: getMetaData returned -22, defaulting to interlaced_flag = 0
02-21 16:17:42.285  1886 27059 D BufferPoolAccessor2.0: bufferpool2 0xb400007bca18db68 : 6(1916928 size) total buffers - 5(1597440 size) used buffers - 59976/59994 (recycle/alloc) - 251/59989 (fetch/transfer)
02-21 16:17:42.361  1886 27030 W qdgralloc: getInterlacedFlag: getMetaData returned -22, defaulting to interlaced_flag = 0
02-21 16:17:42.361  1886 27030 W qdgralloc: getInterlacedFlag: getMetaData returned -22, defaulting to interlaced_flag = 0
02-21 16:17:42.443  1886 27030 W qdgralloc: getInterlacedFlag: getMetaData returned -22, defaulting to interlaced_flag = 0
02-21 16:17:42.444  1886 27030 W qdgralloc: getInterlacedFlag: getMetaData returned -22, defaulting to interlaced_flag = 0
02-21 16:17:42.526  1886 27030 W qdgralloc: getInterlacedFlag: getMetaData returned -22, defaulting to interlaced_flag = 0
02-21 16:17:42.527  1886 27030 W qdgralloc: getInterlacedFlag: getMetaData returned -22, defaulting to interlaced_flag = 0
02-21 16:17:42.609  1886 27030 W qdgralloc: getInterlacedFlag: getMetaData returned -22, defaulting to interlaced_flag = 0
02-21 16:17:42.610  1886 27030 W qdgralloc: getInterlacedFlag: getMetaData returned -22, defaulting to interlaced_flag = 0
02-21 16:17:42.693  1886 27030 W qdgralloc: getInterlacedFlag: getMetaData returned -22, defaulting to interlaced_flag = 0
02-21 16:17:42.693  1886 27030 W qdgralloc: getInterlacedFlag: getMetaData returned -22, defaulting to interlaced_flag = 0
02-21 16:17:42.700 26985 27024 I MediaCodec: [0xb4000074a68ce330] dequeue 13 output frames in last 1077 ms, latest timeUs 533766630293, flags 0
02-21 16:17:42.751 26985 27023 D BufferPoolAccessor2.0: bufferpool2 0xb4000074968a5568 : 5(19200 size) total buffers - 4(15360 size) used buffers - 66812/66817 (recycle/alloc) - 205/133625 (fetch/transfer)
02-21 16:17:42.775  1886 27030 W qdgralloc: getInterlacedFlag: getMetaData returned -22, defaulting to interlaced_flag = 0
02-21 16:17:42.776  1886 27030 W qdgralloc: getInterlacedFlag: getMetaData returned -22, defaulting to interlaced_flag = 0
02-21 16:17:42.858  1886 27030 W qdgralloc: getInterlacedFlag: getMetaData returned -22, defaulting to interlaced_flag = 0
02-21 16:17:42.858  1886 27030 W qdgralloc: getInterlacedFlag: getMetaData returned -22, defaulting to interlaced_flag = 0
02-21 16:17:42.901  2428 27031 D BufferPoolAccessor2.0: bufferpool2 0xb40000748c1325e8 : 2(6000 size) total buffers - 1(3000 size) used buffers - 66807/66822 (recycle/alloc) - 16/66820 (fetch/transfer)
02-21 16:17:42.908  3391  3393 I android.hardware.thermal@2.0-service.qti-v2: Sensor Name:skin1 temp: 37.814. prev severity:3. cur severity:0 New severity:0
02-21 16:17:42.941  1886 27030 W qdgralloc: getInterlacedFlag: getMetaData returned -22, defaulting to interlaced_flag = 0
02-21 16:17:42.942  1886 27030 W qdgralloc: getInterlacedFlag: getMetaData returned -22, defaulting to interlaced_flag = 0
02-21 16:17:43.023  1886 27030 W qdgralloc: getInterlacedFlag: getMetaData returned -22, defaulting to interlaced_flag = 0
02-21 16:17:43.024  1886 27030 W qdgralloc: getInterlacedFlag: getMetaData returned -22, defaulting to interlaced_flag = 0
02-21 16:17:43.107  1886 27030 W qdgralloc: getInterlacedFlag: getMetaData returned -22, defaulting to interlaced_flag = 0
02-21 16:17:43.108  1886 27030 W qdgralloc: getInterlacedFlag: getMetaData returned -22, defaulting to interlaced_flag = 0
02-21 16:17:43.189  1886 27030 W qdgralloc: getInterlacedFlag: getMetaData returned -22, defaulting to interlaced_flag = 0
02-21 16:17:43.190  1886 27030 W qdgralloc: getInterlacedFlag: getMetaData returned -22, defaulting to interlaced_flag = 0
02-21 16:17:43.272  1886 27030 W qdgralloc: getInterlacedFlag: getMetaData returned -22, defaulting to interlaced_flag = 0
02-21 16:17:43.273  1886 27030 W qdgralloc: getInterlacedFlag: getMetaData returned -22, defaulting to interlaced_flag = 0
02-21 16:17:43.355  1886 27030 W qdgralloc: getInterlacedFlag: getMetaData returned -22, defaulting to interlaced_flag = 0
02-21 16:17:43.356  1886 27030 W qdgralloc: getInterlacedFlag: getMetaData returned -22, defaulting to interlaced_flag = 0
02-21 16:17:43.438  1886 27030 W qdgralloc: getInterlacedFlag: getMetaData returned -22, defaulting to interlaced_flag = 0
02-21 16:17:43.439  1886 27030 W qdgralloc: getInterlacedFlag: getMetaData returned -22, defaulting to interlaced_flag = 0
02-21 16:17:43.521  1886 27030 W qdgralloc: getInterlacedFlag: getMetaData returned -22, defaulting to interlaced_flag = 0
02-21 16:17:43.521  1886 27030 W qdgralloc: getInterlacedFlag: getMetaData returned -22, defaulting to interlaced_flag = 0
02-21 16:17:43.604  1886 27030 W qdgralloc: getInterlacedFlag: getMetaData returned -22, defaulting to interlaced_flag = 0
02-21 16:17:43.605  1886 27030 W qdgralloc: getInterlacedFlag: getMetaData returned -22, defaulting to interlaced_flag = 0
02-21 16:17:43.686  1886 27030 W qdgralloc: getInterlacedFlag: getMetaData returned -22, defaulting to interlaced_flag = 0
02-21 16:17:43.687  1886 27030 W qdgralloc: getInterlacedFlag: getMetaData returned -22, defaulting to interlaced_flag = 0
02-21 16:17:43.769  1886 27030 W qdgralloc: getInterlacedFlag: getMetaData returned -22, defaulting to interlaced_flag = 0
02-21 16:17:43.770  1886 27030 W qdgralloc: getInterlacedFlag: getMetaData returned -22, defaulting to interlaced_flag = 0
02-21 16:17:43.776 26985 27024 I MediaCodec: [0xb4000074a68ce330] dequeue 13 output frames in last 1076 ms, latest timeUs 533767707830, flags 0
