02-21 16:16:25.951 26985 27023 D BufferPoolAccessor2.0: bufferpool2 0xb4000074968a5568 : 5(19200 size) total buffers - 4(15360 size) used buffers - 62972/62977 (recycle/alloc) - 202/125945 (fetch/transfer)
02-21 16:16:25.966  3904  3904 D ZenModeController: Added callback class com.android.systemui.qs.tiles.VolumeModeTile$1
02-21 16:16:25.968  3904  3904 D ZenModeController: Removed callback class com.android.systemui.qs.tiles.VolumeModeTile$1
02-21 16:16:25.996  1886 27030 W qdgralloc: getInterlacedFlag: getMetaData returned -22, defaulting to interlaced_flag = 0
02-21 16:16:25.997  1886 27030 W qdgralloc: getInterlacedFlag: getMetaData returned -22, defaulting to interlaced_flag = 0
02-21 16:16:26.078  1886 27030 W qdgralloc: getInterlacedFlag: getMetaData returned -22, defaulting to interlaced_flag = 0
02-21 16:16:26.079  1886 27030 W qdgralloc: getInterlacedFlag: getMetaData returned -22, defaulting to interlaced_flag = 0
02-21 16:16:26.101  2428 27031 D BufferPoolAccessor2.0: bufferpool2 0xb40000748c1325e8 : 2(6000 size) total buffers - 1(3000 size) used buffers - 62967/62982 (recycle/alloc) - 16/62980 (fetch/transfer)
02-21 16:16:26.162  1886 27030 W qdgralloc: getInterlacedFlag: getMetaData returned -22, defaulting to interlaced_flag = 0
02-21 16:16:26.162  1886 27030 W qdgralloc: getInterlacedFlag: getMetaData returned -22, defaulting to interlaced_flag = 0
02-21 16:16:26.245  1886 27030 W qdgralloc: getInterlacedFlag: getMetaData returned -22, defaulting to interlaced_flag = 0
02-21 16:16:26.246  1886 27030 W qdgralloc: getInterlacedFlag: getMetaData returned -22, defaulting to interlaced_flag = 0
02-21 16:16:26.328  1886 27030 W qdgralloc: getInterlacedFlag: getMetaData returned -22, defaulting to interlaced_flag = 0
02-21 16:16:26.329  1886 27030 W qdgralloc: getInterlacedFlag: getMetaData returned -22, defaulting to interlaced_flag = 0
02-21 16:16:26.336 26985 27024 I MediaCodec: [0xb4000074a68ce330] dequeue 13 output frames in last 1077 ms, latest timeUs 533690265982, flags 0
02-21 16:16:26.410  1886 27030 W qdgralloc: getInterlacedFlag: getMetaData returned -22, defaulting to interlaced_flag = 0
02-21 16:16:26.411  1886 27030 W qdgralloc: getInterlacedFlag: getMetaData returned -22, defaulting to interlaced_flag = 0
02-21 16:16:26.493  1886 27030 W qdgralloc: getInterlacedFlag: getMetaData returned -22, defaulting to interlaced_flag = 0
02-21 16:16:26.494  1886 27030 W qdgralloc: getInterlacedFlag: getMetaData returned -22, defaulting to interlaced_flag = 0
02-21 16:16:26.576  1886 27030 W qdgralloc: getInterlacedFlag: getMetaData returned -22, defaulting to interlaced_flag = 0
02-21 16:16:26.577  1886 27030 W qdgralloc: getInterlacedFlag: getMetaData returned -22, defaulting to interlaced_flag = 0
02-21 16:16:26.658  1886 27030 W qdgralloc: getInterlacedFlag: getMetaData returned -22, defaulting to interlaced_flag = 0
02-21 16:16:26.659  1886 27030 W qdgralloc: getInterlacedFlag: getMetaData returned -22, defaulting to interlaced_flag = 0
02-21 16:16:26.742  1886 27030 W qdgralloc: getInterlacedFlag: getMetaData returned -22, defaulting to interlaced_flag = 0
02-21 16:16:26.743  1886 27030 W qdgralloc: getInterlacedFlag: getMetaData returned -22, defaulting to interlaced_flag = 0
02-21 16:16:26.825  1886 27030 W qdgralloc: getInterlacedFlag: getMetaData returned -22, defaulting to interlaced_flag = 0
02-21 16:16:26.825  1886 27030 W qdgralloc: getInterlacedFlag: getMetaData returned -22, defaulting to interlaced_flag = 0
02-21 16:16:26.908  1886 27030 W qdgralloc: getInterlacedFlag: getMetaData returned -22, defaulting to interlaced_flag = 0
02-21 16:16:26.908  1886 27030 W qdgralloc: getInterlacedFlag: getMetaData returned -22, defaulting to interlaced_flag = 0
02-21 16:16:26.990  1886 27030 W qdgralloc: getInterlacedFlag: getMetaData returned -22, defaulting to interlaced_flag = 0
02-21 16:16:26.991  1886 27030 W qdgralloc: getInterlacedFlag: getMetaData returned -22, defaulting to interlaced_flag = 0
02-21 16:16:26.993  1886 27030 I QC2Comp : [avcE_2856] Stats: Pending(1) i/p-done(0) Works: Q: 59006/Done 59005|Work-Rate: Q(12.2/s Avg=46.8/s) Done(11.999/s Avg=46.801/s)| Stream: 12.08fps 50.9Kbps
02-21 16:16:26.993  1886 27030 I QC2Comp : [avcE_2856] Mem-usage:  [In-2D: 6 bufs 10.594 MB] [2D-Conv-5194: 17 bufs 13.016 MB] [1D-5193: 18 bufs 5.484 MB] [1D-5195: 7 bufs 0.109 MB] | Total: 29.203 MB
02-21 16:16:27.073  1886 27030 W qdgralloc: getInterlacedFlag: getMetaData returned -22, defaulting to interlaced_flag = 0
02-21 16:16:27.074  1886 27030 W qdgralloc: getInterlacedFlag: getMetaData returned -22, defaulting to interlaced_flag = 0
02-21 16:16:27.156  1886 27030 W qdgralloc: getInterlacedFlag: getMetaData returned -22, defaulting to interlaced_flag = 0
02-21 16:16:27.157  1886 27030 W qdgralloc: getInterlacedFlag: getMetaData returned -22, defaulting to interlaced_flag = 0
02-21 16:16:27.239  1886 27030 W qdgralloc: getInterlacedFlag: getMetaData returned -22, defaulting to interlaced_flag = 0
02-21 16:16:27.240  1886 27030 W qdgralloc: getInterlacedFlag: getMetaData returned -22, defaulting to interlaced_flag = 0
02-21 16:16:27.322  1886 27030 W qdgralloc: getInterlacedFlag: getMetaData returned -22, defaulting to interlaced_flag = 0
02-21 16:16:27.322  1886 27030 W qdgralloc: getInterlacedFlag: getMetaData returned -22, defaulting to interlaced_flag = 0
02-21 16:16:27.405  1886 27030 W qdgralloc: getInterlacedFlag: getMetaData returned -22, defaulting to interlaced_flag = 0
02-21 16:16:27.406  1886 27030 W qdgralloc: getInterlacedFlag: getMetaData returned -22, defaulting to interlaced_flag = 0
02-21 16:16:27.413 26985 27024 I MediaCodec: [0xb4000074a68ce330] dequeue 13 output frames in last 1076 ms, latest timeUs 533691343247, flags 0
02-21 16:16:27.488  1886 27030 W qdgralloc: getInterlacedFlag: getMetaData returned -22, defaulting to interlaced_flag = 0
02-21 16:16:27.489  1886 27030 W qdgralloc: getInterlacedFlag: getMetaData returned -22, defaulting to interlaced_flag = 0
02-21 16:16:27.520 27232 31524 D LiveActivityRepo: Live activity LIVE: "Open Music Radio" by f8c6f135 (20 total)
02-21 16:16:27.570  1886 27030 W qdgralloc: getInterlacedFlag: getMetaData returned -22, defaulting to interlaced_flag = 0
02-21 16:16:27.571  1886 27030 W qdgralloc: getInterlacedFlag: getMetaData returned -22, defaulting to interlaced_flag = 0
02-21 16:16:27.653  1886 27030 W qdgralloc: getInterlacedFlag: getMetaData returned -22, defaulting to interlaced_flag = 0
02-21 16:16:27.654  1886 27030 W qdgralloc: getInterlacedFlag: getMetaData returned -22, defaulting to interlaced_flag = 0
02-21 16:16:27.738  1886 27030 W qdgralloc: getInterlacedFlag: getMetaData returned -22, defaulting to interlaced_flag = 0
02-21 16:16:27.738  1886 27030 W qdgralloc: getInterlacedFlag: getMetaData returned -22, defaulting to interlaced_flag = 0
02-21 16:16:27.820  1886 27030 W qdgralloc: getInterlacedFlag: getMetaData returned -22, defaulting to interlaced_flag = 0
02-21 16:16:27.820  1886 27030 W qdgralloc: getInterlacedFlag: getMetaData returned -22, defaulting to interlaced_flag = 0
02-21 16:16:27.902  1886 27030 W qdgralloc: getInterlacedFlag: getMetaData returned -22, defaulting to interlaced_flag = 0
02-21 16:16:27.903  1886 27030 W qdgralloc: getInterlacedFlag: getMetaData returned -22, defaulting to interlaced_flag = 0
02-21 16:16:27.908  3391  3393 I android.hardware.thermal@2.0-service.qti-v2: Sensor Name:skin1 temp: 39.168. prev severity:0. cur severity:3 New severity:3
02-21 16:16:27.985  1886 27030 W qdgralloc: getInterlacedFlag: getMetaData returned -22, defaulting to interlaced_flag = 0
02-21 16:16:27.986  1886 27030 W qdgralloc: getInterlacedFlag: getMetaData returned -22, defaulting to interlaced_flag = 0
02-21 16:16:28.068  1886 27030 W qdgralloc: getInterlacedFlag: getMetaData returned -22, defaulting to interlaced_flag = 0
02-21 16:16:28.069  1886 27030 W qdgralloc: getInterlacedFlag: getMetaData returned -22, defaulting to interlaced_flag = 0
02-21 16:16:28.151  1886 27030 W qdgralloc: getInterlacedFlag: getMetaData returned -22, defaulting to interlaced_flag = 0
02-21 16:16:28.151  1886 27030 W qdgralloc: getInterlacedFlag: getMetaData returned -22, defaulting to interlaced_flag = 0
02-21 16:16:28.234  1886 27030 W qdgralloc: getInterlacedFlag: getMetaData returned -22, defaulting to interlaced_flag = 0
02-21 16:16:28.235  1886 27030 W qdgralloc: getInterlacedFlag: getMetaData returned -22, defaulting to interlaced_flag = 0
02-21 16:16:28.291  3904  4576 D PowerUI : can't show warning due to - plugged: true status unknown: false
02-21 16:16:28.291  2994  2994 V UiModeManager: updateLocked: null action, mDockState=0, category=null
02-21 16:16:28.292  4025  4025 D QtiCarrierConfigHelper: WARNING, no carrier configs on phone Id: 1
02-21 16:16:28.292  2994  2994 D UiModeManager: updateConfigurationLocked: mDockState=0; mCarMode=false; mNightMode=com.android.server.UiModeManagerService$1@3a95843; mNightModeCustomType=-1; uiMode=33
02-21 16:16:28.318  1886 27030 W qdgralloc: getInterlacedFlag: getMetaData returned -22, defaulting to interlaced_flag = 0
02-21 16:16:28.318  1886 27030 W qdgralloc: getInterlacedFlag: getMetaData returned -22, defaulting to interlaced_flag = 0
02-21 16:16:28.400  1886 27030 W qdgralloc: getInterlacedFlag: getMetaData returned -22, defaulting to interlaced_flag = 0
02-21 16:16:28.400  1886 27030 W qdgralloc: getInterlacedFlag: getMetaData returned -22, defaulting to interlaced_flag = 0
02-21 16:16:28.427 27232 31524 D LiveActivityRepo: Live activity LIVE: "Public Domain Classics" by 0c5971b0 (20 total)
02-21 16:16:28.483  1886 27030 W qdgralloc: getInterlacedFlag: getMetaData returned -22, defaulting to interlaced_flag = 0
02-21 16:16:28.484  1886 27030 W qdgralloc: getInterlacedFlag: getMetaData returned -22, defaulting to interlaced_flag = 0
02-21 16:16:28.490 26985 27024 I MediaCodec: [0xb4000074a68ce330] dequeue 13 output frames in last 1077 ms, latest timeUs 533692421002, flags 0
02-21 16:16:28.565  1886 27030 W qdgralloc: getInterlacedFlag: getMetaData returned -22, defaulting to interlaced_flag = 0
02-21 16:16:28.566  1886 27030 W qdgralloc: getInterlacedFlag: getMetaData returned -22, defaulting to interlaced_flag = 0
02-21 16:16:28.648  1886 27030 W qdgralloc: getInterlacedFlag: getMetaData returned -22, defaulting to interlaced_flag = 0
02-21 16:16:28.648  1886 27030 W qdgralloc: getInterlacedFlag: getMetaData returned -22, defaulting to interlaced_flag = 0
02-21 16:16:28.724  2994  3628 D WifiStaIfaceHidlImpl: getCachedScanData is not implemented by HIDL
02-21 16:16:28.727  2994  9813 I MotoWifiScorer: onWifiUsabilityStats, seqNum: 83426, isSameBssidAndFreq: true, RSSI: -59, isThroughputSufficient: true, LinkSpeed: 270 Mbps, RxLinkSpeed: 108 Mbps
02-21 16:16:28.727  2994  9813 I MotoWifiScorer: updateWifiUsabilityStats, seqNum: 83426, RSSI: -59, isThroughputSufficient: true, LinkSpeed: 270 Mbps, RxLinkSpeed: 108 Mbps
02-21 16:16:28.727  2994  9813 I MotoWifiScorer: updateWifiUsabilityStats, Duration: 3021, Rx Good: 3, Tx Good: 3, Tx Bad: 0 ( 0 % ), Tx Retry: 4 ( 57 % )
02-21 16:16:28.727  2994  9813 I MotoWifiScorer: onWifiUsabilityStats, FinalScore: 60, RssiBasedScore: 60, LinkBonus: 0, TcpBonus: 0
02-21 16:16:28.730  2994  9813 I MotoWifiScorer: onWifiUsabilityStats, WiFi Usable: true
02-21 16:16:28.732  1886 27030 W qdgralloc: getInterlacedFlag: getMetaData returned -22, defaulting to interlaced_flag = 0
02-21 16:16:28.732  1886 27030 W qdgralloc: getInterlacedFlag: getMetaData returned -22, defaulting to interlaced_flag = 0
02-21 16:16:28.735  2994  3641 D ConnectivityService: NetReassign [no changes] [c 1] [a 1] [i 3]
02-21 16:16:28.814  1886 27030 W qdgralloc: getInterlacedFlag: getMetaData returned -22, defaulting to interlaced_flag = 0
02-21 16:16:28.815  1886 27030 W qdgralloc: getInterlacedFlag: getMetaData returned -22, defaulting to interlaced_flag = 0
02-21 16:16:28.897  1886 27030 W qdgralloc: getInterlacedFlag: getMetaData returned -22, defaulting to interlaced_flag = 0
02-21 16:16:28.897  1886 27030 W qdgralloc: getInterlacedFlag: getMetaData returned -22, defaulting to interlaced_flag = 0
02-21 16:16:28.980  1886 27030 W qdgralloc: getInterlacedFlag: getMetaData returned -22, defaulting to interlaced_flag = 0
02-21 16:16:28.980  1886 27030 W qdgralloc: getInterlacedFlag: getMetaData returned -22, defaulting to interlaced_flag = 0
02-21 16:16:29.063  1886 27030 W qdgralloc: getInterlacedFlag: getMetaData returned -22, defaulting to interlaced_flag = 0
02-21 16:16:29.063  1886 27030 W qdgralloc: getInterlacedFlag: getMetaData returned -22, defaulting to interlaced_flag = 0
02-21 16:16:29.146  1886 27030 W qdgralloc: getInterlacedFlag: getMetaData returned -22, defaulting to interlaced_flag = 0
02-21 16:16:29.147  1886 27030 W qdgralloc: getInterlacedFlag: getMetaData returned -22, defaulting to interlaced_flag = 0
02-21 16:16:29.154  1886 27030 D BufferPoolAccessor2.0: bufferpool2 0xb400007bca18db68 : 6(1916928 size) total buffers - 5(1597440 size) used buffers - 59018/59036 (recycle/alloc) - 248/59032 (fetch/transfer)
02-21 16:16:29.229  1886 27030 W qdgralloc: getInterlacedFlag: getMetaData returned -22, defaulting to interlaced_flag = 0
02-21 16:16:29.230  1886 27030 W qdgralloc: getInterlacedFlag: getMetaData returned -22, defaulting to interlaced_flag = 0
02-21 16:16:29.312  1886 27030 W qdgralloc: getInterlacedFlag: getMetaData returned -22, defaulting to interlaced_flag = 0
02-21 16:16:29.312  1886 27030 W qdgralloc: getInterlacedFlag: getMetaData returned -22, defaulting to interlaced_flag = 0
02-21 16:16:29.395  1886 27030 W qdgralloc: getInterlacedFlag: getMetaData returned -22, defaulting to interlaced_flag = 0
02-21 16:16:29.395  1886 27030 W qdgralloc: getInterlacedFlag: getMetaData returned -22, defaulting to interlaced_flag = 0
02-21 16:16:29.477  1886 27030 W qdgralloc: getInterlacedFlag: getMetaData returned -22, defaulting to interlaced_flag = 0
02-21 16:16:29.478  1886 27030 W qdgralloc: getInterlacedFlag: getMetaData returned -22, defaulting to interlaced_flag = 0
02-21 16:16:29.561  1886 27030 W qdgralloc: getInterlacedFlag: getMetaData returned -22, defaulting to interlaced_flag = 0
02-21 16:16:29.561  1886 27030 W qdgralloc: getInterlacedFlag: getMetaData returned -22, defaulting to interlaced_flag = 0
02-21 16:16:29.568 26985 27024 I MediaCodec: [0xb4000074a68ce330] dequeue 13 output frames in last 1078 ms, latest timeUs 533693498827, flags 0
02-21 16:16:29.643  1886 27030 W qdgralloc: getInterlacedFlag: getMetaData returned -22, defaulting to interlaced_flag = 0
02-21 16:16:29.644  1886 27030 W qdgralloc: getInterlacedFlag: getMetaData returned -22, defaulting to interlaced_flag = 0
02-21 16:16:29.726  1886 27030 W qdgralloc: getInterlacedFlag: getMetaData returned -22, defaulting to interlaced_flag = 0
02-21 16:16:29.726  1886 27030 W qdgralloc: getInterlacedFlag: getMetaData returned -22, defaulting to interlaced_flag = 0
02-21 16:16:29.809  1886 27030 W qdgralloc: getInterlacedFlag: getMetaData returned -22, defaulting to interlaced_flag = 0
02-21 16:16:29.810  1886 27030 W qdgralloc: getInterlacedFlag: getMetaData returned -22, defaulting to interlaced_flag = 0
02-21 16:16:29.892  1886 27030 W qdgralloc: getInterlacedFlag: getMetaData returned -22, defaulting to interlaced_flag = 0
02-21 16:16:29.893  1886 27030 W qdgralloc: getInterlacedFlag: getMetaData returned -22, defaulting to interlaced_flag = 0
02-21 16:16:29.975  1886 27030 W qdgralloc: getInterlacedFlag: getMetaData returned -22, defaulting to interlaced_flag = 0
02-21 16:16:29.975  1886 27030 W qdgralloc: getInterlacedFlag: getMetaData returned -22, defaulting to interlaced_flag = 0
02-21 16:16:30.057  1886 27030 W qdgralloc: getInterlacedFlag: getMetaData returned -22, defaulting to interlaced_flag = 0
02-21 16:16:30.058  1886 27030 W qdgralloc: getInterlacedFlag: getMetaData returned -22, defaulting to interlaced_flag = 0
02-21 16:16:30.141  1886 27030 W qdgralloc: getInterlacedFlag: getMetaData returned -22, defaulting to interlaced_flag = 0
02-21 16:16:30.141  1886 27030 W qdgralloc: getInterlacedFlag: getMetaData returned -22, defaulting to interlaced_flag = 0
02-21 16:16:30.224  1886 27030 W qdgralloc: getInterlacedFlag: getMetaData returned -22, defaulting to interlaced_flag = 0
02-21 16:16:30.224  1886 27030 W qdgralloc: getInterlacedFlag: getMetaData returned -22, defaulting to interlaced_flag = 0
02-21 16:16:30.307  1886 27030 W qdgralloc: getInterlacedFlag: getMetaData returned -22, defaulting to interlaced_flag = 0
02-21 16:16:30.308  1886 27030 W qdgralloc: getInterlacedFlag: getMetaData returned -22, defaulting to interlaced_flag = 0
02-21 16:16:30.389  1886 27030 W qdgralloc: getInterlacedFlag: getMetaData returned -22, defaulting to interlaced_flag = 0
02-21 16:16:30.389  1886 27030 W qdgralloc: getInterlacedFlag: getMetaData returned -22, defaulting to interlaced_flag = 0
02-21 16:16:30.472  1886 27030 W qdgralloc: getInterlacedFlag: getMetaData returned -22, defaulting to interlaced_flag = 0
02-21 16:16:30.473  1886 27030 W qdgralloc: getInterlacedFlag: getMetaData returned -22, defaulting to interlaced_flag = 0
02-21 16:16:30.555  1886 27030 W qdgralloc: getInterlacedFlag: getMetaData returned -22, defaulting to interlaced_flag = 0
02-21 16:16:30.555  1886 27030 W qdgralloc: getInterlacedFlag: getMetaData returned -22, defaulting to interlaced_flag = 0
02-21 16:16:30.638  1886 27030 W qdgralloc: getInterlacedFlag: getMetaData returned -22, defaulting to interlaced_flag = 0
02-21 16:16:30.638  1886 27030 W qdgralloc: getInterlacedFlag: getMetaData returned -22, defaulting to interlaced_flag = 0
02-21 16:16:30.645 26985 27024 I MediaCodec: [0xb4000074a68ce330] dequeue 13 output frames in last 1076 ms, latest timeUs 533694576328, flags 0
02-21 16:16:30.721  1886 27030 W qdgralloc: getInterlacedFlag: getMetaData returned -22, defaulting to interlaced_flag = 0
02-21 16:16:30.722  1886 27030 W qdgralloc: getInterlacedFlag: getMetaData returned -22, defaulting to interlaced_flag = 0
02-21 16:16:30.805  1886 27030 W qdgralloc: getInterlacedFlag: getMetaData returned -22, defaulting to interlaced_flag = 0
02-21 16:16:30.805  1886 27030 W qdgralloc: getInterlacedFlag: getMetaData returned -22, defaulting to interlaced_flag = 0
02-21 16:16:30.886  1886 27030 W qdgralloc: getInterlacedFlag: getMetaData returned -22, defaulting to interlaced_flag = 0
02-21 16:16:30.887  1886 27030 W qdgralloc: getInterlacedFlag: getMetaData returned -22, defaulting to interlaced_flag = 0
02-21 16:16:30.969  1886 27030 W qdgralloc: getInterlacedFlag: getMetaData returned -22, defaulting to interlaced_flag = 0
02-21 16:16:30.970  1886 27030 W qdgralloc: getInterlacedFlag: getMetaData returned -22, defaulting to interlaced_flag = 0
02-21 16:16:31.051  1886 27030 D BufferPoolAccessor2.0: bufferpool2 0xb400007bca16b758 : 4(1703936 size) total buffers - 1(425984 size) used buffers - 59038/59055 (recycle/alloc) - 0/0 (fetch/transfer)
02-21 16:16:31.052  1886 27030 W qdgralloc: getInterlacedFlag: getMetaData returned -22, defaulting to interlaced_flag = 0
02-21 16:16:31.053  1886 27030 W qdgralloc: getInterlacedFlag: getMetaData returned -22, defaulting to interlaced_flag = 0
02-21 16:16:31.071 26985 27023 D BufferPoolAccessor2.0: bufferpool2 0xb4000074968a5568 : 5(19200 size) total buffers - 4(15360 size) used buffers - 63228/63233 (recycle/alloc) - 203/126457 (fetch/transfer)
02-21 16:16:31.115 16574 16780 I ThermalEngine: Monitor:INACTIVE:MON-wlan:wlan-cutback=0:FUSE_TEMP=38925
02-21 16:16:31.135  1886 27030 W qdgralloc: getInterlacedFlag: getMetaData returned -22, defaulting to interlaced_flag = 0
02-21 16:16:31.136  1886 27030 W qdgralloc: getInterlacedFlag: getMetaData returned -22, defaulting to interlaced_flag = 0
02-21 16:16:31.217  1886 27030 W qdgralloc: getInterlacedFlag: getMetaData returned -22, defaulting to interlaced_flag = 0
02-21 16:16:31.218  1886 27030 W qdgralloc: getInterlacedFlag: getMetaData returned -22, defaulting to interlaced_flag = 0
02-21 16:16:31.221  2428 27031 D BufferPoolAccessor2.0: bufferpool2 0xb40000748c1325e8 : 2(6000 size) total buffers - 1(3000 size) used buffers - 63223/63238 (recycle/alloc) - 16/63236 (fetch/transfer)
02-21 16:16:31.301  1886 27030 W qdgralloc: getInterlacedFlag: getMetaData returned -22, defaulting to interlaced_flag = 0
02-21 16:16:31.302  1886 27030 W qdgralloc: getInterlacedFlag: getMetaData returned -22, defaulting to interlaced_flag = 0
02-21 16:16:31.384  1886 27030 W qdgralloc: getInterlacedFlag: getMetaData returned -22, defaulting to interlaced_flag = 0
02-21 16:16:31.385  1886 27030 W qdgralloc: getInterlacedFlag: getMetaData returned -22, defaulting to interlaced_flag = 0
02-21 16:16:31.467  1886 27030 W qdgralloc: getInterlacedFlag: getMetaData returned -22, defaulting to interlaced_flag = 0
02-21 16:16:31.467  1886 27030 W qdgralloc: getInterlacedFlag: getMetaData returned -22, defaulting to interlaced_flag = 0
02-21 16:16:31.550  1886 27030 W qdgralloc: getInterlacedFlag: getMetaData returned -22, defaulting to interlaced_flag = 0
02-21 16:16:31.550  1886 27030 W qdgralloc: getInterlacedFlag: getMetaData returned -22, defaulting to interlaced_flag = 0
02-21 16:16:31.633  1886 27030 W qdgralloc: getInterlacedFlag: getMetaData returned -22, defaulting to interlaced_flag = 0
02-21 16:16:31.633  1886 27030 W qdgralloc: getInterlacedFlag: getMetaData returned -22, defaulting to interlaced_flag = 0
02-21 16:16:31.715  1886 27030 W qdgralloc: getInterlacedFlag: getMetaData returned -22, defaulting to interlaced_flag = 0
02-21 16:16:31.716  1886 27030 W qdgralloc: getInterlacedFlag: getMetaData returned -22, defaulting to interlaced_flag = 0
02-21 16:16:31.723 26985 27024 I MediaCodec: [0xb4000074a68ce330] dequeue 13 output frames in last 1077 ms, latest timeUs 533695653573, flags 0
02-21 16:16:31.762  2994  3628 D WifiStaIfaceHidlImpl: getCachedScanData is not implemented by HIDL
02-21 16:16:31.765  2994  9813 I MotoWifiScorer: onWifiUsabilityStats, seqNum: 83427, isSameBssidAndFreq: true, RSSI: -59, isThroughputSufficient: true, LinkSpeed: 270 Mbps, RxLinkSpeed: 108 Mbps
02-21 16:16:31.765  2994  9813 I MotoWifiScorer: updateWifiUsabilityStats, seqNum: 83427, RSSI: -59, isThroughputSufficient: true, LinkSpeed: 270 Mbps, RxLinkSpeed: 108 Mbps
02-21 16:16:31.765  2994  9813 I MotoWifiScorer: updateWifiUsabilityStats, Duration: 3037, Rx Good: 0, Tx Good: 0, Tx Bad: 0 ( 0 % ), Tx Retry: 0 ( 0 % )
02-21 16:16:31.765  2994  9813 I MotoWifiScorer: onWifiUsabilityStats, FinalScore: 60, RssiBasedScore: 60, LinkBonus: 0, TcpBonus: 0
02-21 16:16:31.767  2994  9813 I MotoWifiScorer: onWifiUsabilityStats, WiFi Usable: true
02-21 16:16:31.772  2994  3641 D ConnectivityService: NetReassign [no changes] [c 1] [a 1] [i 3]
02-21 16:16:31.798  1886 27030 W qdgralloc: getInterlacedFlag: getMetaData returned -22, defaulting to interlaced_flag = 0
02-21 16:16:31.799  1886 27030 W qdgralloc: getInterlacedFlag: getMetaData returned -22, defaulting to interlaced_flag = 0
02-21 16:16:31.881  1886 27030 W qdgralloc: getInterlacedFlag: getMetaData returned -22, defaulting to interlaced_flag = 0
02-21 16:16:31.881  1886 27030 W qdgralloc: getInterlacedFlag: getMetaData returned -22, defaulting to interlaced_flag = 0
02-21 16:16:31.901 27232 31524 D CybinRelayClient: [wss://relay.og.coop] Activated queued sub=hn2nbsumyp (BACKGROUND) ΓÇö 8/8 active, 12 queued
02-21 16:16:31.901 27232 31524 D CybinRelayClient: [wss://nostr-relay.moe.gift] Activated queued sub=hn2nbsumyp (BACKGROUND) ΓÇö 8/8 active, 12 queued
02-21 16:16:31.905 27232 31524 D CybinRelayClient: [wss://ammetronics.com] Activated queued sub=hn2nbsumyp (BACKGROUND) ΓÇö 8/8 active, 12 queued
02-21 16:16:31.906 27232 31524 D RelayConnectionStateMachine: [wss://gleasonator.dev/relay] Disconnected ΓÇö pool will auto-reconnect if subs active
02-21 16:16:31.907 27232 31524 D CybinRelayClient: [wss://gleasonator.dev/relay] No active/queued subs ΓÇö skipping reconnect
02-21 16:16:31.964  1886 27030 W qdgralloc: getInterlacedFlag: getMetaData returned -22, defaulting to interlaced_flag = 0
02-21 16:16:31.965  1886 27030 W qdgralloc: getInterlacedFlag: getMetaData returned -22, defaulting to interlaced_flag = 0
02-21 16:16:31.993  1886 27030 I QC2Comp : [avcE_2856] Stats: Pending(0) i/p-done(0) Works: Q: 59066/Done 59066|Work-Rate: Q(12.0/s Avg=46.7/s) Done(12.199/s Avg=46.664/s)| Stream: 12.08fps 50.2Kbps
02-21 16:16:31.993  1886 27030 I QC2Comp : [avcE_2856] Mem-usage:  [In-2D: 6 bufs 10.594 MB] [2D-Conv-5194: 17 bufs 13.016 MB] [1D-5193: 18 bufs 5.484 MB] [1D-5195: 7 bufs 0.109 MB] | Total: 29.203 MB
02-21 16:16:32.001 27232 31524 D CybinRelayClient: [wss://nostr-relay.moe.gift] CLOSED sub=2d6m58onnm: Subscription cancelled
02-21 16:16:32.018 27232 31013 D CybinRelayClient: [wss://relay.og.coop] CLOSED sub=2d6m58onnm: subscription closed
02-21 16:16:32.048  1886 27030 W qdgralloc: getInterlacedFlag: getMetaData returned -22, defaulting to interlaced_flag = 0
02-21 16:16:32.048  1886 27030 W qdgralloc: getInterlacedFlag: getMetaData returned -22, defaulting to interlaced_flag = 0
02-21 16:16:32.130  1886 27030 W qdgralloc: getInterlacedFlag: getMetaData returned -22, defaulting to interlaced_flag = 0
02-21 16:16:32.130  1886 27030 W qdgralloc: getInterlacedFlag: getMetaData returned -22, defaulting to interlaced_flag = 0
02-21 16:16:32.213  1886 27030 W qdgralloc: getInterlacedFlag: getMetaData returned -22, defaulting to interlaced_flag = 0
02-21 16:16:32.214  1886 27030 W qdgralloc: getInterlacedFlag: getMetaData returned -22, defaulting to interlaced_flag = 0
02-21 16:16:32.295  1886 27030 W qdgralloc: getInterlacedFlag: getMetaData returned -22, defaulting to interlaced_flag = 0
02-21 16:16:32.296  1886 27030 W qdgralloc: getInterlacedFlag: getMetaData returned -22, defaulting to interlaced_flag = 0
02-21 16:16:32.379  1886 27030 W qdgralloc: getInterlacedFlag: getMetaData returned -22, defaulting to interlaced_flag = 0
02-21 16:16:32.379  1886 27030 W qdgralloc: getInterlacedFlag: getMetaData returned -22, defaulting to interlaced_flag = 0
02-21 16:16:32.461  1886 27030 W qdgralloc: getInterlacedFlag: getMetaData returned -22, defaulting to interlaced_flag = 0
02-21 16:16:32.462  1886 27030 W qdgralloc: getInterlacedFlag: getMetaData returned -22, defaulting to interlaced_flag = 0
02-21 16:16:32.546  1886 27030 W qdgralloc: getInterlacedFlag: getMetaData returned -22, defaulting to interlaced_flag = 0
02-21 16:16:32.546  1886 27030 W qdgralloc: getInterlacedFlag: getMetaData returned -22, defaulting to interlaced_flag = 0
02-21 16:16:32.627  1886 27030 W qdgralloc: getInterlacedFlag: getMetaData returned -22, defaulting to interlaced_flag = 0
02-21 16:16:32.628  1886 27030 W qdgralloc: getInterlacedFlag: getMetaData returned -22, defaulting to interlaced_flag = 0
02-21 16:16:32.710  1886 27030 W qdgralloc: getInterlacedFlag: getMetaData returned -22, defaulting to interlaced_flag = 0
02-21 16:16:32.711  1886 27030 W qdgralloc: getInterlacedFlag: getMetaData returned -22, defaulting to interlaced_flag = 0
02-21 16:16:32.793  1886 27030 W qdgralloc: getInterlacedFlag: getMetaData returned -22, defaulting to interlaced_flag = 0
02-21 16:16:32.794  1886 27030 W qdgralloc: getInterlacedFlag: getMetaData returned -22, defaulting to interlaced_flag = 0
02-21 16:16:32.801 26985 27024 I MediaCodec: [0xb4000074a68ce330] dequeue 13 output frames in last 1078 ms, latest timeUs 533696731889, flags 0
02-21 16:16:32.877  1886 27030 W qdgralloc: getInterlacedFlag: getMetaData returned -22, defaulting to interlaced_flag = 0
02-21 16:16:32.878  1886 27030 W qdgralloc: getInterlacedFlag: getMetaData returned -22, defaulting to interlaced_flag = 0
02-21 16:16:32.908  3391  3393 I android.hardware.thermal@2.0-service.qti-v2: Sensor Name:skin1 temp: 38.896. prev severity:0. cur severity:3 New severity:3
02-21 16:16:32.959  1886 27030 W qdgralloc: getInterlacedFlag: getMetaData returned -22, defaulting to interlaced_flag = 0
02-21 16:16:32.959  1886 27030 W qdgralloc: getInterlacedFlag: getMetaData returned -22, defaulting to interlaced_flag = 0
02-21 16:16:33.042  1886 27030 W qdgralloc: getInterlacedFlag: getMetaData returned -22, defaulting to interlaced_flag = 0
02-21 16:16:33.042  1886 27030 W qdgralloc: getInterlacedFlag: getMetaData returned -22, defaulting to interlaced_flag = 0
02-21 16:16:33.125  1886 27030 W qdgralloc: getInterlacedFlag: getMetaData returned -22, defaulting to interlaced_flag = 0
02-21 16:16:33.126  1886 27030 W qdgralloc: getInterlacedFlag: getMetaData returned -22, defaulting to interlaced_flag = 0
02-21 16:16:33.208  1886 27030 W qdgralloc: getInterlacedFlag: getMetaData returned -22, defaulting to interlaced_flag = 0
02-21 16:16:33.208  1886 27030 W qdgralloc: getInterlacedFlag: getMetaData returned -22, defaulting to interlaced_flag = 0
02-21 16:16:33.290  1886 27030 W qdgralloc: getInterlacedFlag: getMetaData returned -22, defaulting to interlaced_flag = 0
02-21 16:16:33.291  1886 27030 W qdgralloc: getInterlacedFlag: getMetaData returned -22, defaulting to interlaced_flag = 0
02-21 16:16:33.373  1886 27030 W qdgralloc: getInterlacedFlag: getMetaData returned -22, defaulting to interlaced_flag = 0
02-21 16:16:33.374  1886 27030 W qdgralloc: getInterlacedFlag: getMetaData returned -22, defaulting to interlaced_flag = 0
02-21 16:16:33.456  1886 27030 W qdgralloc: getInterlacedFlag: getMetaData returned -22, defaulting to interlaced_flag = 0
02-21 16:16:33.457  1886 27030 W qdgralloc: getInterlacedFlag: getMetaData returned -22, defaulting to interlaced_flag = 0
02-21 16:16:33.539  1886 27030 W qdgralloc: getInterlacedFlag: getMetaData returned -22, defaulting to interlaced_flag = 0
02-21 16:16:33.540  1886 27030 W qdgralloc: getInterlacedFlag: getMetaData returned -22, defaulting to interlaced_flag = 0
02-21 16:16:33.622  1886 27030 W qdgralloc: getInterlacedFlag: getMetaData returned -22, defaulting to interlaced_flag = 0
02-21 16:16:33.622  1886 27030 W qdgralloc: getInterlacedFlag: getMetaData returned -22, defaulting to interlaced_flag = 0
02-21 16:16:33.705  1886 27030 W qdgralloc: getInterlacedFlag: getMetaData returned -22, defaulting to interlaced_flag = 0
02-21 16:16:33.705  1886 27030 W qdgralloc: getInterlacedFlag: getMetaData returned -22, defaulting to interlaced_flag = 0
02-21 16:16:33.788  1886 27030 W qdgralloc: getInterlacedFlag: getMetaData returned -22, defaulting to interlaced_flag = 0
02-21 16:16:33.788  1886 27030 W qdgralloc: getInterlacedFlag: getMetaData returned -22, defaulting to interlaced_flag = 0
02-21 16:16:33.870  1886 27030 W qdgralloc: getInterlacedFlag: getMetaData returned -22, defaulting to interlaced_flag = 0
02-21 16:16:33.871  1886 27030 W qdgralloc: getInterlacedFlag: getMetaData returned -22, defaulting to interlaced_flag = 0
02-21 16:16:33.878 26985 27024 I MediaCodec: [0xb4000074a68ce330] dequeue 13 output frames in last 1076 ms, latest timeUs 533697808498, flags 0
02-21 16:16:33.953  1886 27030 W qdgralloc: getInterlacedFlag: getMetaData returned -22, defaulting to interlaced_flag = 0
02-21 16:16:33.954  1886 27030 W qdgralloc: getInterlacedFlag: getMetaData returned -22, defaulting to interlaced_flag = 0
02-21 16:16:34.036  1886 27030 W qdgralloc: getInterlacedFlag: getMetaData returned -22, defaulting to interlaced_flag = 0
02-21 16:16:34.036  1886 27030 W qdgralloc: getInterlacedFlag: getMetaData returned -22, defaulting to interlaced_flag = 0
02-21 16:16:34.119  1886 27030 W qdgralloc: getInterlacedFlag: getMetaData returned -22, defaulting to interlaced_flag = 0
02-21 16:16:34.120  1886 27030 W qdgralloc: getInterlacedFlag: getMetaData returned -22, defaulting to interlaced_flag = 0
02-21 16:16:34.202  1886 27030 W qdgralloc: getInterlacedFlag: getMetaData returned -22, defaulting to interlaced_flag = 0
02-21 16:16:34.203  1886 27030 W qdgralloc: getInterlacedFlag: getMetaData returned -22, defaulting to interlaced_flag = 0
02-21 16:16:34.285  1886 27030 W qdgralloc: getInterlacedFlag: getMetaData returned -22, defaulting to interlaced_flag = 0
02-21 16:16:34.286  1886 27030 W qdgralloc: getInterlacedFlag: getMetaData returned -22, defaulting to interlaced_flag = 0
02-21 16:16:34.367  1886 27030 W qdgralloc: getInterlacedFlag: getMetaData returned -22, defaulting to interlaced_flag = 0
02-21 16:16:34.368  1886 27030 W qdgralloc: getInterlacedFlag: getMetaData returned -22, defaulting to interlaced_flag = 0
02-21 16:16:34.374  1886 27059 D BufferPoolAccessor2.0: bufferpool2 0xb400007bca18db68 : 6(1916928 size) total buffers - 5(1597440 size) used buffers - 59081/59099 (recycle/alloc) - 248/59094 (fetch/transfer)
02-21 16:16:34.451  1886 27030 W qdgralloc: getInterlacedFlag: getMetaData returned -22, defaulting to interlaced_flag = 0
02-21 16:16:34.451  1886 27030 W qdgralloc: getInterlacedFlag: getMetaData returned -22, defaulting to interlaced_flag = 0
02-21 16:16:34.534  1886 27030 W qdgralloc: getInterlacedFlag: getMetaData returned -22, defaulting to interlaced_flag = 0
02-21 16:16:34.534  1886 27030 W qdgralloc: getInterlacedFlag: getMetaData returned -22, defaulting to interlaced_flag = 0
02-21 16:16:34.617  1886 27030 W qdgralloc: getInterlacedFlag: getMetaData returned -22, defaulting to interlaced_flag = 0
02-21 16:16:34.617  1886 27030 W qdgralloc: getInterlacedFlag: getMetaData returned -22, defaulting to interlaced_flag = 0
02-21 16:16:34.699  1886 27030 W qdgralloc: getInterlacedFlag: getMetaData returned -22, defaulting to interlaced_flag = 0
02-21 16:16:34.700  1886 27030 W qdgralloc: getInterlacedFlag: getMetaData returned -22, defaulting to interlaced_flag = 0
02-21 16:16:34.779  2994  3628 D WifiStaIfaceHidlImpl: getCachedScanData is not implemented by HIDL
02-21 16:16:34.781  2994  9813 I MotoWifiScorer: onWifiUsabilityStats, seqNum: 83428, isSameBssidAndFreq: true, RSSI: -59, isThroughputSufficient: true, LinkSpeed: 270 Mbps, RxLinkSpeed: 108 Mbps
02-21 16:16:34.781  2994  9813 I MotoWifiScorer: updateWifiUsabilityStats, seqNum: 83428, RSSI: -59, isThroughputSufficient: true, LinkSpeed: 270 Mbps, RxLinkSpeed: 108 Mbps
02-21 16:16:34.782  2994  9813 I MotoWifiScorer: updateWifiUsabilityStats, Duration: 3017, Rx Good: 22, Tx Good: 13, Tx Bad: 0 ( 0 % ), Tx Retry: 5 ( 27 % )
02-21 16:16:34.782  2994  9813 I MotoWifiScorer: onWifiUsabilityStats, FinalScore: 60, RssiBasedScore: 60, LinkBonus: 0, TcpBonus: 0
02-21 16:16:34.782  1886 27030 W qdgralloc: getInterlacedFlag: getMetaData returned -22, defaulting to interlaced_flag = 0
02-21 16:16:34.782  1886 27030 W qdgralloc: getInterlacedFlag: getMetaData returned -22, defaulting to interlaced_flag = 0
02-21 16:16:34.784  2994  9813 I MotoWifiScorer: onWifiUsabilityStats, WiFi Usable: true
02-21 16:16:34.790  2994  3641 D ConnectivityService: NetReassign [no changes] [c 1] [a 0] [i 3]
02-21 16:16:34.816  1886 27030 W qdgralloc: getInterlacedFlag: getMetaData returned -22, defaulting to interlaced_flag = 0
02-21 16:16:34.816  1886 27030 W qdgralloc: getInterlacedFlag: getMetaData returned -22, defaulting to interlaced_flag = 0
02-21 16:16:34.865  1886 27030 W qdgralloc: getInterlacedFlag: getMetaData returned -22, defaulting to interlaced_flag = 0
02-21 16:16:34.866  1886 27030 W qdgralloc: getInterlacedFlag: getMetaData returned -22, defaulting to interlaced_flag = 0
02-21 16:16:34.948  1886 27030 W qdgralloc: getInterlacedFlag: getMetaData returned -22, defaulting to interlaced_flag = 0
02-21 16:16:34.949  1886 27030 W qdgralloc: getInterlacedFlag: getMetaData returned -22, defaulting to interlaced_flag = 0
02-21 16:16:34.956 26985 27024 I MediaCodec: [0xb4000074a68ce330] dequeue 14 output frames in last 1078 ms, latest timeUs 533698886366, flags 0
02-21 16:16:35.031  1886 27030 W qdgralloc: getInterlacedFlag: getMetaData returned -22, defaulting to interlaced_flag = 0
02-21 16:16:35.032  1886 27030 W qdgralloc: getInterlacedFlag: getMetaData returned -22, defaulting to interlaced_flag = 0
02-21 16:16:35.114  1886 27030 W qdgralloc: getInterlacedFlag: getMetaData returned -22, defaulting to interlaced_flag = 0
02-21 16:16:35.114  1886 27030 W qdgralloc: getInterlacedFlag: getMetaData returned -22, defaulting to interlaced_flag = 0
02-21 16:16:35.198  1886 27030 W qdgralloc: getInterlacedFlag: getMetaData returned -22, defaulting to interlaced_flag = 0
02-21 16:16:35.199  1886 27030 W qdgralloc: getInterlacedFlag: getMetaData returned -22, defaulting to interlaced_flag = 0
02-21 16:16:35.279  1886 27030 W qdgralloc: getInterlacedFlag: getMetaData returned -22, defaulting to interlaced_flag = 0
02-21 16:16:35.279  1886 27030 W qdgralloc: getInterlacedFlag: getMetaData returned -22, defaulting to interlaced_flag = 0
02-21 16:16:35.361  1886 27030 W qdgralloc: getInterlacedFlag: getMetaData returned -22, defaulting to interlaced_flag = 0
02-21 16:16:35.362  1886 27030 W qdgralloc: getInterlacedFlag: getMetaData returned -22, defaulting to interlaced_flag = 0
02-21 16:16:35.445  1886 27030 W qdgralloc: getInterlacedFlag: getMetaData returned -22, defaulting to interlaced_flag = 0
02-21 16:16:35.446  1886 27030 W qdgralloc: getInterlacedFlag: getMetaData returned -22, defaulting to interlaced_flag = 0
02-21 16:16:35.528  1886 27030 W qdgralloc: getInterlacedFlag: getMetaData returned -22, defaulting to interlaced_flag = 0
02-21 16:16:35.529  1886 27030 W qdgralloc: getInterlacedFlag: getMetaData returned -22, defaulting to interlaced_flag = 0
02-21 16:16:35.611  1886 27030 W qdgralloc: getInterlacedFlag: getMetaData returned -22, defaulting to interlaced_flag = 0
02-21 16:16:35.611  1886 27030 W qdgralloc: getInterlacedFlag: getMetaData returned -22, defaulting to interlaced_flag = 0
02-21 16:16:35.694  1886 27030 W qdgralloc: getInterlacedFlag: getMetaData returned -22, defaulting to interlaced_flag = 0
02-21 16:16:35.695  1886 27030 W qdgralloc: getInterlacedFlag: getMetaData returned -22, defaulting to interlaced_flag = 0
02-21 16:16:35.776  1886 27030 W qdgralloc: getInterlacedFlag: getMetaData returned -22, defaulting to interlaced_flag = 0
02-21 16:16:35.777  1886 27030 W qdgralloc: getInterlacedFlag: getMetaData returned -22, defaulting to interlaced_flag = 0
02-21 16:16:35.859  1886 27030 W qdgralloc: getInterlacedFlag: getMetaData returned -22, defaulting to interlaced_flag = 0
02-21 16:16:35.860  1886 27030 W qdgralloc: getInterlacedFlag: getMetaData returned -22, defaulting to interlaced_flag = 0
02-21 16:16:35.942  1886 27030 W qdgralloc: getInterlacedFlag: getMetaData returned -22, defaulting to interlaced_flag = 0
02-21 16:16:35.943  1886 27030 W qdgralloc: getInterlacedFlag: getMetaData returned -22, defaulting to interlaced_flag = 0
02-21 16:16:36.025  1886 27030 W qdgralloc: getInterlacedFlag: getMetaData returned -22, defaulting to interlaced_flag = 0
02-21 16:16:36.025  1886 27030 W qdgralloc: getInterlacedFlag: getMetaData returned -22, defaulting to interlaced_flag = 0
02-21 16:16:36.031 26985 27024 I MediaCodec: [0xb4000074a68ce330] dequeue 13 output frames in last 1075 ms, latest timeUs 533699963506, flags 0
02-21 16:16:36.108  1886 27030 W qdgralloc: getInterlacedFlag: getMetaData returned -22, defaulting to interlaced_flag = 0
02-21 16:16:36.109  1886 27030 W qdgralloc: getInterlacedFlag: getMetaData returned -22, defaulting to interlaced_flag = 0
02-21 16:16:36.190  1886 27030 W qdgralloc: getInterlacedFlag: getMetaData returned -22, defaulting to interlaced_flag = 0
02-21 16:16:36.191  1886 27030 W qdgralloc: getInterlacedFlag: getMetaData returned -22, defaulting to interlaced_flag = 0
02-21 16:16:36.191 26985 27023 D BufferPoolAccessor2.0: bufferpool2 0xb4000074968a5568 : 5(19200 size) total buffers - 4(15360 size) used buffers - 63484/63489 (recycle/alloc) - 203/126969 (fetch/transfer)
02-21 16:16:36.273  1886 27030 D BufferPoolAccessor2.0: bufferpool2 0xb400007bca16b758 : 4(1703936 size) total buffers - 1(425984 size) used buffers - 59102/59119 (recycle/alloc) - 0/0 (fetch/transfer)
02-21 16:16:36.273  1886 27030 W qdgralloc: getInterlacedFlag: getMetaData returned -22, defaulting to interlaced_flag = 0
02-21 16:16:36.274  1886 27030 W qdgralloc: getInterlacedFlag: getMetaData returned -22, defaulting to interlaced_flag = 0
02-21 16:16:36.341  2428 27031 D BufferPoolAccessor2.0: bufferpool2 0xb40000748c1325e8 : 2(6000 size) total buffers - 1(3000 size) used buffers - 63479/63494 (recycle/alloc) - 16/63492 (fetch/transfer)
02-21 16:16:36.357  1886 27030 W qdgralloc: getInterlacedFlag: getMetaData returned -22, defaulting to interlaced_flag = 0
02-21 16:16:36.357  1886 27030 W qdgralloc: getInterlacedFlag: getMetaData returned -22, defaulting to interlaced_flag = 0
02-21 16:16:36.440  1886 27030 W qdgralloc: getInterlacedFlag: getMetaData returned -22, defaulting to interlaced_flag = 0
02-21 16:16:36.440  1886 27030 W qdgralloc: getInterlacedFlag: getMetaData returned -22, defaulting to interlaced_flag = 0
02-21 16:16:36.522  1886 27030 W qdgralloc: getInterlacedFlag: getMetaData returned -22, defaulting to interlaced_flag = 0
02-21 16:16:36.523  1886 27030 W qdgralloc: getInterlacedFlag: getMetaData returned -22, defaulting to interlaced_flag = 0
02-21 16:16:36.606  1886 27030 W qdgralloc: getInterlacedFlag: getMetaData returned -22, defaulting to interlaced_flag = 0
02-21 16:16:36.606  1886 27030 W qdgralloc: getInterlacedFlag: getMetaData returned -22, defaulting to interlaced_flag = 0
02-21 16:16:36.688  1886 27030 W qdgralloc: getInterlacedFlag: getMetaData returned -22, defaulting to interlaced_flag = 0
02-21 16:16:36.689  1886 27030 W qdgralloc: getInterlacedFlag: getMetaData returned -22, defaulting to interlaced_flag = 0
02-21 16:16:36.770  1886 27030 W qdgralloc: getInterlacedFlag: getMetaData returned -22, defaulting to interlaced_flag = 0
02-21 16:16:36.771  1886 27030 W qdgralloc: getInterlacedFlag: getMetaData returned -22, defaulting to interlaced_flag = 0
02-21 16:16:36.853  1886 27030 W qdgralloc: getInterlacedFlag: getMetaData returned -22, defaulting to interlaced_flag = 0
02-21 16:16:36.854  1886 27030 W qdgralloc: getInterlacedFlag: getMetaData returned -22, defaulting to interlaced_flag = 0
02-21 16:16:36.936  1886 27030 W qdgralloc: getInterlacedFlag: getMetaData returned -22, defaulting to interlaced_flag = 0
02-21 16:16:36.937  1886 27030 W qdgralloc: getInterlacedFlag: getMetaData returned -22, defaulting to interlaced_flag = 0
02-21 16:16:36.994  1886 27030 I QC2Comp : [avcE_2856] Stats: Pending(0) i/p-done(0) Works: Q: 59127/Done 59127|Work-Rate: Q(12.2/s Avg=46.5/s) Done(12.199/s Avg=46.529/s)| Stream: 12.12fps 50.7Kbps
02-21 16:16:36.994  1886 27030 I QC2Comp : [avcE_2856] Mem-usage:  [In-2D: 6 bufs 10.594 MB] [2D-Conv-5194: 17 bufs 13.016 MB] [1D-5193: 18 bufs 5.484 MB] [1D-5195: 7 bufs 0.109 MB] | Total: 29.203 MB
02-21 16:16:37.020  1886 27030 W qdgralloc: getInterlacedFlag: getMetaData returned -22, defaulting to interlaced_flag = 0
02-21 16:16:37.020  1886 27030 W qdgralloc: getInterlacedFlag: getMetaData returned -22, defaulting to interlaced_flag = 0
02-21 16:16:37.102  1886 27030 W qdgralloc: getInterlacedFlag: getMetaData returned -22, defaulting to interlaced_flag = 0
02-21 16:16:37.103  1886 27030 W qdgralloc: getInterlacedFlag: getMetaData returned -22, defaulting to interlaced_flag = 0
02-21 16:16:37.111 26985 27024 I MediaCodec: [0xb4000074a68ce330] dequeue 13 output frames in last 1079 ms, latest timeUs 533701040639, flags 0
02-21 16:16:37.185  1886 27030 W qdgralloc: getInterlacedFlag: getMetaData returned -22, defaulting to interlaced_flag = 0
02-21 16:16:37.186  1886 27030 W qdgralloc: getInterlacedFlag: getMetaData returned -22, defaulting to interlaced_flag = 0
02-21 16:16:37.269  1886 27030 W qdgralloc: getInterlacedFlag: getMetaData returned -22, defaulting to interlaced_flag = 0
02-21 16:16:37.269  1886 27030 W qdgralloc: getInterlacedFlag: getMetaData returned -22, defaulting to interlaced_flag = 0
02-21 16:16:37.351  1886 27030 W qdgralloc: getInterlacedFlag: getMetaData returned -22, defaulting to interlaced_flag = 0
02-21 16:16:37.352  1886 27030 W qdgralloc: getInterlacedFlag: getMetaData returned -22, defaulting to interlaced_flag = 0
02-21 16:16:37.434  1886 27030 W qdgralloc: getInterlacedFlag: getMetaData returned -22, defaulting to interlaced_flag = 0
02-21 16:16:37.434  1886 27030 W qdgralloc: getInterlacedFlag: getMetaData returned -22, defaulting to interlaced_flag = 0
02-21 16:16:37.517  1886 27030 W qdgralloc: getInterlacedFlag: getMetaData returned -22, defaulting to interlaced_flag = 0
02-21 16:16:37.517  1886 27030 W qdgralloc: getInterlacedFlag: getMetaData returned -22, defaulting to interlaced_flag = 0
02-21 16:16:37.599  1886 27030 W qdgralloc: getInterlacedFlag: getMetaData returned -22, defaulting to interlaced_flag = 0
02-21 16:16:37.600  1886 27030 W qdgralloc: getInterlacedFlag: getMetaData returned -22, defaulting to interlaced_flag = 0
02-21 16:16:37.682  1886 27030 W qdgralloc: getInterlacedFlag: getMetaData returned -22, defaulting to interlaced_flag = 0
02-21 16:16:37.683  1886 27030 W qdgralloc: getInterlacedFlag: getMetaData returned -22, defaulting to interlaced_flag = 0
02-21 16:16:37.765  1886 27030 W qdgralloc: getInterlacedFlag: getMetaData returned -22, defaulting to interlaced_flag = 0
02-21 16:16:37.765  1886 27030 W qdgralloc: getInterlacedFlag: getMetaData returned -22, defaulting to interlaced_flag = 0
02-21 16:16:37.818  2994  3628 D WifiStaIfaceHidlImpl: getCachedScanData is not implemented by HIDL
02-21 16:16:37.820  2994  9813 I MotoWifiScorer: onWifiUsabilityStats, seqNum: 83429, isSameBssidAndFreq: true, RSSI: -59, isThroughputSufficient: true, LinkSpeed: 243 Mbps, RxLinkSpeed: 108 Mbps
02-21 16:16:37.820  2994  9813 I MotoWifiScorer: updateWifiUsabilityStats, seqNum: 83429, RSSI: -59, isThroughputSufficient: true, LinkSpeed: 243 Mbps, RxLinkSpeed: 108 Mbps
02-21 16:16:37.820  2994  9813 I MotoWifiScorer: updateWifiUsabilityStats, Duration: 3039, Rx Good: 1, Tx Good: 1, Tx Bad: 0 ( 0 % ), Tx Retry: 3 ( 75 % )
02-21 16:16:37.820  2994  9813 I MotoWifiScorer: onWifiUsabilityStats, FinalScore: 60, RssiBasedScore: 60, LinkBonus: 0, TcpBonus: 0
02-21 16:16:37.822  2994  9813 I MotoWifiScorer: onWifiUsabilityStats, WiFi Usable: true
02-21 16:16:37.828  2994  3641 D ConnectivityService: NetReassign [no changes] [c 1] [a 1] [i 3]
02-21 16:16:37.848  1886 27030 W qdgralloc: getInterlacedFlag: getMetaData returned -22, defaulting to interlaced_flag = 0
02-21 16:16:37.849  1886 27030 W qdgralloc: getInterlacedFlag: getMetaData returned -22, defaulting to interlaced_flag = 0
02-21 16:16:37.908  3391  3393 I android.hardware.thermal@2.0-service.qti-v2: Sensor Name:skin1 temp: 38.625. prev severity:0. cur severity:3 New severity:3
02-21 16:16:37.931  1886 27030 W qdgralloc: getInterlacedFlag: getMetaData returned -22, defaulting to interlaced_flag = 0
02-21 16:16:37.931  1886 27030 W qdgralloc: getInterlacedFlag: getMetaData returned -22, defaulting to interlaced_flag = 0
02-21 16:16:38.014  1886 27030 W qdgralloc: getInterlacedFlag: getMetaData returned -22, defaulting to interlaced_flag = 0
02-21 16:16:38.015  1886 27030 W qdgralloc: getInterlacedFlag: getMetaData returned -22, defaulting to interlaced_flag = 0
02-21 16:16:38.097  1886 27030 W qdgralloc: getInterlacedFlag: getMetaData returned -22, defaulting to interlaced_flag = 0
02-21 16:16:38.097  1886 27030 W qdgralloc: getInterlacedFlag: getMetaData returned -22, defaulting to interlaced_flag = 0
02-21 16:16:38.180  1886 27030 W qdgralloc: getInterlacedFlag: getMetaData returned -22, defaulting to interlaced_flag = 0
02-21 16:16:38.181  1886 27030 W qdgralloc: getInterlacedFlag: getMetaData returned -22, defaulting to interlaced_flag = 0
02-21 16:16:38.187 26985 27024 I MediaCodec: [0xb4000074a68ce330] dequeue 13 output frames in last 1076 ms, latest timeUs 533702118054, flags 0
02-21 16:16:38.262  1886 27030 W qdgralloc: getInterlacedFlag: getMetaData returned -22, defaulting to interlaced_flag = 0
02-21 16:16:38.263  1886 27030 W qdgralloc: getInterlacedFlag: getMetaData returned -22, defaulting to interlaced_flag = 0
02-21 16:16:38.345  1886 27030 W qdgralloc: getInterlacedFlag: getMetaData returned -22, defaulting to interlaced_flag = 0
02-21 16:16:38.346  1886 27030 W qdgralloc: getInterlacedFlag: getMetaData returned -22, defaulting to interlaced_flag = 0
02-21 16:16:38.423  2994  3056 D ActivityManager: unfreezing ProcessRecord{f2b23e5 29569:com.android.settings/1000}, reason = shouldNotFreeze_allowlist, adj = 925, adjType = cch-empty, adjSource = null
02-21 16:16:38.424  2994  3056 D ActivityManager: sync unfroze 29569 com.android.settings for 10
02-21 16:16:38.424  2994  3056 D ActivityManager: unfreezing ProcessRecord{dc45f3 26801:com.android.keychain/1000}, reason = shouldNotFreeze_allowlist, adj = 925, adjType = cch-empty, adjSource = null
02-21 16:16:38.425  2994  3056 D ActivityManager: sync unfroze 26801 com.android.keychain for 10
02-21 16:16:38.429  2994  3055 D addPss  : tracker=ProcessState{b7c4604 com.android.settings/1000 pkg=com.android.settings}
02-21 16:16:38.429  2994  3055 D addPss  : tracker=ProcessState{e07f7ee com.android.keychain/1000 pkg=com.android.keychain}
02-21 16:16:38.431  1886 27030 W qdgralloc: getInterlacedFlag: getMetaData returned -22, defaulting to interlaced_flag = 0
02-21 16:16:38.432  1886 27030 W qdgralloc: getInterlacedFlag: getMetaData returned -22, defaulting to interlaced_flag = 0
02-21 16:16:38.512  1886 27030 W qdgralloc: getInterlacedFlag: getMetaData returned -22, defaulting to interlaced_flag = 0
02-21 16:16:38.512  1886 27030 W qdgralloc: getInterlacedFlag: getMetaData returned -22, defaulting to interlaced_flag = 0
02-21 16:16:38.595  1886 27030 W qdgralloc: getInterlacedFlag: getMetaData returned -22, defaulting to interlaced_flag = 0
02-21 16:16:38.595  1886 27030 W qdgralloc: getInterlacedFlag: getMetaData returned -22, defaulting to interlaced_flag = 0
