02-21 16:17:43.853  1886 27030 W qdgralloc: getInterlacedFlag: getMetaData returned -22, defaulting to interlaced_flag = 0
02-21 16:17:43.853  1886 27030 W qdgralloc: getInterlacedFlag: getMetaData returned -22, defaulting to interlaced_flag = 0
02-21 16:17:43.935  1886 27030 W qdgralloc: getInterlacedFlag: getMetaData returned -22, defaulting to interlaced_flag = 0
02-21 16:17:43.936  1886 27030 W qdgralloc: getInterlacedFlag: getMetaData returned -22, defaulting to interlaced_flag = 0
02-21 16:17:44.019  1886 27030 W qdgralloc: getInterlacedFlag: getMetaData returned -22, defaulting to interlaced_flag = 0
02-21 16:17:44.019  1886 27030 W qdgralloc: getInterlacedFlag: getMetaData returned -22, defaulting to interlaced_flag = 0
02-21 16:17:44.101  1886 27030 W qdgralloc: getInterlacedFlag: getMetaData returned -22, defaulting to interlaced_flag = 0
02-21 16:17:44.102  1886 27030 W qdgralloc: getInterlacedFlag: getMetaData returned -22, defaulting to interlaced_flag = 0
02-21 16:17:44.185  1886 27030 W qdgralloc: getInterlacedFlag: getMetaData returned -22, defaulting to interlaced_flag = 0
02-21 16:17:44.185  1886 27030 W qdgralloc: getInterlacedFlag: getMetaData returned -22, defaulting to interlaced_flag = 0
02-21 16:17:44.267  1886 27030 W qdgralloc: getInterlacedFlag: getMetaData returned -22, defaulting to interlaced_flag = 0
02-21 16:17:44.267  1886 27030 W qdgralloc: getInterlacedFlag: getMetaData returned -22, defaulting to interlaced_flag = 0
02-21 16:17:44.349  1886 27030 D BufferPoolAccessor2.0: bufferpool2 0xb400007bca16b758 : 4(1703936 size) total buffers - 1(425984 size) used buffers - 59998/60015 (recycle/alloc) - 0/0 (fetch/transfer)
02-21 16:17:44.350  1886 27030 W qdgralloc: getInterlacedFlag: getMetaData returned -22, defaulting to interlaced_flag = 0
02-21 16:17:44.351  1886 27030 W qdgralloc: getInterlacedFlag: getMetaData returned -22, defaulting to interlaced_flag = 0
02-21 16:17:44.400  2994  3628 D WifiStaIfaceHidlImpl: getCachedScanData is not implemented by HIDL
02-21 16:17:44.402  2994  9813 I MotoWifiScorer: onWifiUsabilityStats, seqNum: 83451, isSameBssidAndFreq: true, RSSI: -58, isThroughputSufficient: true, LinkSpeed: 243 Mbps, RxLinkSpeed: 81 Mbps
02-21 16:17:44.402  2994  9813 I MotoWifiScorer: updateWifiUsabilityStats, seqNum: 83451, RSSI: -58, isThroughputSufficient: true, LinkSpeed: 243 Mbps, RxLinkSpeed: 81 Mbps
02-21 16:17:44.402  2994  9813 I MotoWifiScorer: updateWifiUsabilityStats, Duration: 3038, Rx Good: 1, Tx Good: 1, Tx Bad: 0 ( 0 % ), Tx Retry: 0 ( 0 % )
02-21 16:17:44.403  2994  9813 I MotoWifiScorer: onWifiUsabilityStats, FinalScore: 60, RssiBasedScore: 60, LinkBonus: 0, TcpBonus: 0
02-21 16:17:44.404  2994  9813 I MotoWifiScorer: onWifiUsabilityStats, WiFi Usable: true
02-21 16:17:44.406  2994  3641 D ConnectivityService: NetReassign [no changes] [c 1] [a 0] [i 1]
02-21 16:17:44.432  1886 27030 W qdgralloc: getInterlacedFlag: getMetaData returned -22, defaulting to interlaced_flag = 0
02-21 16:17:44.433  1886 27030 W qdgralloc: getInterlacedFlag: getMetaData returned -22, defaulting to interlaced_flag = 0
02-21 16:17:44.515  1886 27030 W qdgralloc: getInterlacedFlag: getMetaData returned -22, defaulting to interlaced_flag = 0
02-21 16:17:44.516  1886 27030 W qdgralloc: getInterlacedFlag: getMetaData returned -22, defaulting to interlaced_flag = 0
02-21 16:17:44.598  1886 27030 W qdgralloc: getInterlacedFlag: getMetaData returned -22, defaulting to interlaced_flag = 0
02-21 16:17:44.598  1886 27030 W qdgralloc: getInterlacedFlag: getMetaData returned -22, defaulting to interlaced_flag = 0
02-21 16:17:44.681  1886 27030 W qdgralloc: getInterlacedFlag: getMetaData returned -22, defaulting to interlaced_flag = 0
02-21 16:17:44.682  1886 27030 W qdgralloc: getInterlacedFlag: getMetaData returned -22, defaulting to interlaced_flag = 0
02-21 16:17:44.764  1886 27030 W qdgralloc: getInterlacedFlag: getMetaData returned -22, defaulting to interlaced_flag = 0
02-21 16:17:44.764  1886 27030 W qdgralloc: getInterlacedFlag: getMetaData returned -22, defaulting to interlaced_flag = 0
02-21 16:17:44.847  1886 27030 W qdgralloc: getInterlacedFlag: getMetaData returned -22, defaulting to interlaced_flag = 0
02-21 16:17:44.848  1886 27030 W qdgralloc: getInterlacedFlag: getMetaData returned -22, defaulting to interlaced_flag = 0
02-21 16:17:44.854 26985 27024 I MediaCodec: [0xb4000074a68ce330] dequeue 13 output frames in last 1077 ms, latest timeUs 533768785091, flags 0
02-21 16:17:44.930  1886 27030 W qdgralloc: getInterlacedFlag: getMetaData returned -22, defaulting to interlaced_flag = 0
02-21 16:17:44.930  1886 27030 W qdgralloc: getInterlacedFlag: getMetaData returned -22, defaulting to interlaced_flag = 0
02-21 16:17:45.012  1886 27030 W qdgralloc: getInterlacedFlag: getMetaData returned -22, defaulting to interlaced_flag = 0
02-21 16:17:45.013  1886 27030 W qdgralloc: getInterlacedFlag: getMetaData returned -22, defaulting to interlaced_flag = 0
02-21 16:17:45.095  1886 27030 W qdgralloc: getInterlacedFlag: getMetaData returned -22, defaulting to interlaced_flag = 0
02-21 16:17:45.096  1886 27030 W qdgralloc: getInterlacedFlag: getMetaData returned -22, defaulting to interlaced_flag = 0
02-21 16:17:45.178  1886 27030 W qdgralloc: getInterlacedFlag: getMetaData returned -22, defaulting to interlaced_flag = 0
02-21 16:17:45.178  1886 27030 W qdgralloc: getInterlacedFlag: getMetaData returned -22, defaulting to interlaced_flag = 0
02-21 16:17:45.262  1886 27030 W qdgralloc: getInterlacedFlag: getMetaData returned -22, defaulting to interlaced_flag = 0
02-21 16:17:45.262  1886 27030 W qdgralloc: getInterlacedFlag: getMetaData returned -22, defaulting to interlaced_flag = 0
02-21 16:17:45.342  1886 27030 W qdgralloc: getInterlacedFlag: getMetaData returned -22, defaulting to interlaced_flag = 0
02-21 16:17:45.342  1886 27030 W qdgralloc: getInterlacedFlag: getMetaData returned -22, defaulting to interlaced_flag = 0
02-21 16:17:45.427  1886 27030 W qdgralloc: getInterlacedFlag: getMetaData returned -22, defaulting to interlaced_flag = 0
02-21 16:17:45.428  1886 27030 W qdgralloc: getInterlacedFlag: getMetaData returned -22, defaulting to interlaced_flag = 0
02-21 16:17:45.510  1886 27030 W qdgralloc: getInterlacedFlag: getMetaData returned -22, defaulting to interlaced_flag = 0
02-21 16:17:45.510  1886 27030 W qdgralloc: getInterlacedFlag: getMetaData returned -22, defaulting to interlaced_flag = 0
02-21 16:17:45.593  1886 27030 W qdgralloc: getInterlacedFlag: getMetaData returned -22, defaulting to interlaced_flag = 0
02-21 16:17:45.593  1886 27030 W qdgralloc: getInterlacedFlag: getMetaData returned -22, defaulting to interlaced_flag = 0
02-21 16:17:45.676  1886 27030 W qdgralloc: getInterlacedFlag: getMetaData returned -22, defaulting to interlaced_flag = 0
02-21 16:17:45.676  1886 27030 W qdgralloc: getInterlacedFlag: getMetaData returned -22, defaulting to interlaced_flag = 0
02-21 16:17:45.758  1886 27030 W qdgralloc: getInterlacedFlag: getMetaData returned -22, defaulting to interlaced_flag = 0
02-21 16:17:45.759  1886 27030 W qdgralloc: getInterlacedFlag: getMetaData returned -22, defaulting to interlaced_flag = 0
02-21 16:17:45.841  1886 27030 W qdgralloc: getInterlacedFlag: getMetaData returned -22, defaulting to interlaced_flag = 0
02-21 16:17:45.842  1886 27030 W qdgralloc: getInterlacedFlag: getMetaData returned -22, defaulting to interlaced_flag = 0
02-21 16:17:45.924  1886 27030 W qdgralloc: getInterlacedFlag: getMetaData returned -22, defaulting to interlaced_flag = 0
02-21 16:17:45.925  1886 27030 W qdgralloc: getInterlacedFlag: getMetaData returned -22, defaulting to interlaced_flag = 0
02-21 16:17:45.932 26985 27024 I MediaCodec: [0xb4000074a68ce330] dequeue 13 output frames in last 1077 ms, latest timeUs 533769862468, flags 0
02-21 16:17:46.008  1886 27030 W qdgralloc: getInterlacedFlag: getMetaData returned -22, defaulting to interlaced_flag = 0
02-21 16:17:46.008  1886 27030 W qdgralloc: getInterlacedFlag: getMetaData returned -22, defaulting to interlaced_flag = 0
02-21 16:17:46.090  1886 27030 W qdgralloc: getInterlacedFlag: getMetaData returned -22, defaulting to interlaced_flag = 0
02-21 16:17:46.091  1886 27030 W qdgralloc: getInterlacedFlag: getMetaData returned -22, defaulting to interlaced_flag = 0
02-21 16:17:46.173  1886 27030 W qdgralloc: getInterlacedFlag: getMetaData returned -22, defaulting to interlaced_flag = 0
02-21 16:17:46.174  1886 27030 W qdgralloc: getInterlacedFlag: getMetaData returned -22, defaulting to interlaced_flag = 0
02-21 16:17:46.256  1886 27030 W qdgralloc: getInterlacedFlag: getMetaData returned -22, defaulting to interlaced_flag = 0
02-21 16:17:46.257  1886 27030 W qdgralloc: getInterlacedFlag: getMetaData returned -22, defaulting to interlaced_flag = 0
02-21 16:17:46.338  1886 27030 W qdgralloc: getInterlacedFlag: getMetaData returned -22, defaulting to interlaced_flag = 0
02-21 16:17:46.339  1886 27030 W qdgralloc: getInterlacedFlag: getMetaData returned -22, defaulting to interlaced_flag = 0
02-21 16:17:46.421  1886 27030 W qdgralloc: getInterlacedFlag: getMetaData returned -22, defaulting to interlaced_flag = 0
02-21 16:17:46.422  1886 27030 W qdgralloc: getInterlacedFlag: getMetaData returned -22, defaulting to interlaced_flag = 0
02-21 16:17:46.504  1886 27030 W qdgralloc: getInterlacedFlag: getMetaData returned -22, defaulting to interlaced_flag = 0
02-21 16:17:46.504  1886 27030 W qdgralloc: getInterlacedFlag: getMetaData returned -22, defaulting to interlaced_flag = 0
02-21 16:17:46.587  1886 27030 W qdgralloc: getInterlacedFlag: getMetaData returned -22, defaulting to interlaced_flag = 0
02-21 16:17:46.587  1886 27030 W qdgralloc: getInterlacedFlag: getMetaData returned -22, defaulting to interlaced_flag = 0
02-21 16:17:46.670  1886 27030 W qdgralloc: getInterlacedFlag: getMetaData returned -22, defaulting to interlaced_flag = 0
02-21 16:17:46.670  1886 27030 W qdgralloc: getInterlacedFlag: getMetaData returned -22, defaulting to interlaced_flag = 0
02-21 16:17:46.752  1886 27030 W qdgralloc: getInterlacedFlag: getMetaData returned -22, defaulting to interlaced_flag = 0
02-21 16:17:46.753  1886 27030 W qdgralloc: getInterlacedFlag: getMetaData returned -22, defaulting to interlaced_flag = 0
02-21 16:17:46.836  1886 27030 W qdgralloc: getInterlacedFlag: getMetaData returned -22, defaulting to interlaced_flag = 0
02-21 16:17:46.836  1886 27030 W qdgralloc: getInterlacedFlag: getMetaData returned -22, defaulting to interlaced_flag = 0
02-21 16:17:46.919  1886 27030 W qdgralloc: getInterlacedFlag: getMetaData returned -22, defaulting to interlaced_flag = 0
02-21 16:17:46.919  1886 27030 W qdgralloc: getInterlacedFlag: getMetaData returned -22, defaulting to interlaced_flag = 0
02-21 16:17:47.001  1886 27030 W qdgralloc: getInterlacedFlag: getMetaData returned -22, defaulting to interlaced_flag = 0
02-21 16:17:47.002  1886 27030 W qdgralloc: getInterlacedFlag: getMetaData returned -22, defaulting to interlaced_flag = 0
02-21 16:17:47.004  1886 27030 I QC2Comp : [avcE_2856] Stats: Pending(1) i/p-done(0) Works: Q: 60047/Done 60046|Work-Rate: Q(12.2/s Avg=44.8/s) Done(11.990/s Avg=44.785/s)| Stream: 12.13fps 53.2Kbps
02-21 16:17:47.004  1886 27030 I QC2Comp : [avcE_2856] Mem-usage:  [In-2D: 6 bufs 10.594 MB] [2D-Conv-5194: 17 bufs 13.016 MB] [1D-5193: 18 bufs 5.484 MB] [1D-5195: 7 bufs 0.109 MB] | Total: 29.203 MB
02-21 16:17:47.009 26985 27024 I MediaCodec: [0xb4000074a68ce330] dequeue 13 output frames in last 1077 ms, latest timeUs 533770939272, flags 0
02-21 16:17:47.085  1886 27030 W qdgralloc: getInterlacedFlag: getMetaData returned -22, defaulting to interlaced_flag = 0
02-21 16:17:47.085  1886 27030 W qdgralloc: getInterlacedFlag: getMetaData returned -22, defaulting to interlaced_flag = 0
02-21 16:17:47.167  1886 27030 W qdgralloc: getInterlacedFlag: getMetaData returned -22, defaulting to interlaced_flag = 0
02-21 16:17:47.168  1886 27030 W qdgralloc: getInterlacedFlag: getMetaData returned -22, defaulting to interlaced_flag = 0
02-21 16:17:47.250  1886 27030 W qdgralloc: getInterlacedFlag: getMetaData returned -22, defaulting to interlaced_flag = 0
02-21 16:17:47.250  1886 27030 W qdgralloc: getInterlacedFlag: getMetaData returned -22, defaulting to interlaced_flag = 0
02-21 16:17:47.333  1886 27030 W qdgralloc: getInterlacedFlag: getMetaData returned -22, defaulting to interlaced_flag = 0
02-21 16:17:47.333  1886 27030 W qdgralloc: getInterlacedFlag: getMetaData returned -22, defaulting to interlaced_flag = 0
02-21 16:17:47.414  1886 27030 W qdgralloc: getInterlacedFlag: getMetaData returned -22, defaulting to interlaced_flag = 0
02-21 16:17:47.414  1886 27030 W qdgralloc: getInterlacedFlag: getMetaData returned -22, defaulting to interlaced_flag = 0
02-21 16:17:47.431  2994  3628 D WifiStaIfaceHidlImpl: getCachedScanData is not implemented by HIDL
02-21 16:17:47.433  2994  9813 I MotoWifiScorer: onWifiUsabilityStats, seqNum: 83452, isSameBssidAndFreq: true, RSSI: -59, isThroughputSufficient: true, LinkSpeed: 216 Mbps, RxLinkSpeed: 81 Mbps
02-21 16:17:47.433  2994  9813 I MotoWifiScorer: updateWifiUsabilityStats, seqNum: 83452, RSSI: -59, isThroughputSufficient: true, LinkSpeed: 216 Mbps, RxLinkSpeed: 81 Mbps
02-21 16:17:47.433  2994  9813 I MotoWifiScorer: updateWifiUsabilityStats, Duration: 3030, Rx Good: 0, Tx Good: 1, Tx Bad: 0 ( 0 % ), Tx Retry: 1 ( 50 % )
02-21 16:17:47.433  2994  9813 I MotoWifiScorer: onWifiUsabilityStats, FinalScore: 60, RssiBasedScore: 60, LinkBonus: 0, TcpBonus: 0
02-21 16:17:47.434  2994  9813 I MotoWifiScorer: onWifiUsabilityStats, WiFi Usable: true
02-21 16:17:47.435  2994  3641 D ConnectivityService: NetReassign [no changes] [c 0] [a 0] [i 1]
02-21 16:17:47.498  1886 27030 W qdgralloc: getInterlacedFlag: getMetaData returned -22, defaulting to interlaced_flag = 0
02-21 16:17:47.499  1886 27030 W qdgralloc: getInterlacedFlag: getMetaData returned -22, defaulting to interlaced_flag = 0
02-21 16:17:47.505  1886 27059 D BufferPoolAccessor2.0: bufferpool2 0xb400007bca18db68 : 6(1916928 size) total buffers - 5(1597440 size) used buffers - 60039/60057 (recycle/alloc) - 251/60052 (fetch/transfer)
02-21 16:17:47.581  1886 27030 W qdgralloc: getInterlacedFlag: getMetaData returned -22, defaulting to interlaced_flag = 0
02-21 16:17:47.581  1886 27030 W qdgralloc: getInterlacedFlag: getMetaData returned -22, defaulting to interlaced_flag = 0
02-21 16:17:47.665  1886 27030 W qdgralloc: getInterlacedFlag: getMetaData returned -22, defaulting to interlaced_flag = 0
02-21 16:17:47.665  1886 27030 W qdgralloc: getInterlacedFlag: getMetaData returned -22, defaulting to interlaced_flag = 0
02-21 16:17:47.747  1886 27030 W qdgralloc: getInterlacedFlag: getMetaData returned -22, defaulting to interlaced_flag = 0
02-21 16:17:47.748  1886 27030 W qdgralloc: getInterlacedFlag: getMetaData returned -22, defaulting to interlaced_flag = 0
02-21 16:17:47.830  1886 27030 W qdgralloc: getInterlacedFlag: getMetaData returned -22, defaulting to interlaced_flag = 0
02-21 16:17:47.830  1886 27030 W qdgralloc: getInterlacedFlag: getMetaData returned -22, defaulting to interlaced_flag = 0
02-21 16:17:47.871 26985 27023 D BufferPoolAccessor2.0: bufferpool2 0xb4000074968a5568 : 5(19200 size) total buffers - 4(15360 size) used buffers - 67068/67073 (recycle/alloc) - 205/134137 (fetch/transfer)
02-21 16:17:47.908  3391  3393 I android.hardware.thermal@2.0-service.qti-v2: Sensor Name:skin1 temp: 37.726. prev severity:3. cur severity:0 New severity:0
02-21 16:17:47.912  1886 27030 W qdgralloc: getInterlacedFlag: getMetaData returned -22, defaulting to interlaced_flag = 0
02-21 16:17:47.913  1886 27030 W qdgralloc: getInterlacedFlag: getMetaData returned -22, defaulting to interlaced_flag = 0
02-21 16:17:47.996  1886 27030 W qdgralloc: getInterlacedFlag: getMetaData returned -22, defaulting to interlaced_flag = 0
02-21 16:17:47.997  1886 27030 W qdgralloc: getInterlacedFlag: getMetaData returned -22, defaulting to interlaced_flag = 0
02-21 16:17:48.021  2428 27031 D BufferPoolAccessor2.0: bufferpool2 0xb40000748c1325e8 : 2(6000 size) total buffers - 1(3000 size) used buffers - 67063/67078 (recycle/alloc) - 16/67076 (fetch/transfer)
02-21 16:17:48.079  1886 27030 W qdgralloc: getInterlacedFlag: getMetaData returned -22, defaulting to interlaced_flag = 0
02-21 16:17:48.080  1886 27030 W qdgralloc: getInterlacedFlag: getMetaData returned -22, defaulting to interlaced_flag = 0
02-21 16:17:48.087 26985 27024 I MediaCodec: [0xb4000074a68ce330] dequeue 13 output frames in last 1077 ms, latest timeUs 533772016978, flags 0
02-21 16:17:48.162  1886 27030 W qdgralloc: getInterlacedFlag: getMetaData returned -22, defaulting to interlaced_flag = 0
02-21 16:17:48.163  1886 27030 W qdgralloc: getInterlacedFlag: getMetaData returned -22, defaulting to interlaced_flag = 0
02-21 16:17:48.245  1886 27030 W qdgralloc: getInterlacedFlag: getMetaData returned -22, defaulting to interlaced_flag = 0
02-21 16:17:48.246  1886 27030 W qdgralloc: getInterlacedFlag: getMetaData returned -22, defaulting to interlaced_flag = 0
02-21 16:17:48.327  1886 27030 W qdgralloc: getInterlacedFlag: getMetaData returned -22, defaulting to interlaced_flag = 0
02-21 16:17:48.328  1886 27030 W qdgralloc: getInterlacedFlag: getMetaData returned -22, defaulting to interlaced_flag = 0
02-21 16:17:48.410  1886 27030 W qdgralloc: getInterlacedFlag: getMetaData returned -22, defaulting to interlaced_flag = 0
02-21 16:17:48.410  1886 27030 W qdgralloc: getInterlacedFlag: getMetaData returned -22, defaulting to interlaced_flag = 0
02-21 16:17:48.493  1886 27030 W qdgralloc: getInterlacedFlag: getMetaData returned -22, defaulting to interlaced_flag = 0
02-21 16:17:48.494  1886 27030 W qdgralloc: getInterlacedFlag: getMetaData returned -22, defaulting to interlaced_flag = 0
02-21 16:17:48.575  1886 27030 W qdgralloc: getInterlacedFlag: getMetaData returned -22, defaulting to interlaced_flag = 0
02-21 16:17:48.576  1886 27030 W qdgralloc: getInterlacedFlag: getMetaData returned -22, defaulting to interlaced_flag = 0
02-21 16:17:48.658  1886 27030 W qdgralloc: getInterlacedFlag: getMetaData returned -22, defaulting to interlaced_flag = 0
02-21 16:17:48.659  1886 27030 W qdgralloc: getInterlacedFlag: getMetaData returned -22, defaulting to interlaced_flag = 0
02-21 16:17:48.741  1886 27030 W qdgralloc: getInterlacedFlag: getMetaData returned -22, defaulting to interlaced_flag = 0
02-21 16:17:48.742  1886 27030 W qdgralloc: getInterlacedFlag: getMetaData returned -22, defaulting to interlaced_flag = 0
02-21 16:17:48.825  1886 27030 W qdgralloc: getInterlacedFlag: getMetaData returned -22, defaulting to interlaced_flag = 0
02-21 16:17:48.826  1886 27030 W qdgralloc: getInterlacedFlag: getMetaData returned -22, defaulting to interlaced_flag = 0
02-21 16:17:48.909  1886 27030 W qdgralloc: getInterlacedFlag: getMetaData returned -22, defaulting to interlaced_flag = 0
02-21 16:17:48.910  1886 27030 W qdgralloc: getInterlacedFlag: getMetaData returned -22, defaulting to interlaced_flag = 0
02-21 16:17:48.990  1886 27030 W qdgralloc: getInterlacedFlag: getMetaData returned -22, defaulting to interlaced_flag = 0
02-21 16:17:48.991  1886 27030 W qdgralloc: getInterlacedFlag: getMetaData returned -22, defaulting to interlaced_flag = 0
02-21 16:17:49.074  1886 27030 W qdgralloc: getInterlacedFlag: getMetaData returned -22, defaulting to interlaced_flag = 0
02-21 16:17:49.074  1886 27030 W qdgralloc: getInterlacedFlag: getMetaData returned -22, defaulting to interlaced_flag = 0
02-21 16:17:49.156  1886 27030 W qdgralloc: getInterlacedFlag: getMetaData returned -22, defaulting to interlaced_flag = 0
02-21 16:17:49.156  1886 27030 W qdgralloc: getInterlacedFlag: getMetaData returned -22, defaulting to interlaced_flag = 0
02-21 16:17:49.163 26985 27024 I MediaCodec: [0xb4000074a68ce330] dequeue 13 output frames in last 1076 ms, latest timeUs 533773093896, flags 0
02-21 16:17:49.238  1886 27030 W qdgralloc: getInterlacedFlag: getMetaData returned -22, defaulting to interlaced_flag = 0
02-21 16:17:49.239  1886 27030 W qdgralloc: getInterlacedFlag: getMetaData returned -22, defaulting to interlaced_flag = 0
02-21 16:17:49.322  1886 27030 W qdgralloc: getInterlacedFlag: getMetaData returned -22, defaulting to interlaced_flag = 0
02-21 16:17:49.322  1886 27030 W qdgralloc: getInterlacedFlag: getMetaData returned -22, defaulting to interlaced_flag = 0
02-21 16:17:49.404  1886 27030 W qdgralloc: getInterlacedFlag: getMetaData returned -22, defaulting to interlaced_flag = 0
02-21 16:17:49.404  1886 27030 W qdgralloc: getInterlacedFlag: getMetaData returned -22, defaulting to interlaced_flag = 0
02-21 16:17:49.487  1886 27030 W qdgralloc: getInterlacedFlag: getMetaData returned -22, defaulting to interlaced_flag = 0
02-21 16:17:49.488  1886 27030 W qdgralloc: getInterlacedFlag: getMetaData returned -22, defaulting to interlaced_flag = 0
02-21 16:17:49.570  1886 27030 D BufferPoolAccessor2.0: bufferpool2 0xb400007bca16b758 : 4(1703936 size) total buffers - 1(425984 size) used buffers - 60061/60078 (recycle/alloc) - 0/0 (fetch/transfer)
02-21 16:17:49.571  1886 27030 W qdgralloc: getInterlacedFlag: getMetaData returned -22, defaulting to interlaced_flag = 0
02-21 16:17:49.571  1886 27030 W qdgralloc: getInterlacedFlag: getMetaData returned -22, defaulting to interlaced_flag = 0
02-21 16:17:49.653  1886 27030 W qdgralloc: getInterlacedFlag: getMetaData returned -22, defaulting to interlaced_flag = 0
02-21 16:17:49.653  1886 27030 W qdgralloc: getInterlacedFlag: getMetaData returned -22, defaulting to interlaced_flag = 0
02-21 16:17:49.736  1886 27030 W qdgralloc: getInterlacedFlag: getMetaData returned -22, defaulting to interlaced_flag = 0
02-21 16:17:49.737  1886 27030 W qdgralloc: getInterlacedFlag: getMetaData returned -22, defaulting to interlaced_flag = 0
02-21 16:17:49.819  1886 27030 W qdgralloc: getInterlacedFlag: getMetaData returned -22, defaulting to interlaced_flag = 0
02-21 16:17:49.819  1886 27030 W qdgralloc: getInterlacedFlag: getMetaData returned -22, defaulting to interlaced_flag = 0
02-21 16:17:49.901  1886 27030 W qdgralloc: getInterlacedFlag: getMetaData returned -22, defaulting to interlaced_flag = 0
02-21 16:17:49.903  1886 27030 W qdgralloc: getInterlacedFlag: getMetaData returned -22, defaulting to interlaced_flag = 0
02-21 16:17:49.985  1886 27030 W qdgralloc: getInterlacedFlag: getMetaData returned -22, defaulting to interlaced_flag = 0
02-21 16:17:49.985  1886 27030 W qdgralloc: getInterlacedFlag: getMetaData returned -22, defaulting to interlaced_flag = 0
02-21 16:17:50.067  1886 27030 W qdgralloc: getInterlacedFlag: getMetaData returned -22, defaulting to interlaced_flag = 0
02-21 16:17:50.068  1886 27030 W qdgralloc: getInterlacedFlag: getMetaData returned -22, defaulting to interlaced_flag = 0
02-21 16:17:50.150  1886 27030 W qdgralloc: getInterlacedFlag: getMetaData returned -22, defaulting to interlaced_flag = 0
02-21 16:17:50.150  1886 27030 W qdgralloc: getInterlacedFlag: getMetaData returned -22, defaulting to interlaced_flag = 0
02-21 16:17:50.233  1886 27030 W qdgralloc: getInterlacedFlag: getMetaData returned -22, defaulting to interlaced_flag = 0
02-21 16:17:50.234  1886 27030 W qdgralloc: getInterlacedFlag: getMetaData returned -22, defaulting to interlaced_flag = 0
02-21 16:17:50.241 26985 27024 I MediaCodec: [0xb4000074a68ce330] dequeue 13 output frames in last 1077 ms, latest timeUs 533774171366, flags 0
02-21 16:17:50.305 27232 31591 D TopicsRepository: ≡ƒÆ╛ Saved 4 topics to persistent cache
02-21 16:17:50.317  1886 27030 W qdgralloc: getInterlacedFlag: getMetaData returned -22, defaulting to interlaced_flag = 0
02-21 16:17:50.317  1886 27030 W qdgralloc: getInterlacedFlag: getMetaData returned -22, defaulting to interlaced_flag = 0
02-21 16:17:50.399  1886 27030 W qdgralloc: getInterlacedFlag: getMetaData returned -22, defaulting to interlaced_flag = 0
02-21 16:17:50.400  1886 27030 W qdgralloc: getInterlacedFlag: getMetaData returned -22, defaulting to interlaced_flag = 0
02-21 16:17:50.451  2994  3628 D WifiStaIfaceHidlImpl: getCachedScanData is not implemented by HIDL
02-21 16:17:50.454  2994  9813 I MotoWifiScorer: onWifiUsabilityStats, seqNum: 83453, isSameBssidAndFreq: true, RSSI: -59, isThroughputSufficient: true, LinkSpeed: 216 Mbps, RxLinkSpeed: 108 Mbps
02-21 16:17:50.454  2994  9813 I MotoWifiScorer: updateWifiUsabilityStats, seqNum: 83453, RSSI: -59, isThroughputSufficient: true, LinkSpeed: 216 Mbps, RxLinkSpeed: 108 Mbps
02-21 16:17:50.454  2994  9813 I MotoWifiScorer: updateWifiUsabilityStats, Duration: 3021, Rx Good: 3, Tx Good: 2, Tx Bad: 0 ( 0 % ), Tx Retry: 0 ( 0 % )
02-21 16:17:50.454  2994  9813 I MotoWifiScorer: onWifiUsabilityStats, FinalScore: 60, RssiBasedScore: 60, LinkBonus: 0, TcpBonus: 0
02-21 16:17:50.456  2994  9813 I MotoWifiScorer: onWifiUsabilityStats, WiFi Usable: true
02-21 16:17:50.458  2994  3641 D ConnectivityService: NetReassign [no changes] [c 1] [a 0] [i 1]
02-21 16:17:50.482  1886 27030 W qdgralloc: getInterlacedFlag: getMetaData returned -22, defaulting to interlaced_flag = 0
02-21 16:17:50.482  1886 27030 W qdgralloc: getInterlacedFlag: getMetaData returned -22, defaulting to interlaced_flag = 0
02-21 16:17:50.565  1886 27030 W qdgralloc: getInterlacedFlag: getMetaData returned -22, defaulting to interlaced_flag = 0
02-21 16:17:50.565  1886 27030 W qdgralloc: getInterlacedFlag: getMetaData returned -22, defaulting to interlaced_flag = 0
02-21 16:17:50.648  1886 27030 W qdgralloc: getInterlacedFlag: getMetaData returned -22, defaulting to interlaced_flag = 0
02-21 16:17:50.648  1886 27030 W qdgralloc: getInterlacedFlag: getMetaData returned -22, defaulting to interlaced_flag = 0
02-21 16:17:50.730  1886 27030 W qdgralloc: getInterlacedFlag: getMetaData returned -22, defaulting to interlaced_flag = 0
02-21 16:17:50.730  1886 27030 W qdgralloc: getInterlacedFlag: getMetaData returned -22, defaulting to interlaced_flag = 0
02-21 16:17:50.813  1886 27030 W qdgralloc: getInterlacedFlag: getMetaData returned -22, defaulting to interlaced_flag = 0
02-21 16:17:50.813  1886 27030 W qdgralloc: getInterlacedFlag: getMetaData returned -22, defaulting to interlaced_flag = 0
02-21 16:17:50.896  1886 27030 W qdgralloc: getInterlacedFlag: getMetaData returned -22, defaulting to interlaced_flag = 0
02-21 16:17:50.896  1886 27030 W qdgralloc: getInterlacedFlag: getMetaData returned -22, defaulting to interlaced_flag = 0
02-21 16:17:50.979  1886 27030 W qdgralloc: getInterlacedFlag: getMetaData returned -22, defaulting to interlaced_flag = 0
02-21 16:17:50.979  1886 27030 W qdgralloc: getInterlacedFlag: getMetaData returned -22, defaulting to interlaced_flag = 0
02-21 16:17:51.062  1886 27030 W qdgralloc: getInterlacedFlag: getMetaData returned -22, defaulting to interlaced_flag = 0
02-21 16:17:51.062  1886 27030 W qdgralloc: getInterlacedFlag: getMetaData returned -22, defaulting to interlaced_flag = 0
02-21 16:17:51.145  1886 27030 W qdgralloc: getInterlacedFlag: getMetaData returned -22, defaulting to interlaced_flag = 0
02-21 16:17:51.146  1886 27030 W qdgralloc: getInterlacedFlag: getMetaData returned -22, defaulting to interlaced_flag = 0
02-21 16:17:51.227  1886 27030 W qdgralloc: getInterlacedFlag: getMetaData returned -22, defaulting to interlaced_flag = 0
02-21 16:17:51.228  1886 27030 W qdgralloc: getInterlacedFlag: getMetaData returned -22, defaulting to interlaced_flag = 0
02-21 16:17:51.310  1886 27030 W qdgralloc: getInterlacedFlag: getMetaData returned -22, defaulting to interlaced_flag = 0
02-21 16:17:51.311  1886 27030 W qdgralloc: getInterlacedFlag: getMetaData returned -22, defaulting to interlaced_flag = 0
02-21 16:17:51.319 26985 27024 I MediaCodec: [0xb4000074a68ce330] dequeue 13 output frames in last 1078 ms, latest timeUs 533775248401, flags 0
02-21 16:17:51.393  1886 27030 W qdgralloc: getInterlacedFlag: getMetaData returned -22, defaulting to interlaced_flag = 0
02-21 16:17:51.394  1886 27030 W qdgralloc: getInterlacedFlag: getMetaData returned -22, defaulting to interlaced_flag = 0
02-21 16:17:51.475  1886 27030 W qdgralloc: getInterlacedFlag: getMetaData returned -22, defaulting to interlaced_flag = 0
02-21 16:17:51.476  1886 27030 W qdgralloc: getInterlacedFlag: getMetaData returned -22, defaulting to interlaced_flag = 0
02-21 16:17:51.558  1886 27030 W qdgralloc: getInterlacedFlag: getMetaData returned -22, defaulting to interlaced_flag = 0
02-21 16:17:51.559  1886 27030 W qdgralloc: getInterlacedFlag: getMetaData returned -22, defaulting to interlaced_flag = 0
02-21 16:17:51.641  1886 27030 W qdgralloc: getInterlacedFlag: getMetaData returned -22, defaulting to interlaced_flag = 0
02-21 16:17:51.642  1886 27030 W qdgralloc: getInterlacedFlag: getMetaData returned -22, defaulting to interlaced_flag = 0
02-21 16:17:51.724  1886 27030 W qdgralloc: getInterlacedFlag: getMetaData returned -22, defaulting to interlaced_flag = 0
02-21 16:17:51.725  1886 27030 W qdgralloc: getInterlacedFlag: getMetaData returned -22, defaulting to interlaced_flag = 0
02-21 16:17:51.807  1886 27030 W qdgralloc: getInterlacedFlag: getMetaData returned -22, defaulting to interlaced_flag = 0
02-21 16:17:51.808  1886 27030 W qdgralloc: getInterlacedFlag: getMetaData returned -22, defaulting to interlaced_flag = 0
02-21 16:17:51.890  1886 27030 W qdgralloc: getInterlacedFlag: getMetaData returned -22, defaulting to interlaced_flag = 0
02-21 16:17:51.891  1886 27030 W qdgralloc: getInterlacedFlag: getMetaData returned -22, defaulting to interlaced_flag = 0
02-21 16:17:51.973  1886 27030 W qdgralloc: getInterlacedFlag: getMetaData returned -22, defaulting to interlaced_flag = 0
02-21 16:17:51.974  1886 27030 W qdgralloc: getInterlacedFlag: getMetaData returned -22, defaulting to interlaced_flag = 0
02-21 16:17:52.004  1886 27030 I QC2Comp : [avcE_2856] Stats: Pending(0) i/p-done(0) Works: Q: 60107/Done 60107|Work-Rate: Q(12.0/s Avg=44.7/s) Done(12.199/s Avg=44.664/s)| Stream: 12.08fps 53.2Kbps
02-21 16:17:52.004  1886 27030 I QC2Comp : [avcE_2856] Mem-usage:  [In-2D: 6 bufs 10.594 MB] [2D-Conv-5194: 17 bufs 13.016 MB] [1D-5193: 18 bufs 5.484 MB] [1D-5195: 7 bufs 0.109 MB] | Total: 29.203 MB
02-21 16:17:52.055  1886 27030 W qdgralloc: getInterlacedFlag: getMetaData returned -22, defaulting to interlaced_flag = 0
02-21 16:17:52.056  1886 27030 W qdgralloc: getInterlacedFlag: getMetaData returned -22, defaulting to interlaced_flag = 0
02-21 16:17:52.138  1886 27030 W qdgralloc: getInterlacedFlag: getMetaData returned -22, defaulting to interlaced_flag = 0
02-21 16:17:52.139  1886 27030 W qdgralloc: getInterlacedFlag: getMetaData returned -22, defaulting to interlaced_flag = 0
02-21 16:17:52.221  1886 27030 W qdgralloc: getInterlacedFlag: getMetaData returned -22, defaulting to interlaced_flag = 0
02-21 16:17:52.222  1886 27030 W qdgralloc: getInterlacedFlag: getMetaData returned -22, defaulting to interlaced_flag = 0
02-21 16:17:52.306  1886 27030 W qdgralloc: getInterlacedFlag: getMetaData returned -22, defaulting to interlaced_flag = 0
02-21 16:17:52.306  1886 27030 W qdgralloc: getInterlacedFlag: getMetaData returned -22, defaulting to interlaced_flag = 0
02-21 16:17:52.387  1886 27030 W qdgralloc: getInterlacedFlag: getMetaData returned -22, defaulting to interlaced_flag = 0
02-21 16:17:52.388  1886 27030 W qdgralloc: getInterlacedFlag: getMetaData returned -22, defaulting to interlaced_flag = 0
02-21 16:17:52.395 26985 27024 I MediaCodec: [0xb4000074a68ce330] dequeue 13 output frames in last 1075 ms, latest timeUs 533776325507, flags 0
02-21 16:17:52.470  1886 27030 W qdgralloc: getInterlacedFlag: getMetaData returned -22, defaulting to interlaced_flag = 0
02-21 16:17:52.470  1886 27030 W qdgralloc: getInterlacedFlag: getMetaData returned -22, defaulting to interlaced_flag = 0
02-21 16:17:52.553  1886 27030 W qdgralloc: getInterlacedFlag: getMetaData returned -22, defaulting to interlaced_flag = 0
02-21 16:17:52.553  1886 27030 W qdgralloc: getInterlacedFlag: getMetaData returned -22, defaulting to interlaced_flag = 0
02-21 16:17:52.635  1886 27030 W qdgralloc: getInterlacedFlag: getMetaData returned -22, defaulting to interlaced_flag = 0
02-21 16:17:52.636  1886 27030 W qdgralloc: getInterlacedFlag: getMetaData returned -22, defaulting to interlaced_flag = 0
02-21 16:17:52.719  1886 27030 W qdgralloc: getInterlacedFlag: getMetaData returned -22, defaulting to interlaced_flag = 0
02-21 16:17:52.720  1886 27030 W qdgralloc: getInterlacedFlag: getMetaData returned -22, defaulting to interlaced_flag = 0
02-21 16:17:52.726  1886 27059 D BufferPoolAccessor2.0: bufferpool2 0xb400007bca18db68 : 6(1916928 size) total buffers - 5(1597440 size) used buffers - 60102/60120 (recycle/alloc) - 251/60115 (fetch/transfer)
02-21 16:17:52.802  1886 27030 W qdgralloc: getInterlacedFlag: getMetaData returned -22, defaulting to interlaced_flag = 0
02-21 16:17:52.803  1886 27030 W qdgralloc: getInterlacedFlag: getMetaData returned -22, defaulting to interlaced_flag = 0
02-21 16:17:52.884  1886 27030 W qdgralloc: getInterlacedFlag: getMetaData returned -22, defaulting to interlaced_flag = 0
02-21 16:17:52.885  1886 27030 W qdgralloc: getInterlacedFlag: getMetaData returned -22, defaulting to interlaced_flag = 0
02-21 16:17:52.908  3391  3393 I android.hardware.thermal@2.0-service.qti-v2: Sensor Name:skin1 temp: 37.701. prev severity:3. cur severity:0 New severity:0
02-21 16:17:52.967  1886 27030 W qdgralloc: getInterlacedFlag: getMetaData returned -22, defaulting to interlaced_flag = 0
02-21 16:17:52.968  1886 27030 W qdgralloc: getInterlacedFlag: getMetaData returned -22, defaulting to interlaced_flag = 0
02-21 16:17:52.991 26985 27023 D BufferPoolAccessor2.0: bufferpool2 0xb4000074968a5568 : 5(19200 size) total buffers - 4(15360 size) used buffers - 67324/67329 (recycle/alloc) - 205/134649 (fetch/transfer)
02-21 16:17:53.050  1886 27030 W qdgralloc: getInterlacedFlag: getMetaData returned -22, defaulting to interlaced_flag = 0
02-21 16:17:53.051  1886 27030 W qdgralloc: getInterlacedFlag: getMetaData returned -22, defaulting to interlaced_flag = 0
02-21 16:17:53.052 12040 12100 I Finsky:background: [147] Stats for Executor: bgExecutor uww@b21cfe6[Running, pool size = 4, active threads = 0, queued tasks = 0, completed tasks = 795]
02-21 16:17:53.052 12040 12100 I Finsky:background: [147] Stats for Executor: LightweightExecutor uww@ca1c927[Running, pool size = 4, active threads = 0, queued tasks = 0, completed tasks = 333]
02-21 16:17:53.052 12040 12100 I Finsky:background: [147] Stats for Executor: BlockingExecutor uww@756b7d4[Running, pool size = 0, active threads = 0, queued tasks = 0, completed tasks = 747]
02-21 16:17:53.133  1886 27030 W qdgralloc: getInterlacedFlag: getMetaData returned -22, defaulting to interlaced_flag = 0
02-21 16:17:53.134  1886 27030 W qdgralloc: getInterlacedFlag: getMetaData returned -22, defaulting to interlaced_flag = 0
02-21 16:17:53.141  2428 27031 D BufferPoolAccessor2.0: bufferpool2 0xb40000748c1325e8 : 2(6000 size) total buffers - 1(3000 size) used buffers - 67319/67334 (recycle/alloc) - 16/67332 (fetch/transfer)
02-21 16:17:53.216  1886 27030 W qdgralloc: getInterlacedFlag: getMetaData returned -22, defaulting to interlaced_flag = 0
02-21 16:17:53.217  1886 27030 W qdgralloc: getInterlacedFlag: getMetaData returned -22, defaulting to interlaced_flag = 0
02-21 16:17:53.299  1886 27030 W qdgralloc: getInterlacedFlag: getMetaData returned -22, defaulting to interlaced_flag = 0
02-21 16:17:53.300  1886 27030 W qdgralloc: getInterlacedFlag: getMetaData returned -22, defaulting to interlaced_flag = 0
02-21 16:17:53.381  1886 27030 W qdgralloc: getInterlacedFlag: getMetaData returned -22, defaulting to interlaced_flag = 0
02-21 16:17:53.382  1886 27030 W qdgralloc: getInterlacedFlag: getMetaData returned -22, defaulting to interlaced_flag = 0
02-21 16:17:53.464  1886 27030 W qdgralloc: getInterlacedFlag: getMetaData returned -22, defaulting to interlaced_flag = 0
02-21 16:17:53.465  1886 27030 W qdgralloc: getInterlacedFlag: getMetaData returned -22, defaulting to interlaced_flag = 0
02-21 16:17:53.471 26985 27024 I MediaCodec: [0xb4000074a68ce330] dequeue 13 output frames in last 1076 ms, latest timeUs 533777402914, flags 0
02-21 16:17:53.487  2994  3628 D WifiStaIfaceHidlImpl: getCachedScanData is not implemented by HIDL
02-21 16:17:53.489  2994  9813 I MotoWifiScorer: onWifiUsabilityStats, seqNum: 83454, isSameBssidAndFreq: true, RSSI: -59, isThroughputSufficient: true, LinkSpeed: 216 Mbps, RxLinkSpeed: 108 Mbps
02-21 16:17:53.490  2994  9813 I MotoWifiScorer: updateWifiUsabilityStats, seqNum: 83454, RSSI: -59, isThroughputSufficient: true, LinkSpeed: 216 Mbps, RxLinkSpeed: 108 Mbps
02-21 16:17:53.490  2994  9813 I MotoWifiScorer: updateWifiUsabilityStats, Duration: 3036, Rx Good: 4, Tx Good: 4, Tx Bad: 0 ( 0 % ), Tx Retry: 2 ( 33 % )
02-21 16:17:53.490  2994  9813 I MotoWifiScorer: onWifiUsabilityStats, FinalScore: 60, RssiBasedScore: 60, LinkBonus: 0, TcpBonus: 0
02-21 16:17:53.492  2994  9813 I MotoWifiScorer: onWifiUsabilityStats, WiFi Usable: true
02-21 16:17:53.494  2994  3641 D ConnectivityService: NetReassign [no changes] [c 0] [a 0] [i 1]
02-21 16:17:53.547  1886 27030 W qdgralloc: getInterlacedFlag: getMetaData returned -22, defaulting to interlaced_flag = 0
02-21 16:17:53.548  1886 27030 W qdgralloc: getInterlacedFlag: getMetaData returned -22, defaulting to interlaced_flag = 0
02-21 16:17:53.630  1886 27030 W qdgralloc: getInterlacedFlag: getMetaData returned -22, defaulting to interlaced_flag = 0
02-21 16:17:53.631  1886 27030 W qdgralloc: getInterlacedFlag: getMetaData returned -22, defaulting to interlaced_flag = 0
02-21 16:17:53.713  1886 27030 W qdgralloc: getInterlacedFlag: getMetaData returned -22, defaulting to interlaced_flag = 0
02-21 16:17:53.714  1886 27030 W qdgralloc: getInterlacedFlag: getMetaData returned -22, defaulting to interlaced_flag = 0
02-21 16:17:53.796  1886 27030 W qdgralloc: getInterlacedFlag: getMetaData returned -22, defaulting to interlaced_flag = 0
02-21 16:17:53.796  1886 27030 W qdgralloc: getInterlacedFlag: getMetaData returned -22, defaulting to interlaced_flag = 0
02-21 16:17:53.879  1886 27030 W qdgralloc: getInterlacedFlag: getMetaData returned -22, defaulting to interlaced_flag = 0
02-21 16:17:53.879  1886 27030 W qdgralloc: getInterlacedFlag: getMetaData returned -22, defaulting to interlaced_flag = 0
02-21 16:17:53.961  1886 27030 W qdgralloc: getInterlacedFlag: getMetaData returned -22, defaulting to interlaced_flag = 0
02-21 16:17:53.962  1886 27030 W qdgralloc: getInterlacedFlag: getMetaData returned -22, defaulting to interlaced_flag = 0
02-21 16:17:54.045  1886 27030 W qdgralloc: getInterlacedFlag: getMetaData returned -22, defaulting to interlaced_flag = 0
02-21 16:17:54.045  1886 27030 W qdgralloc: getInterlacedFlag: getMetaData returned -22, defaulting to interlaced_flag = 0
02-21 16:17:54.128  1886 27030 W qdgralloc: getInterlacedFlag: getMetaData returned -22, defaulting to interlaced_flag = 0
02-21 16:17:54.128  1886 27030 W qdgralloc: getInterlacedFlag: getMetaData returned -22, defaulting to interlaced_flag = 0
02-21 16:17:54.210  1886 27030 W qdgralloc: getInterlacedFlag: getMetaData returned -22, defaulting to interlaced_flag = 0
02-21 16:17:54.210  1886 27030 W qdgralloc: getInterlacedFlag: getMetaData returned -22, defaulting to interlaced_flag = 0
02-21 16:17:54.293  1886 27030 W qdgralloc: getInterlacedFlag: getMetaData returned -22, defaulting to interlaced_flag = 0
02-21 16:17:54.294  1886 27030 W qdgralloc: getInterlacedFlag: getMetaData returned -22, defaulting to interlaced_flag = 0
02-21 16:17:54.375  1886 27030 W qdgralloc: getInterlacedFlag: getMetaData returned -22, defaulting to interlaced_flag = 0
02-21 16:17:54.376  1886 27030 W qdgralloc: getInterlacedFlag: getMetaData returned -22, defaulting to interlaced_flag = 0
02-21 16:17:54.459  1886 27030 W qdgralloc: getInterlacedFlag: getMetaData returned -22, defaulting to interlaced_flag = 0
02-21 16:17:54.459  1886 27030 W qdgralloc: getInterlacedFlag: getMetaData returned -22, defaulting to interlaced_flag = 0
02-21 16:17:54.542  1886 27030 W qdgralloc: getInterlacedFlag: getMetaData returned -22, defaulting to interlaced_flag = 0
02-21 16:17:54.542  1886 27030 W qdgralloc: getInterlacedFlag: getMetaData returned -22, defaulting to interlaced_flag = 0
02-21 16:17:54.549 26985 27024 I MediaCodec: [0xb4000074a68ce330] dequeue 13 output frames in last 1077 ms, latest timeUs 533778479869, flags 0
02-21 16:17:54.625  1886 27030 W qdgralloc: getInterlacedFlag: getMetaData returned -22, defaulting to interlaced_flag = 0
02-21 16:17:54.625  1886 27030 W qdgralloc: getInterlacedFlag: getMetaData returned -22, defaulting to interlaced_flag = 0
02-21 16:17:54.707  1886 27030 W qdgralloc: getInterlacedFlag: getMetaData returned -22, defaulting to interlaced_flag = 0
02-21 16:17:54.707  1886 27030 W qdgralloc: getInterlacedFlag: getMetaData returned -22, defaulting to interlaced_flag = 0
02-21 16:17:54.789  1886 27030 D BufferPoolAccessor2.0: bufferpool2 0xb400007bca16b758 : 4(1703936 size) total buffers - 1(425984 size) used buffers - 60124/60141 (recycle/alloc) - 0/0 (fetch/transfer)
02-21 16:17:54.790  1886 27030 W qdgralloc: getInterlacedFlag: getMetaData returned -22, defaulting to interlaced_flag = 0
02-21 16:17:54.790  1886 27030 W qdgralloc: getInterlacedFlag: getMetaData returned -22, defaulting to interlaced_flag = 0
02-21 16:17:54.873  1886 27030 W qdgralloc: getInterlacedFlag: getMetaData returned -22, defaulting to interlaced_flag = 0
02-21 16:17:54.874  1886 27030 W qdgralloc: getInterlacedFlag: getMetaData returned -22, defaulting to interlaced_flag = 0
02-21 16:17:54.956  1886 27030 W qdgralloc: getInterlacedFlag: getMetaData returned -22, defaulting to interlaced_flag = 0
02-21 16:17:54.956  1886 27030 W qdgralloc: getInterlacedFlag: getMetaData returned -22, defaulting to interlaced_flag = 0
02-21 16:17:55.038  1886 27030 W qdgralloc: getInterlacedFlag: getMetaData returned -22, defaulting to interlaced_flag = 0
02-21 16:17:55.039  1886 27030 W qdgralloc: getInterlacedFlag: getMetaData returned -22, defaulting to interlaced_flag = 0
02-21 16:17:55.122  1886 27030 W qdgralloc: getInterlacedFlag: getMetaData returned -22, defaulting to interlaced_flag = 0
02-21 16:17:55.122  1886 27030 W qdgralloc: getInterlacedFlag: getMetaData returned -22, defaulting to interlaced_flag = 0
02-21 16:17:55.204  1886 27030 W qdgralloc: getInterlacedFlag: getMetaData returned -22, defaulting to interlaced_flag = 0
02-21 16:17:55.205  1886 27030 W qdgralloc: getInterlacedFlag: getMetaData returned -22, defaulting to interlaced_flag = 0
02-21 16:17:55.287  1886 27030 W qdgralloc: getInterlacedFlag: getMetaData returned -22, defaulting to interlaced_flag = 0
02-21 16:17:55.287  1886 27030 W qdgralloc: getInterlacedFlag: getMetaData returned -22, defaulting to interlaced_flag = 0
02-21 16:17:55.370  1886 27030 W qdgralloc: getInterlacedFlag: getMetaData returned -22, defaulting to interlaced_flag = 0
02-21 16:17:55.370  1886 27030 W qdgralloc: getInterlacedFlag: getMetaData returned -22, defaulting to interlaced_flag = 0
02-21 16:17:55.453  1886 27030 W qdgralloc: getInterlacedFlag: getMetaData returned -22, defaulting to interlaced_flag = 0
02-21 16:17:55.454  1886 27030 W qdgralloc: getInterlacedFlag: getMetaData returned -22, defaulting to interlaced_flag = 0
02-21 16:17:55.536  1886 27030 W qdgralloc: getInterlacedFlag: getMetaData returned -22, defaulting to interlaced_flag = 0
02-21 16:17:55.537  1886 27030 W qdgralloc: getInterlacedFlag: getMetaData returned -22, defaulting to interlaced_flag = 0
02-21 16:17:55.618  1886 27030 W qdgralloc: getInterlacedFlag: getMetaData returned -22, defaulting to interlaced_flag = 0
02-21 16:17:55.619  1886 27030 W qdgralloc: getInterlacedFlag: getMetaData returned -22, defaulting to interlaced_flag = 0
02-21 16:17:55.626 26985 27024 I MediaCodec: [0xb4000074a68ce330] dequeue 13 output frames in last 1076 ms, latest timeUs 533779556876, flags 0
02-21 16:17:55.701  1886 27030 W qdgralloc: getInterlacedFlag: getMetaData returned -22, defaulting to interlaced_flag = 0
02-21 16:17:55.702  1886 27030 W qdgralloc: getInterlacedFlag: getMetaData returned -22, defaulting to interlaced_flag = 0
02-21 16:17:55.784  1886 27030 W qdgralloc: getInterlacedFlag: getMetaData returned -22, defaulting to interlaced_flag = 0
02-21 16:17:55.785  1886 27030 W qdgralloc: getInterlacedFlag: getMetaData returned -22, defaulting to interlaced_flag = 0
02-21 16:17:55.867  1886 27030 W qdgralloc: getInterlacedFlag: getMetaData returned -22, defaulting to interlaced_flag = 0
02-21 16:17:55.868  1886 27030 W qdgralloc: getInterlacedFlag: getMetaData returned -22, defaulting to interlaced_flag = 0
02-21 16:17:55.950  1886 27030 W qdgralloc: getInterlacedFlag: getMetaData returned -22, defaulting to interlaced_flag = 0
02-21 16:17:55.950  1886 27030 W qdgralloc: getInterlacedFlag: getMetaData returned -22, defaulting to interlaced_flag = 0
02-21 16:17:56.034  1886 27030 W qdgralloc: getInterlacedFlag: getMetaData returned -22, defaulting to interlaced_flag = 0
02-21 16:17:56.034  1886 27030 W qdgralloc: getInterlacedFlag: getMetaData returned -22, defaulting to interlaced_flag = 0
02-21 16:17:56.116  1886 27030 W qdgralloc: getInterlacedFlag: getMetaData returned -22, defaulting to interlaced_flag = 0
02-21 16:17:56.117  1886 27030 W qdgralloc: getInterlacedFlag: getMetaData returned -22, defaulting to interlaced_flag = 0
02-21 16:17:56.199  1886 27030 W qdgralloc: getInterlacedFlag: getMetaData returned -22, defaulting to interlaced_flag = 0
02-21 16:17:56.200  1886 27030 W qdgralloc: getInterlacedFlag: getMetaData returned -22, defaulting to interlaced_flag = 0
02-21 16:17:56.282  1886 27030 W qdgralloc: getInterlacedFlag: getMetaData returned -22, defaulting to interlaced_flag = 0
02-21 16:17:56.283  1886 27030 W qdgralloc: getInterlacedFlag: getMetaData returned -22, defaulting to interlaced_flag = 0
02-21 16:17:56.365  1886 27030 W qdgralloc: getInterlacedFlag: getMetaData returned -22, defaulting to interlaced_flag = 0
02-21 16:17:56.365  1886 27030 W qdgralloc: getInterlacedFlag: getMetaData returned -22, defaulting to interlaced_flag = 0
02-21 16:17:56.447  1886 27030 W qdgralloc: getInterlacedFlag: getMetaData returned -22, defaulting to interlaced_flag = 0
02-21 16:17:56.448  1886 27030 W qdgralloc: getInterlacedFlag: getMetaData returned -22, defaulting to interlaced_flag = 0
02-21 16:17:56.524  2994  3628 D WifiStaIfaceHidlImpl: getCachedScanData is not implemented by HIDL
02-21 16:17:56.526  2994  9813 I MotoWifiScorer: onWifiUsabilityStats, seqNum: 83455, isSameBssidAndFreq: true, RSSI: -63, isThroughputSufficient: true, LinkSpeed: 216 Mbps, RxLinkSpeed: 108 Mbps
02-21 16:17:56.526  2994  9813 I MotoWifiScorer: updateWifiUsabilityStats, seqNum: 83455, RSSI: -63, isThroughputSufficient: true, LinkSpeed: 216 Mbps, RxLinkSpeed: 108 Mbps
02-21 16:17:56.526  2994  9813 I MotoWifiScorer: updateWifiUsabilityStats, Duration: 3037, Rx Good: 0, Tx Good: 0, Tx Bad: 0 ( 0 % ), Tx Retry: 0 ( 0 % )
02-21 16:17:56.526  2994  9813 I MotoWifiScorer: onWifiUsabilityStats, FinalScore: 60, RssiBasedScore: 60, LinkBonus: 0, TcpBonus: 0
02-21 16:17:56.528  2994  9813 I MotoWifiScorer: onWifiUsabilityStats, WiFi Usable: true
02-21 16:17:56.530  1886 27030 W qdgralloc: getInterlacedFlag: getMetaData returned -22, defaulting to interlaced_flag = 0
02-21 16:17:56.531  1886 27030 W qdgralloc: getInterlacedFlag: getMetaData returned -22, defaulting to interlaced_flag = 0
02-21 16:17:56.534  2994  3641 D ConnectivityService: NetReassign [no changes] [c 1] [a 0] [i 1]
02-21 16:17:56.610  1886 27030 W qdgralloc: getInterlacedFlag: getMetaData returned -22, defaulting to interlaced_flag = 0
02-21 16:17:56.611  1886 27030 W qdgralloc: getInterlacedFlag: getMetaData returned -22, defaulting to interlaced_flag = 0
02-21 16:17:56.666  2994  3016 I system_server: Background young concurrent mark compact GC freed 94MB AllocSpace bytes, 67(1328KB) LOS objects, 54% free, 78MB/174MB, paused 976us,6.987ms total 136.436ms
02-21 16:17:56.693  1886 27030 W qdgralloc: getInterlacedFlag: getMetaData returned -22, defaulting to interlaced_flag = 0
02-21 16:17:56.693  1886 27030 W qdgralloc: getInterlacedFlag: getMetaData returned -22, defaulting to interlaced_flag = 0
02-21 16:17:56.700 26985 27024 I MediaCodec: [0xb4000074a68ce330] dequeue 13 output frames in last 1073 ms, latest timeUs 533780631955, flags 0
02-21 16:17:56.779  1886 27030 W qdgralloc: getInterlacedFlag: getMetaData returned -22, defaulting to interlaced_flag = 0
02-21 16:17:56.780  1886 27030 W qdgralloc: getInterlacedFlag: getMetaData returned -22, defaulting to interlaced_flag = 0
02-21 16:17:56.862  1886 27030 W qdgralloc: getInterlacedFlag: getMetaData returned -22, defaulting to interlaced_flag = 0
02-21 16:17:56.862  1886 27030 W qdgralloc: getInterlacedFlag: getMetaData returned -22, defaulting to interlaced_flag = 0
02-21 16:17:56.945  1886 27030 W qdgralloc: getInterlacedFlag: getMetaData returned -22, defaulting to interlaced_flag = 0
02-21 16:17:56.946  1886 27030 W qdgralloc: getInterlacedFlag: getMetaData returned -22, defaulting to interlaced_flag = 0
02-21 16:17:57.005  1886 27030 I QC2Comp : [avcE_2856] Stats: Pending(0) i/p-done(0) Works: Q: 60167/Done 60167|Work-Rate: Q(12.0/s Avg=44.5/s) Done(11.999/s Avg=44.543/s)| Stream: 12.08fps 52.7Kbps
02-21 16:17:57.005  1886 27030 I QC2Comp : [avcE_2856] Mem-usage:  [In-2D: 6 bufs 10.594 MB] [2D-Conv-5194: 17 bufs 13.016 MB] [1D-5193: 18 bufs 5.484 MB] [1D-5195: 7 bufs 0.109 MB] | Total: 29.203 MB
02-21 16:17:57.028  1886 27030 W qdgralloc: getInterlacedFlag: getMetaData returned -22, defaulting to interlaced_flag = 0
